ets Jun  8 2016 00:22:57

rst:0x1 (POWERON_RESET),boot:0x13 (SPI_FAST_FLASH_BOOT)
configsip: 0, SPIWP:0xee
clk_drv:0x00,q_drv:0x00,d_drv:0x00,cs0_drv:0x00,hd_drv:0x00,wp_drv:0x00
mode:DIO, clock div:2
load:0x3fff0030,len:7280
load:0x40078000,len:15892
ho 0 tail 12 room 4
load:0x40080400,len:4
load:0x40080404,len:3880
entry 0x4008064c
[0;32mI (30) boot: ESP-IDF v5.1.1 2nd stage bootloader[0m
[0;32mI (30) boot: compile time Oct 30 2023 14:20:37[0m
[0;32mI (30) boot: Multicore bootloader[0m
[0;32mI (35) boot: chip revision: v1.0[0m
[0;32mI (38) boot.esp32: SPI Speed      : 40MHz[0m
[0;32mI (43) boot.esp32: SPI Mode       : DIO[0m
[0;32mI (47) boot.esp32: SPI Flash Size : 4MB[0m
[0;32mI (52) boot: Enabling RNG early entropy source...[0m
[0;32mI (57) boot: Partition Table:[0m
[0;32mI (61) boot: ## Label            Usage          Type ST Offset   Length[0m
[0;32mI (68) boot:  0 nvs              WiFi data        01 02 00009000 00006000[0m
[0;32mI (76) boot:  1 phy_init         RF data          01 01 0000f000 00001000[0m
[0;32mI (83) boot:  2 factory          factory app      00 00 00010000 00100000[0m
[0;32mI (91) boot: End of partition table[0m
[0;32mI (95) esp_image: segment 0: paddr=00010020 vaddr=3f400020 size=20170h (131440) map[0m
[0;32mI (151) esp_image: segment 1: paddr=00030198 vaddr=3ff80063 size=00008h (     8) load[0m
[0;32mI (151) esp_image: segment 2: paddr=000301a8 vaddr=3ffb0000 size=03760h ( 14176) load[0m
[0;32mI (162) esp_image: segment 3: paddr=00033910 vaddr=40080000 size=0c708h ( 50952) load[0m
[0;32mI (186) esp_image: segment 4: paddr=00040020 vaddr=400d0020 size=7ced4h (511700) map[0m
[0;32mI (371) esp_image: segment 5: paddr=000bcefc vaddr=4008c708 size=0a03ch ( 41020) load[0m
[0;32mI (389) esp_image: segment 6: paddr=000c6f40 vaddr=400c0000 size=00064h (   100) load[0m
[0;32mI (400) boot: Loaded app from partition at offset 0x10000[0m
[0;32mI (400) boot: Disabling RNG early entropy source...[0m
[0;32mI (412) cpu_start: Multicore app[0m
[0;32mI (412) cpu_start: Pro cpu up.[0m
[0;32mI (412) cpu_start: Starting app cpu, entry point is 0x40081504[0m
[0;32mI (0) cpu_start: App cpu up.[0m
[0;32mI (430) cpu_start: Pro cpu start user code[0m
[0;32mI (430) cpu_start: cpu freq: 160000000 Hz[0m
[0;32mI (430) cpu_start: Application information:[0m
[0;32mI (435) cpu_start: Project name:     espnow_example[0m
[0;32mI (440) cpu_start: App version:      1[0m
[0;32mI (445) cpu_start: Compile time:     Oct 30 2023 21:24:43[0m
[0;32mI (451) cpu_start: ELF file SHA256:  4b3b8cf9e6541c6b...[0m
[0;32mI (457) cpu_start: ESP-IDF:          v5.1.1[0m
[0;32mI (462) cpu_start: Min chip rev:     v0.0[0m
[0;32mI (466) cpu_start: Max chip rev:     v3.99 [0m
[0;32mI (471) cpu_start: Chip rev:         v1.0[0m
[0;32mI (476) heap_init: Initializing. RAM available for dynamic allocation:[0m
[0;32mI (483) heap_init: At 3FFAE6E0 len 00001920 (6 KiB): DRAM[0m
[0;32mI (489) heap_init: At 3FFB7848 len 000287B8 (161 KiB): DRAM[0m
[0;32mI (496) heap_init: At 3FFE0440 len 00003AE0 (14 KiB): D/IRAM[0m
[0;32mI (502) heap_init: At 3FFE4350 len 0001BCB0 (111 KiB): D/IRAM[0m
[0;32mI (508) heap_init: At 40096744 len 000098BC (38 KiB): IRAM[0m
[0;32mI (516) spi_flash: detected chip: generic[0m
[0;32mI (519) spi_flash: flash io: dio[0m
[0;32mI (524) app_start: Starting scheduler on CPU0[0m
[0;32mI (528) app_start: Starting scheduler on CPU1[0m
[0;32mI (528) main_task: Started on CPU0[0m
[0;32mI (538) main_task: Calling app_main()[0m
[0;31mE (538) neighbor detection: Reset not triggert by deepsleep wakeup!!![0m
I (588) wifi:wifi driver task: 3ffbf520, prio:23, stack:6656, core=0
I (608) wifi:wifi firmware version: ce9244d
I (608) wifi:wifi certification version: v7.0
I (608) wifi:config NVS flash: enabled
I (608) wifi:config nano formating: disabled
I (608) wifi:Init data frame dynamic rx buffer num: 32
I (618) wifi:Init management frame dynamic rx buffer num: 32
I (618) wifi:Init management short buffer num: 32
I (628) wifi:Init dynamic tx buffer num: 32
I (628) wifi:Init static rx buffer size: 1600
I (628) wifi:Init static rx buffer num: 10
I (638) wifi:Init dynamic rx buffer num: 32
[0;32mI (638) wifi_init: rx ba win: 6[0m
[0;32mI (648) wifi_init: tcpip mbox: 32[0m
[0;32mI (648) wifi_init: udp mbox: 6[0m
[0;32mI (648) wifi_init: tcp mbox: 6[0m
[0;32mI (658) wifi_init: tcp tx win: 5744[0m
[0;32mI (658) wifi_init: tcp rx win: 5744[0m
[0;32mI (668) wifi_init: tcp mss: 1440[0m
[0;32mI (668) wifi_init: WiFi IRAM OP enabled[0m
[0;32mI (668) wifi_init: WiFi RX IRAM OP enabled[0m
[0;32mI (678) phy_init: phy_version 4670,719f9f6,Feb 18 2021,17:07:07[0m
I (788) wifi:mode : softAP (7c:9e:bd:65:b2:3d)
I (788) wifi:Total power save buffer number: 16
I (788) wifi:Init max length of beacon: 752/752
I (788) wifi:Init max length of beacon: 752/752
I (798) ESPNOW: espnow [version: 1.0] init
I (798) wifi:Set ps type: 0, coexist: 0

[0;32mI (798) neighbor detection: Starting broadcast discovery of peers[0m
[0;32mI (808) main_task: Returned from app_main()[0m
[0;33mW (1808) neighbor detection: last broadcast sent[0m
[0;31mE (3808) timing: No time exchanges took place[0m
I (3808) ESPNOW: espnow [version: 1.0] deinit
E (3808) wifi:NAN WiFi stop
I (3808) wifi:flush txq
I (3808) wifi:stop sw txq
I (3808) wifi:lmac stop hw txq
I (3818) wifi:Deinit lldesc rx mblock:10
ets Jun  8 2016 00:22:57

rst:0x5 (DEEPSLEEP_RESET),boot:0x13 (SPI_FAST_FLASH_BOOT)
configsip: 0, SPIWP:0xee
clk_drv:0x00,q_drv:0x00,d_drv:0x00,cs0_drv:0x00,hd_drv:0x00,wp_drv:0x00
mode:DIO, clock div:2
load:0x3fff0030,len:7280
load:0x40078000,len:15892
ho 0 tail 12 room 4
load:0x40080400,len:4
load:0x40080404,len:3880
entry 0x4008064c
[0;32mI (31) boot: ESP-IDF v5.1.1 2nd stage bootloader[0m
[0;32mI (31) boot: compile time Oct 30 2023 14:20:37[0m
[0;32mI (31) boot: Multicore bootloader[0m
[0;32mI (35) boot: chip revision: v1.0[0m
[0;32mI (39) boot.esp32: SPI Speed      : 40MHz[0m
[0;32mI (44) boot.esp32: SPI Mode       : DIO[0m
[0;32mI (48) boot.esp32: SPI Flash Size : 4MB[0m
[0;32mI (53) boot: Enabling RNG early entropy source...[0m
[0;32mI (58) esp_image: segment 0: paddr=00010020 vaddr=3f400020 size=20170h (131440) map[0m
[0;32mI (67) esp_image: segment 1: paddr=00030198 vaddr=3ff80063 size=00008h (     8) [0m
[0;32mI (75) esp_image: segment 2: paddr=000301a8 vaddr=3ffb0000 size=03760h ( 14176) load[0m
[0;32mI (85) esp_image: segment 3: paddr=00033910 vaddr=40080000 size=0c708h ( 50952) load[0m
[0;32mI (100) esp_image: segment 4: paddr=00040020 vaddr=400d0020 size=7ced4h (511700) map[0m
[0;32mI (100) esp_image: segment 5: paddr=000bcefc vaddr=4008c708 size=0a03ch ( 41020) load[0m
[0;32mI (115) esp_image: segment 6: paddr=000c6f40 vaddr=400c0000 size=00064h (   100) [0m
[0;32mI (117) boot: Fast booting app from partition at offset 0x10000[0m
[0;32mI (123) boot: Disabling RNG early entropy source...[0m
[0;32mI (140) cpu_start: Multicore app[0m
[0;32mI (140) cpu_start: Pro cpu up.[0m
[0;32mI (140) cpu_start: Starting app cpu, entry point is 0x40081504[0m
[0;32mI (0) cpu_start: App cpu up.[0m
[0;32mI (158) cpu_start: Pro cpu start user code[0m
[0;32mI (158) cpu_start: cpu freq: 160000000 Hz[0m
[0;32mI (158) cpu_start: Application information:[0m
[0;32mI (163) cpu_start: Project name:     espnow_example[0m
[0;32mI (169) cpu_start: App version:      1[0m
[0;32mI (173) cpu_start: Compile time:     Oct 30 2023 21:24:43[0m
[0;32mI (179) cpu_start: ELF file SHA256:  4b3b8cf9e6541c6b...[0m
[0;32mI (185) cpu_start: ESP-IDF:          v5.1.1[0m
[0;32mI (190) cpu_start: Min chip rev:     v0.0[0m
[0;32mI (195) cpu_start: Max chip rev:     v3.99 [0m
[0;32mI (200) cpu_start: Chip rev:         v1.0[0m
[0;32mI (204) heap_init: Initializing. RAM available for dynamic allocation:[0m
[0;32mI (212) heap_init: At 3FFAE6E0 len 00001920 (6 KiB): DRAM[0m
[0;32mI (218) heap_init: At 3FFB7848 len 000287B8 (161 KiB): DRAM[0m
[0;32mI (224) heap_init: At 3FFE0440 len 00003AE0 (14 KiB): D/IRAM[0m
[0;32mI (230) heap_init: At 3FFE4350 len 0001BCB0 (111 KiB): D/IRAM[0m
[0;32mI (237) heap_init: At 40096744 len 000098BC (38 KiB): IRAM[0m
[0;32mI (244) spi_flash: detected chip: generic[0m
[0;32mI (247) spi_flash: flash io: dio[0m
[0;32mI (252) app_start: Starting scheduler on CPU0[0m
[0;32mI (256) app_start: Starting scheduler on CPU1[0m
[0;32mI (256) main_task: Started on CPU0[0m
[0;32mI (266) main_task: Calling app_main()[0m
I (316) wifi:wifi driver task: 3ffbf470, prio:23, stack:6656, core=0
I (336) wifi:wifi firmware version: ce9244d
I (336) wifi:wifi certification version: v7.0
I (336) wifi:config NVS flash: enabled
I (336) wifi:config nano formating: disabled
I (336) wifi:Init data frame dynamic rx buffer num: 32
I (346) wifi:Init management frame dynamic rx buffer num: 32
I (346) wifi:Init management short buffer num: 32
I (356) wifi:Init dynamic tx buffer num: 32
I (356) wifi:Init static rx buffer size: 1600
I (356) wifi:Init static rx buffer num: 10
I (366) wifi:Init dynamic rx buffer num: 32
[0;32mI (366) wifi_init: rx ba win: 6[0m
[0;32mI (376) wifi_init: tcpip mbox: 32[0m
[0;32mI (376) wifi_init: udp mbox: 6[0m
[0;32mI (376) wifi_init: tcp mbox: 6[0m
[0;32mI (386) wifi_init: tcp tx win: 5744[0m
[0;32mI (386) wifi_init: tcp rx win: 5744[0m
[0;32mI (396) wifi_init: tcp mss: 1440[0m
[0;32mI (396) wifi_init: WiFi IRAM OP enabled[0m
[0;32mI (396) wifi_init: WiFi RX IRAM OP enabled[0m
[0;32mI (406) phy_init: phy_version 4670,719f9f6,Feb 18 2021,17:07:07[0m
I (426) wifi:mode : softAP (7c:9e:bd:65:b2:3d)
I (436) wifi:Total power save buffer number: 16
I (436) wifi:Init max length of beacon: 752/752
I (436) wifi:Init max length of beacon: 752/752
I (436) ESPNOW: espnow [version: 1.0] init
I (436) wifi:Set ps type: 0, coexist: 0

[0;32mI (446) neighbor detection: Starting broadcast discovery of peers[0m
[0;32mI (456) main_task: Returned from app_main()[0m
[0;33mW (1456) neighbor detection: last broadcast sent[0m
[0;31mE (3456) timing: No time exchanges took place[0m
I (3456) ESPNOW: espnow [version: 1.0] deinit
E (3456) wifi:NAN WiFi stop
I (3456) wifi:flush txq
I (3456) wifi:stop sw txq
I (3456) wifi:lmac stop hw txq
I (3466) wifi:Deinit lldesc rx mblock:10
ets Jun  8 2016 00:22:57

rst:0x5 (DEEPSLEEP_RESET),boot:0x13 (SPI_FAST_FLASH_BOOT)
configsip: 0, SPIWP:0xee
clk_drv:0x00,q_drv:0x00,d_drv:0x00,cs0_drv:0x00,hd_drv:0x00,wp_drv:0x00
mode:DIO, clock div:2
load:0x3fff0030,len:7280
load:0x40078000,len:15892
ho 0 tail 12 room 4
load:0x40080400,len:4
load:0x40080404,len:3880
entry 0x4008064c
[0;32mI (31) boot: ESP-IDF v5.1.1 2nd stage bootloader[0m
[0;32mI (31) boot: compile time Oct 30 2023 14:20:37[0m
[0;32mI (31) boot: Multicore bootloader[0m
[0;32mI (35) boot: chip revision: v1.0[0m
[0;32mI (39) boot.esp32: SPI Speed      : 40MHz[0m
[0;32mI (44) boot.esp32: SPI Mode       : DIO[0m
[0;32mI (48) boot.esp32: SPI Flash Size : 4MB[0m
[0;32mI (53) boot: Enabling RNG early entropy source...[0m
[0;32mI (58) esp_image: segment 0: paddr=00010020 vaddr=3f400020 size=20170h (131440) map[0m
[0;32mI (67) esp_image: segment 1: paddr=00030198 vaddr=3ff80063 size=00008h (     8) [0m
[0;32mI (75) esp_image: segment 2: paddr=000301a8 vaddr=3ffb0000 size=03760h ( 14176) load[0m
[0;32mI (85) esp_image: segment 3: paddr=00033910 vaddr=40080000 size=0c708h ( 50952) load[0m
[0;32mI (100) esp_image: segment 4: paddr=00040020 vaddr=400d0020 size=7ced4h (511700) map[0m
[0;32mI (100) esp_image: segment 5: paddr=000bcefc vaddr=4008c708 size=0a03ch ( 41020) load[0m
[0;32mI (115) esp_image: segment 6: paddr=000c6f40 vaddr=400c0000 size=00064h (   100) [0m
[0;32mI (117) boot: Fast booting app from partition at offset 0x10000[0m
[0;32mI (123) boot: Disabling RNG early entropy source...[0m
[0;32mI (140) cpu_start: Multicore app[0m
[0;32mI (140) cpu_start: Pro cpu up.[0m
[0;32mI (140) cpu_start: Starting app cpu, entry point is 0x40081504[0m
[0;32mI (0) cpu_start: App cpu up.[0m
[0;32mI (158) cpu_start: Pro cpu start user code[0m
[0;32mI (158) cpu_start: cpu freq: 160000000 Hz[0m
[0;32mI (158) cpu_start: Application information:[0m
[0;32mI (163) cpu_start: Project name:     espnow_example[0m
[0;32mI (169) cpu_start: App version:      1[0m
[0;32mI (173) cpu_start: Compile time:     Oct 30 2023 21:24:43[0m
[0;32mI (179) cpu_start: ELF file SHA256:  4b3b8cf9e6541c6b...[0m
[0;32mI (185) cpu_start: ESP-IDF:          v5.1.1[0m
[0;32mI (190) cpu_start: Min chip rev:     v0.0[0m
[0;32mI (195) cpu_start: Max chip rev:     v3.99 [0m
[0;32mI (200) cpu_start: Chip rev:         v1.0[0m
[0;32mI (204) heap_init: Initializing. RAM available for dynamic allocation:[0m
[0;32mI (212) heap_init: At 3FFAE6E0 len 00001920 (6 KiB): DRAM[0m
[0;32mI (218) heap_init: At 3FFB7848 len 000287B8 (161 KiB): DRAM[0m
[0;32mI (224) heap_init: At 3FFE0440 len 00003AE0 (14 KiB): D/IRAM[0m
[0;32mI (230) heap_init: At 3FFE4350 len 0001BCB0 (111 KiB): D/IRAM[0m
[0;32mI (237) heap_init: At 40096744 len 000098BC (38 KiB): IRAM[0m
[0;32mI (244) spi_flash: detected chip: generic[0m
[0;32mI (247) spi_flash: flash io: dio[0m
[0;32mI (252) app_start: Starting scheduler on CPU0[0m
[0;32mI (256) app_start: Starting scheduler on CPU1[0m
[0;32mI (256) main_task: Started on CPU0[0m
[0;32mI (266) main_task: Calling app_main()[0m
I (316) wifi:wifi driver task: 3ffbf470, prio:23, stack:6656, core=0
I (336) wifi:wifi firmware version: ce9244d
I (336) wifi:wifi certification version: v7.0
I (336) wifi:config NVS flash: enabled
I (336) wifi:config nano formating: disabled
I (336) wifi:Init data frame dynamic rx buffer num: 32
I (346) wifi:Init management frame dynamic rx buffer num: 32
I (346) wifi:Init management short buffer num: 32
I (356) wifi:Init dynamic tx buffer num: 32
I (356) wifi:Init static rx buffer size: 1600
I (356) wifi:Init static rx buffer num: 10
I (366) wifi:Init dynamic rx buffer num: 32
[0;32mI (366) wifi_init: rx ba win: 6[0m
[0;32mI (376) wifi_init: tcpip mbox: 32[0m
[0;32mI (376) wifi_init: udp mbox: 6[0m
[0;32mI (376) wifi_init: tcp mbox: 6[0m
[0;32mI (386) wifi_init: tcp tx win: 5744[0m
[0;32mI (386) wifi_init: tcp rx win: 5744[0m
[0;32mI (396) wifi_init: tcp mss: 1440[0m
[0;32mI (396) wifi_init: WiFi IRAM OP enabled[0m
[0;32mI (396) wifi_init: WiFi RX IRAM OP enabled[0m
[0;32mI (406) phy_init: phy_version 4670,719f9f6,Feb 18 2021,17:07:07[0m
I (426) wifi:mode : softAP (7c:9e:bd:65:b2:3d)
I (436) wifi:Total power save buffer number: 16
I (436) wifi:Init max length of beacon: 752/752
I (436) wifi:Init max length of beacon: 752/752
I (436) ESPNOW: espnow [version: 1.0] init
I (436) wifi:Set ps type: 0, coexist: 0

[0;32mI (446) neighbor detection: Starting broadcast discovery of peers[0m
[0;32mI (456) main_task: Returned from app_main()[0m
ets Jun  8 2016 00:22:57

rst:0x1 (POWERON_RESET),boot:0x13 (SPI_FAST_FLASH_BOOT)
flash read err, 1000
ets_main.c 371 
ets Jun  8 2016 00:22:57

rst:0x10 (RTCWDT_RTC_RESET),boot:0x13 (SPI_FAST_FLASH_BOOT)
configsip: 0, SPIWP:0xee
clk_drv:0x00,q_drv:0x00,d_drv:0x00,cs0_drv:0x00,hd_drv:0x00,wp_drv:0x00
mode:DIO, clock div:2
load:0x3fff0030,len:7280
load:0x40078000,len:15892
ho 0 tail 12 room 4
load:0x40080400,len:4
load:0x40080404,len:3880
entry 0x4008064c
[0;32mI (31) boot: ESP-IDF v5.1.1 2nd stage bootloader[0m
[0;32mI (31) boot: compile time Oct 30 2023 14:20:37[0m
[0;32mI (31) boot: Multicore bootloader[0m
[0;32mI (35) boot: chip revision: v1.0[0m
[0;32mI (39) boot.esp32: SPI Speed      : 40MHz[0m
[0;32mI (43) boot.esp32: SPI Mode       : DIO[0m
[0;32mI (48) boot.esp32: SPI Flash Size : 4MB[0m
[0;32mI (52) boot: Enabling RNG early entropy source...[0m
[0;32mI (58) boot: Partition Table:[0m
[0;32mI (61) boot: ## Label            Usage          Type ST Offset   Length[0m
[0;32mI (69) boot:  0 nvs              WiFi data        01 02 00009000 00006000[0m
[0;32mI (76) boot:  1 phy_init         RF data          01 01 0000f000 00001000[0m
[0;32mI (84) boot:  2 factory          factory app      00 00 00010000 00100000[0m
[0;32mI (91) boot: End of partition table[0m
[0;32mI (95) esp_image: segment 0: paddr=00010020 vaddr=3f400020 size=20170h (131440) map[0m
[0;32mI (151) esp_image: segment 1: paddr=00030198 vaddr=3ff80063 size=00008h (     8) load[0m
[0;32mI (152) esp_image: segment 2: paddr=000301a8 vaddr=3ffb0000 size=03760h ( 14176) load[0m
[0;32mI (163) esp_image: segment 3: paddr=00033910 vaddr=40080000 size=0c708h ( 50952) load[0m
[0;32mI (187) esp_image: segment 4: paddr=00040020 vaddr=400d0020 size=7ced4h (511700) map[0m
[0;32mI (372) esp_image: segment 5: paddr=000bcefc vaddr=4008c708 size=0a03ch ( 41020) load[0m
[0;32mI (389) esp_image: segment 6: paddr=000c6f40 vaddr=400c0000 size=00064h (   100) load[0m
[0;32mI (401) boot: Loaded app from partition at offset 0x10000[0m
[0;32mI (401) boot: Disabling RNG early entropy source...[0m
[0;32mI (412) cpu_start: Multicore app[0m
[0;32mI (413) cpu_start: Pro cpu up.[0m
[0;32mI (413) cpu_start: Starting app cpu, entry point is 0x40081504[0m
[0;32mI (0) cpu_start: App cpu up.[0m
[0;32mI (430) cpu_start: Pro cpu start user code[0m
[0;32mI (430) cpu_start: cpu freq: 160000000 Hz[0m
[0;32mI (431) cpu_start: Application information:[0m
[0;32mI (435) cpu_start: Project name:     espnow_example[0m
[0;32mI (441) cpu_start: App version:      1[0m
[0;32mI (445) cpu_start: Compile time:     Oct 30 2023 21:24:43[0m
[0;32mI (451) cpu_start: ELF file SHA256:  4b3b8cf9e6541c6b...[0m
[0;32mI (457) cpu_start: ESP-IDF:          v5.1.1[0m
[0;32mI (462) cpu_start: Min chip rev:     v0.0[0m
[0;32mI (467) cpu_start: Max chip rev:     v3.99 [0m
[0;32mI (472) cpu_start: Chip rev:         v1.0[0m
[0;32mI (477) heap_init: Initializing. RAM available for dynamic allocation:[0m
[0;32mI (484) heap_init: At 3FFAE6E0 len 00001920 (6 KiB): DRAM[0m
[0;32mI (490) heap_init: At 3FFB7848 len 000287B8 (161 KiB): DRAM[0m
[0;32mI (496) heap_init: At 3FFE0440 len 00003AE0 (14 KiB): D/IRAM[0m
[0;32mI (502) heap_init: At 3FFE4350 len 0001BCB0 (111 KiB): D/IRAM[0m
[0;32mI (509) heap_init: At 40096744 len 000098BC (38 KiB): IRAM[0m
[0;32mI (516) spi_flash: detected chip: generic[0m
[0;32mI (520) spi_flash: flash io: dio[0m
[0;32mI (524) app_start: Starting scheduler on CPU0[0m
[0;32mI (529) app_start: Starting scheduler on CPU1[0m
[0;32mI (529) main_task: Started on CPU0[0m
[0;32mI (539) main_task: Calling app_main()[0m
[0;31mE (539) neighbor detection: Reset not triggert by deepsleep wakeup!!![0m
I (589) wifi:wifi driver task: 3ffbf520, prio:23, stack:6656, core=0
I (609) wifi:wifi firmware version: ce9244d
I (609) wifi:wifi certification version: v7.0
I (609) wifi:config NVS flash: enabled
I (609) wifi:config nano formating: disabled
I (609) wifi:Init data frame dynamic rx buffer num: 32
I (619) wifi:Init management frame dynamic rx buffer num: 32
I (619) wifi:Init management short buffer num: 32
I (629) wifi:Init dynamic tx buffer num: 32
I (629) wifi:Init static rx buffer size: 1600
I (629) wifi:Init static rx buffer num: 10
I (639) wifi:Init dynamic rx buffer num: 32
[0;32mI (639) wifi_init: rx ba win: 6[0m
[0;32mI (649) wifi_init: tcpip mbox: 32[0m
[0;32mI (649) wifi_init: udp mbox: 6[0m
[0;32mI (649) wifi_init: tcp mbox: 6[0m
[0;32mI (659) wifi_init: tcp tx win: 5744[0m
[0;32mI (659) wifi_init: tcp rx win: 5744[0m
[0;32mI (669) wifi_init: tcp mss: 1440[0m
[0;32mI (669) wifi_init: WiFi IRAM OP enabled[0m
[0;32mI (669) wifi_init: WiFi RX IRAM OP enabled[0m
[0;32mI (679) phy_init: phy_version 4670,719f9f6,Feb 18 2021,17:07:07[0m
I (789) wifi:mode : softAP (7c:9e:bd:65:b2:3d)
I (789) wifi:Total power save buffer number: 16
I (789) wifi:Init max length of beacon: 752/752
I (789) wifi:Init max length of beacon: 752/752
I (799) ESPNOW: espnow [version: 1.0] init
I (799) wifi:Set ps type: 0, coexist: 0

[0;32mI (799) neighbor detection: Starting broadcast discovery of peers[0m
[0;32mI (809) main_task: Returned from app_main()[0m
[0;33mW (909) timing: time_TX = 659391 | time_RX = 314186 | delta = 345205 us | count = 1 [0m
[0;33mW (1009) timing: time_TX = 759391 | time_RX = 414870 | delta = 344521 us | count = 2 [0m
[0;33mW (1109) timing: time_TX = 859391 | time_RX = 513981 | delta = 345410 us | count = 3 [0m
[0;33mW (1209) timing: time_TX = 959394 | time_RX = 613996 | delta = 345398 us | count = 4 [0m
[0;33mW (1309) timing: time_TX = 1059406 | time_RX = 716081 | delta = 343325 us | count = 5 [0m
[0;33mW (1409) timing: time_TX = 1159395 | time_RX = 813988 | delta = 345407 us | count = 6 [0m
[0;33mW (1809) neighbor detection: last broadcast sent[0m
[0;33mW (3809) timing: correct time offset of: 344877 us[0m
I (3809) ESPNOW: espnow [version: 1.0] deinit
E (3809) wifi:NAN WiFi stop
I (3809) wifi:flush txq
I (3809) wifi:stop sw txq
I (3809) wifi:lmac stop hw txq
I (3819) wifi:Deinit lldesc rx mblock:10
ets Jun  8 2016 00:22:57

rst:0x5 (DEEPSLEEP_RESET),boot:0x13 (SPI_FAST_FLASH_BOOT)
configsip: 0, SPIWP:0xee
clk_drv:0x00,q_drv:0x00,d_drv:0x00,cs0_drv:0x00,hd_drv:0x00,wp_drv:0x00
mode:DIO, clock div:2
load:0x3fff0030,len:7280
load:0x40078000,len:15892
ho 0 tail 12 room 4
load:0x40080400,len:4
load:0x40080404,len:3880
entry 0x4008064c
[0;32mI (31) boot: ESP-IDF v5.1.1 2nd stage bootloader[0m
[0;32mI (31) boot: compile time Oct 30 2023 14:20:37[0m
[0;32mI (31) boot: Multicore bootloader[0m
[0;32mI (35) boot: chip revision: v1.0[0m
[0;32mI (39) boot.esp32: SPI Speed      : 40MHz[0m
[0;32mI (44) boot.esp32: SPI Mode       : DIO[0m
[0;32mI (48) boot.esp32: SPI Flash Size : 4MB[0m
[0;32mI (53) boot: Enabling RNG early entropy source...[0m
[0;32mI (58) esp_image: segment 0: paddr=00010020 vaddr=3f400020 size=20170h (131440) map[0m
[0;32mI (67) esp_image: segment 1: paddr=00030198 vaddr=3ff80063 size=00008h (     8) [0m
[0;32mI (75) esp_image: segment 2: paddr=000301a8 vaddr=3ffb0000 size=03760h ( 14176) load[0m
[0;32mI (85) esp_image: segment 3: paddr=00033910 vaddr=40080000 size=0c708h ( 50952) load[0m
[0;32mI (100) esp_image: segment 4: paddr=00040020 vaddr=400d0020 size=7ced4h (511700) map[0m
[0;32mI (100) esp_image: segment 5: paddr=000bcefc vaddr=4008c708 size=0a03ch ( 41020) load[0m
[0;32mI (115) esp_image: segment 6: paddr=000c6f40 vaddr=400c0000 size=00064h (   100) [0m
[0;32mI (117) boot: Fast booting app from partition at offset 0x10000[0m
[0;32mI (123) boot: Disabling RNG early entropy source...[0m
[0;32mI (140) cpu_start: Multicore app[0m
[0;32mI (140) cpu_start: Pro cpu up.[0m
[0;32mI (140) cpu_start: Starting app cpu, entry point is 0x40081504[0m
[0;32mI (0) cpu_start: App cpu up.[0m
[0;32mI (158) cpu_start: Pro cpu start user code[0m
[0;32mI (158) cpu_start: cpu freq: 160000000 Hz[0m
[0;32mI (158) cpu_start: Application information:[0m
[0;32mI (163) cpu_start: Project name:     espnow_example[0m
[0;32mI (169) cpu_start: App version:      1[0m
[0;32mI (173) cpu_start: Compile time:     Oct 30 2023 21:24:43[0m
[0;32mI (179) cpu_start: ELF file SHA256:  4b3b8cf9e6541c6b...[0m
[0;32mI (185) cpu_start: ESP-IDF:          v5.1.1[0m
[0;32mI (190) cpu_start: Min chip rev:     v0.0[0m
[0;32mI (195) cpu_start: Max chip rev:     v3.99 [0m
[0;32mI (200) cpu_start: Chip rev:         v1.0[0m
[0;32mI (204) heap_init: Initializing. RAM available for dynamic allocation:[0m
[0;32mI (212) heap_init: At 3FFAE6E0 len 00001920 (6 KiB): DRAM[0m
[0;32mI (218) heap_init: At 3FFB7848 len 000287B8 (161 KiB): DRAM[0m
[0;32mI (224) heap_init: At 3FFE0440 len 00003AE0 (14 KiB): D/IRAM[0m
[0;32mI (230) heap_init: At 3FFE4350 len 0001BCB0 (111 KiB): D/IRAM[0m
[0;32mI (237) heap_init: At 40096744 len 000098BC (38 KiB): IRAM[0m
[0;32mI (244) spi_flash: detected chip: generic[0m
[0;32mI (247) spi_flash: flash io: dio[0m
[0;32mI (252) app_start: Starting scheduler on CPU0[0m
[0;32mI (256) app_start: Starting scheduler on CPU1[0m
[0;32mI (256) main_task: Started on CPU0[0m
[0;32mI (266) main_task: Calling app_main()[0m
I (316) wifi:wifi driver task: 3ffbf470, prio:23, stack:6656, core=0
I (336) wifi:wifi firmware version: ce9244d
I (336) wifi:wifi certification version: v7.0
I (336) wifi:config NVS flash: enabled
I (336) wifi:config nano formating: disabled
I (336) wifi:Init data frame dynamic rx buffer num: 32
I (346) wifi:Init management frame dynamic rx buffer num: 32
I (346) wifi:Init management short buffer num: 32
I (356) wifi:Init dynamic tx buffer num: 32
I (356) wifi:Init static rx buffer size: 1600
I (356) wifi:Init static rx buffer num: 10
I (366) wifi:Init dynamic rx buffer num: 32
[0;32mI (366) wifi_init: rx ba win: 6[0m
[0;32mI (376) wifi_init: tcpip mbox: 32[0m
[0;32mI (376) wifi_init: udp mbox: 6[0m
[0;32mI (376) wifi_init: tcp mbox: 6[0m
[0;32mI (386) wifi_init: tcp tx win: 5744[0m
[0;32mI (386) wifi_init: tcp rx win: 5744[0m
[0;32mI (396) wifi_init: tcp mss: 1440[0m
[0;32mI (396) wifi_init: WiFi IRAM OP enabled[0m
[0;32mI (396) wifi_init: WiFi RX IRAM OP enabled[0m
[0;32mI (406) phy_init: phy_version 4670,719f9f6,Feb 18 2021,17:07:07[0m
I (426) wifi:mode : softAP (7c:9e:bd:65:b2:3d)
I (436) wifi:Total power save buffer number: 16
I (436) wifi:Init max length of beacon: 752/752
I (436) wifi:Init max length of beacon: 752/752
I (436) ESPNOW: espnow [version: 1.0] init
I (436) wifi:Set ps type: 0, coexist: 0

[0;32mI (446) neighbor detection: Starting broadcast discovery of peers[0m
[0;32mI (456) main_task: Returned from app_main()[0m
[0;33mW (1066) timing: time_TX = 5418047 | time_RX = 5103490 | delta = 314557 us | count = 1 [0m
[0;33mW (1166) timing: time_TX = 5544318 | time_RX = 5200685 | delta = 343633 us | count = 2 [0m
[0;33mW (1266) timing: time_TX = 5644306 | time_RX = 5299728 | delta = 344578 us | count = 3 [0m
[0;33mW (1366) timing: time_TX = 5744306 | time_RX = 5399560 | delta = 344746 us | count = 4 [0m
[0;33mW (1466) neighbor detection: last broadcast sent[0m
[0;33mW (1466) timing: time_TX = 5844306 | time_RX = 5500034 | delta = 344272 us | count = 5 [0m
[0;33mW (1556) timing: time_TX = 5944302 | time_RX = 5599484 | delta = 344818 us | count = 6 [0m
[0;33mW (1656) timing: time_TX = 6044306 | time_RX = 5699392 | delta = 344914 us | count = 7 [0m
[0;33mW (1756) timing: time_TX = 6144302 | time_RX = 5799399 | delta = 344903 us | count = 8 [0m
[0;33mW (1856) timing: time_TX = 6244306 | time_RX = 5899416 | delta = 344890 us | count = 9 [0m
[0;33mW (1956) timing: time_TX = 6344313 | time_RX = 5999533 | delta = 344780 us | count = 10 [0m
[0;33mW (3956) timing: correct time offset of: 341609 us[0m
I (3956) ESPNOW: espnow [version: 1.0] deinit
E (3956) wifi:NAN WiFi stop
I (3956) wifi:flush txq
I (3956) wifi:stop sw txq
I (3956) wifi:lmac stop hw txq
I (3966) wifi:Deinit lldesc rx mblock:10
ets Jun  8 2016 00:22:57

rst:0x5 (DEEPSLEEP_RESET),boot:0x13 (SPI_FAST_FLASH_BOOT)
configsip: 0, SPIWP:0xee
clk_drv:0x00,q_drv:0x00,d_drv:0x00,cs0_drv:0x00,hd_drv:0x00,wp_drv:0x00
mode:DIO, clock div:2
load:0x3fff0030,len:7280
load:0x40078000,len:15892
ho 0 tail 12 room 4
load:0x40080400,len:4
load:0x40080404,len:3880
entry 0x4008064c
[0;32mI (31) boot: ESP-IDF v5.1.1 2nd stage bootloader[0m
[0;32mI (31) boot: compile time Oct 30 2023 14:20:37[0m
[0;32mI (31) boot: Multicore bootloader[0m
[0;32mI (35) boot: chip revision: v1.0[0m
[0;32mI (39) boot.esp32: SPI Speed      : 40MHz[0m
[0;32mI (44) boot.esp32: SPI Mode       : DIO[0m
[0;32mI (48) boot.esp32: SPI Flash Size : 4MB[0m
[0;32mI (53) boot: Enabling RNG early entropy source...[0m
[0;32mI (58) esp_image: segment 0: paddr=00010020 vaddr=3f400020 size=20170h (131440) map[0m
[0;32mI (67) esp_image: segment 1: paddr=00030198 vaddr=3ff80063 size=00008h (     8) [0m
[0;32mI (75) esp_image: segment 2: paddr=000301a8 vaddr=3ffb0000 size=03760h ( 14176) load[0m
[0;32mI (85) esp_image: segment 3: paddr=00033910 vaddr=40080000 size=0c708h ( 50952) load[0m
[0;32mI (100) esp_image: segment 4: paddr=00040020 vaddr=400d0020 size=7ced4h (511700) map[0m
[0;32mI (100) esp_image: segment 5: paddr=000bcefc vaddr=4008c708 size=0a03ch ( 41020) load[0m
[0;32mI (115) esp_image: segment 6: paddr=000c6f40 vaddr=400c0000 size=00064h (   100) [0m
[0;32mI (117) boot: Fast booting app from partition at offset 0x10000[0m
[0;32mI (123) boot: Disabling RNG early entropy source...[0m
[0;32mI (140) cpu_start: Multicore app[0m
[0;32mI (140) cpu_start: Pro cpu up.[0m
[0;32mI (140) cpu_start: Starting app cpu, entry point is 0x40081504[0m
[0;32mI (0) cpu_start: App cpu up.[0m
[0;32mI (158) cpu_start: Pro cpu start user code[0m
[0;32mI (158) cpu_start: cpu freq: 160000000 Hz[0m
[0;32mI (158) cpu_start: Application information:[0m
[0;32mI (163) cpu_start: Project name:     espnow_example[0m
[0;32mI (169) cpu_start: App version:      1[0m
[0;32mI (173) cpu_start: Compile time:     Oct 30 2023 21:24:43[0m
[0;32mI (179) cpu_start: ELF file SHA256:  4b3b8cf9e6541c6b...[0m
[0;32mI (185) cpu_start: ESP-IDF:          v5.1.1[0m
[0;32mI (190) cpu_start: Min chip rev:     v0.0[0m
[0;32mI (195) cpu_start: Max chip rev:     v3.99 [0m
[0;32mI (200) cpu_start: Chip rev:         v1.0[0m
[0;32mI (204) heap_init: Initializing. RAM available for dynamic allocation:[0m
[0;32mI (212) heap_init: At 3FFAE6E0 len 00001920 (6 KiB): DRAM[0m
[0;32mI (218) heap_init: At 3FFB7848 len 000287B8 (161 KiB): DRAM[0m
[0;32mI (224) heap_init: At 3FFE0440 len 00003AE0 (14 KiB): D/IRAM[0m
[0;32mI (230) heap_init: At 3FFE4350 len 0001BCB0 (111 KiB): D/IRAM[0m
[0;32mI (237) heap_init: At 40096744 len 000098BC (38 KiB): IRAM[0m
[0;32mI (244) spi_flash: detected chip: generic[0m
[0;32mI (247) spi_flash: flash io: dio[0m
[0;32mI (252) app_start: Starting scheduler on CPU0[0m
[0;32mI (256) app_start: Starting scheduler on CPU1[0m
[0;32mI (256) main_task: Started on CPU0[0m
[0;32mI (266) main_task: Calling app_main()[0m
I (316) wifi:wifi driver task: 3ffbf470, prio:23, stack:6656, core=0
I (336) wifi:wifi firmware version: ce9244d
I (336) wifi:wifi certification version: v7.0
I (336) wifi:config NVS flash: enabled
I (336) wifi:config nano formating: disabled
I (336) wifi:Init data frame dynamic rx buffer num: 32
I (346) wifi:Init management frame dynamic rx buffer num: 32
I (346) wifi:Init management short buffer num: 32
I (356) wifi:Init dynamic tx buffer num: 32
I (356) wifi:Init static rx buffer size: 1600
I (356) wifi:Init static rx buffer num: 10
I (366) wifi:Init dynamic rx buffer num: 32
[0;32mI (366) wifi_init: rx ba win: 6[0m
[0;32mI (376) wifi_init: tcpip mbox: 32[0m
[0;32mI (376) wifi_init: udp mbox: 6[0m
[0;32mI (376) wifi_init: tcp mbox: 6[0m
[0;32mI (386) wifi_init: tcp tx win: 5744[0m
[0;32mI (386) wifi_init: tcp rx win: 5744[0m
[0;32mI (396) wifi_init: tcp mss: 1440[0m
[0;32mI (396) wifi_init: WiFi IRAM OP enabled[0m
[0;32mI (396) wifi_init: WiFi RX IRAM OP enabled[0m
[0;32mI (406) phy_init: phy_version 4670,719f9f6,Feb 18 2021,17:07:07[0m
I (426) wifi:mode : softAP (7c:9e:bd:65:b2:3d)
I (436) wifi:Total power save buffer number: 16
I (436) wifi:Init max length of beacon: 752/752
I (436) wifi:Init max length of beacon: 752/752
I (436) ESPNOW: espnow [version: 1.0] init
I (436) wifi:Set ps type: 0, coexist: 0

[0;32mI (446) neighbor detection: Starting broadcast discovery of peers[0m
[0;32mI (456) main_task: Returned from app_main()[0m
[0;33mW (1256) timing: time_TX = 10362847 | time_RX = 10030716 | delta = 332131 us | count = 1 [0m
[0;33mW (1356) timing: time_TX = 10469135 | time_RX = 10125861 | delta = 343274 us | count = 2 [0m
[0;33mW (1456) neighbor detection: last broadcast sent[0m
[0;33mW (1456) timing: time_TX = 10569132 | time_RX = 10227188 | delta = 341944 us | count = 3 [0m
[0;33mW (1546) timing: time_TX = 10669128 | time_RX = 10328777 | delta = 340351 us | count = 4 [0m
[0;33mW (1646) timing: time_TX = 10769128 | time_RX = 10425656 | delta = 343472 us | count = 5 [0m
[0;33mW (1746) timing: time_TX = 10869128 | time_RX = 10526022 | delta = 343106 us | count = 6 [0m
[0;33mW (1846) timing: time_TX = 10969124 | time_RX = 10625654 | delta = 343470 us | count = 7 [0m
[0;33mW (1946) timing: time_TX = 11069128 | time_RX = 10727501 | delta = 341627 us | count = 8 [0m
[0;33mW (2046) timing: time_TX = 11169128 | time_RX = 10825679 | delta = 343449 us | count = 9 [0m
[0;33mW (2146) timing: time_TX = 11269139 | time_RX = 10925913 | delta = 343226 us | count = 10 [0m
[0;33mW (4146) timing: correct time offset of: 341605 us[0m
I (4146) ESPNOW: espnow [version: 1.0] deinit
E (4146) wifi:NAN WiFi stop
I (4146) wifi:flush txq
I (4146) wifi:stop sw txq
I (4146) wifi:lmac stop hw txq
I (4156) wifi:Deinit lldesc rx mblock:10
ets Jun  8 2016 00:22:57

rst:0x5 (DEEPSLEEP_RESET),boot:0x13 (SPI_FAST_FLASH_BOOT)
configsip: 0, SPIWP:0xee
clk_drv:0x00,q_drv:0x00,d_drv:0x00,cs0_drv:0x00,hd_drv:0x00,wp_drv:0x00
mode:DIO, clock div:2
load:0x3fff0030,len:7280
load:0x40078000,len:15892
ho 0 tail 12 room 4
load:0x40080400,len:4
load:0x40080404,len:3880
entry 0x4008064c
[0;32mI (31) boot: ESP-IDF v5.1.1 2nd stage bootloader[0m
[0;32mI (31) boot: compile time Oct 30 2023 14:20:37[0m
[0;32mI (31) boot: Multicore bootloader[0m
[0;32mI (35) boot: chip revision: v1.0[0m
[0;32mI (39) boot.esp32: SPI Speed      : 40MHz[0m
[0;32mI (44) boot.esp32: SPI Mode       : DIO[0m
[0;32mI (48) boot.esp32: SPI Flash Size : 4MB[0m
[0;32mI (53) boot: Enabling RNG early entropy source...[0m
[0;32mI (58) esp_image: segment 0: paddr=00010020 vaddr=3f400020 size=20170h (131440) map[0m
[0;32mI (67) esp_image: segment 1: paddr=00030198 vaddr=3ff80063 size=00008h (     8) [0m
[0;32mI (75) esp_image: segment 2: paddr=000301a8 vaddr=3ffb0000 size=03760h ( 14176) load[0m
[0;32mI (85) esp_image: segment 3: paddr=00033910 vaddr=40080000 size=0c708h ( 50952) load[0m
[0;32mI (100) esp_image: segment 4: paddr=00040020 vaddr=400d0020 size=7ced4h (511700) map[0m
[0;32mI (100) esp_image: segment 5: paddr=000bcefc vaddr=4008c708 size=0a03ch ( 41020) load[0m
[0;32mI (115) esp_image: segment 6: paddr=000c6f40 vaddr=400c0000 size=00064h (   100) [0m
[0;32mI (117) boot: Fast booting app from partition at offset 0x10000[0m
[0;32mI (123) boot: Disabling RNG early entropy source...[0m
[0;32mI (140) cpu_start: Multicore app[0m
[0;32mI (140) cpu_start: Pro cpu up.[0m
[0;32mI (140) cpu_start: Starting app cpu, entry point is 0x40081504[0m
[0;32mI (0) cpu_start: App cpu up.[0m
[0;32mI (158) cpu_start: Pro cpu start user code[0m
[0;32mI (158) cpu_start: cpu freq: 160000000 Hz[0m
[0;32mI (158) cpu_start: Application information:[0m
[0;32mI (163) cpu_start: Project name:     espnow_example[0m
[0;32mI (169) cpu_start: App version:      1[0m
[0;32mI (173) cpu_start: Compile time:     Oct 30 2023 21:24:43[0m
[0;32mI (179) cpu_start: ELF file SHA256:  4b3b8cf9e6541c6b...[0m
[0;32mI (185) cpu_start: ESP-IDF:          v5.1.1[0m
[0;32mI (190) cpu_start: Min chip rev:     v0.0[0m
[0;32mI (195) cpu_start: Max chip rev:     v3.99 [0m
[0;32mI (200) cpu_start: Chip rev:         v1.0[0m
[0;32mI (204) heap_init: Initializing. RAM available for dynamic allocation:[0m
[0;32mI (212) heap_init: At 3FFAE6E0 len 00001920 (6 KiB): DRAM[0m
[0;32mI (218) heap_init: At 3FFB7848 len 000287B8 (161 KiB): DRAM[0m
[0;32mI (224) heap_init: At 3FFE0440 len 00003AE0 (14 KiB): D/IRAM[0m
[0;32mI (230) heap_init: At 3FFE4350 len 0001BCB0 (111 KiB): D/IRAM[0m
[0;32mI (237) heap_init: At 40096744 len 000098BC (38 KiB): IRAM[0m
[0;32mI (244) spi_flash: detected chip: generic[0m
[0;32mI (247) spi_flash: flash io: dio[0m
[0;32mI (252) app_start: Starting scheduler on CPU0[0m
[0;32mI (256) app_start: Starting scheduler on CPU1[0m
[0;32mI (256) main_task: Started on CPU0[0m
[0;32mI (266) main_task: Calling app_main()[0m
I (316) wifi:wifi driver task: 3ffbf470, prio:23, stack:6656, core=0
I (336) wifi:wifi firmware version: ce9244d
I (336) wifi:wifi certification version: v7.0
I (336) wifi:config NVS flash: enabled
I (336) wifi:config nano formating: disabled
I (336) wifi:Init data frame dynamic rx buffer num: 32
I (346) wifi:Init management frame dynamic rx buffer num: 32
I (346) wifi:Init management short buffer num: 32
I (356) wifi:Init dynamic tx buffer num: 32
I (356) wifi:Init static rx buffer size: 1600
I (356) wifi:Init static rx buffer num: 10
I (366) wifi:Init dynamic rx buffer num: 32
[0;32mI (366) wifi_init: rx ba win: 6[0m
[0;32mI (376) wifi_init: tcpip mbox: 32[0m
[0;32mI (376) wifi_init: udp mbox: 6[0m
[0;32mI (376) wifi_init: tcp mbox: 6[0m
[0;32mI (386) wifi_init: tcp tx win: 5744[0m
[0;32mI (386) wifi_init: tcp rx win: 5744[0m
[0;32mI (396) wifi_init: tcp mss: 1440[0m
[0;32mI (396) wifi_init: WiFi IRAM OP enabled[0m
[0;32mI (396) wifi_init: WiFi RX IRAM OP enabled[0m
[0;32mI (406) phy_init: phy_version 4670,719f9f6,Feb 18 2021,17:07:07[0m
I (426) wifi:mode : softAP (7c:9e:bd:65:b2:3d)
I (436) wifi:Total power save buffer number: 16
I (436) wifi:Init max length of beacon: 752/752
I (436) wifi:Init max length of beacon: 752/752
I (436) ESPNOW: espnow [version: 1.0] init
I (436) wifi:Set ps type: 0, coexist: 0

[0;32mI (446) neighbor detection: Starting broadcast discovery of peers[0m
[0;32mI (456) main_task: Returned from app_main()[0m
[0;33mW (1256) timing: time_TX = 15284401 | time_RX = 14949640 | delta = 334761 us | count = 1 [0m
[0;33mW (1356) timing: time_TX = 15390685 | time_RX = 15052961 | delta = 337724 us | count = 2 [0m
[0;33mW (1456) neighbor detection: last broadcast sent[0m
[0;33mW (1456) timing: time_TX = 15490678 | time_RX = 15148917 | delta = 341761 us | count = 3 [0m
[0;33mW (1546) timing: time_TX = 15590674 | time_RX = 15248876 | delta = 341798 us | count = 4 [0m
[0;33mW (1646) timing: time_TX = 15690678 | time_RX = 15351542 | delta = 339136 us | count = 5 [0m
[0;33mW (1746) timing: time_TX = 15790674 | time_RX = 15448899 | delta = 341775 us | count = 6 [0m
[0;33mW (1846) timing: time_TX = 15890670 | time_RX = 15548748 | delta = 341922 us | count = 7 [0m
[0;33mW (1946) timing: time_TX = 15990674 | time_RX = 15648780 | delta = 341894 us | count = 8 [0m
[0;33mW (2046) timing: time_TX = 16090678 | time_RX = 15750282 | delta = 340396 us | count = 9 [0m
[0;33mW (2146) timing: time_TX = 16190685 | time_RX = 15849028 | delta = 341657 us | count = 10 [0m
[0;33mW (4146) timing: correct time offset of: 340282 us[0m
I (4146) ESPNOW: espnow [version: 1.0] deinit
E (4146) wifi:NAN WiFi stop
I (4146) wifi:flush txq
I (4146) wifi:stop sw txq
I (4146) wifi:lmac stop hw txq
I (4156) wifi:Deinit lldesc rx mblock:10
ets Jun  8 2016 00:22:57

rst:0x1 (POWERON_RESET),boot:0x13 (SPI_FAST_FLASH_BOOT)
flash read err, 1000
ets_main.c 371 
ets Jun  8 2016 00:22:57

rst:0x10 (RTCWDT_RTC_RESET),boot:0x13 (SPI_FAST_FLASH_BOOT)
configsip: 0, SPIWP:0xee
clk_drv:0x00,q_drv:0x00,d_drv:0x00,cs0_drv:0x00,hd_drv:0x00,wp_drv:0x00
mode:DIO, clock div:2
load:0x3fff0030,len:7280
load:0x40078000,len:15892
ho 0 tail 12 room 4
load:0x40080400,len:4
load:0x40080404,len:3880
entry 0x4008064c
[0;32mI (31) boot: ESP-IDF v5.1.1 2nd stage bootloader[0m
[0;32mI (31) boot: compile time Oct 30 2023 14:20:37[0m
[0;32mI (31) boot: Multicore bootloader[0m
[0;32mI (35) boot: chip revision: v1.0[0m
[0;32mI (39) boot.esp32: SPI Speed      : 40MHz[0m
[0;32mI (43) boot.esp32: SPI Mode       : DIO[0m
[0;32mI (48) boot.esp32: SPI Flash Size : 4MB[0m
[0;32mI (52) boot: Enabling RNG early entropy source...[0m
[0;32mI (58) boot: Partition Table:[0m
[0;32mI (61) boot: ## Label            Usage          Type ST Offset   Length[0m
[0;32mI (69) boot:  0 nvs              WiFi data        01 02 00009000 00006000[0m
[0;32mI (76) boot:  1 phy_init         RF data          01 01 0000f000 00001000[0m
[0;32mI (84) boot:  2 factory          factory app      00 00 00010000 00100000[0m
[0;32mI (91) boot: End of partition table[0m
[0;32mI (95) esp_image: segment 0: paddr=00010020 vaddr=3f400020 size=20170h (131440) map[0m
[0;32mI (151) esp_image: segment 1: paddr=00030198 vaddr=3ff80063 size=00008h (     8) load[0m
[0;32mI (151) esp_image: segment 2: paddr=000301a8 vaddr=3ffb0000 size=03760h ( 14176) load[0m
[0;32mI (163) esp_image: segment 3: paddr=00033910 vaddr=40080000 size=0c708h ( 50952) load[0m
[0;32mI (187) esp_image: segment 4: paddr=00040020 vaddr=400d0020 size=7ced4h (511700) map[0m
[0;32mI (372) esp_image: segment 5: paddr=000bcefc vaddr=4008c708 size=0a03ch ( 41020) load[0m
[0;32mI (389) esp_image: segment 6: paddr=000c6f40 vaddr=400c0000 size=00064h (   100) load[0m
[0;32mI (401) boot: Loaded app from partition at offset 0x10000[0m
[0;32mI (401) boot: Disabling RNG early entropy source...[0m
[0;32mI (412) cpu_start: Multicore app[0m
[0;32mI (412) cpu_start: Pro cpu up.[0m
[0;32mI (413) cpu_start: Starting app cpu, entry point is 0x40081504[0m
[0;32mI (0) cpu_start: App cpu up.[0m
[0;32mI (430) cpu_start: Pro cpu start user code[0m
[0;32mI (430) cpu_start: cpu freq: 160000000 Hz[0m
[0;32mI (431) cpu_start: Application information:[0m
[0;32mI (435) cpu_start: Project name:     espnow_example[0m
[0;32mI (441) cpu_start: App version:      1[0m
[0;32mI (445) cpu_start: Compile time:     Oct 30 2023 21:24:43[0m
[0;32mI (451) cpu_start: ELF file SHA256:  4b3b8cf9e6541c6b...[0m
[0;32mI (457) cpu_start: ESP-IDF:          v5.1.1[0m
[0;32mI (462) cpu_start: Min chip rev:     v0.0[0m
[0;32mI (467) cpu_start: Max chip rev:     v3.99 [0m
[0;32mI (472) cpu_start: Chip rev:         v1.0[0m
[0;32mI (477) heap_init: Initializing. RAM available for dynamic allocation:[0m
[0;32mI (484) heap_init: At 3FFAE6E0 len 00001920 (6 KiB): DRAM[0m
[0;32mI (490) heap_init: At 3FFB7848 len 000287B8 (161 KiB): DRAM[0m
[0;32mI (496) heap_init: At 3FFE0440 len 00003AE0 (14 KiB): D/IRAM[0m
[0;32mI (502) heap_init: At 3FFE4350 len 0001BCB0 (111 KiB): D/IRAM[0m
[0;32mI (509) heap_init: At 40096744 len 000098BC (38 KiB): IRAM[0m
[0;32mI (516) spi_flash: detected chip: generic[0m
[0;32mI (519) spi_flash: flash io: dio[0m
[0;32mI (524) app_start: Starting scheduler on CPU0[0m
[0;32mI (529) app_start: Starting scheduler on CPU1[0m
[0;32mI (529) main_task: Started on CPU0[0m
[0;32mI (539) main_task: Calling app_main()[0m
[0;31mE (539) neighbor detection: Reset not triggert by deepsleep wakeup!!![0m
I (589) wifi:wifi driver task: 3ffbf520, prio:23, stack:6656, core=0
I (609) wifi:wifi firmware version: ce9244d
I (609) wifi:wifi certification version: v7.0
I (609) wifi:config NVS flash: enabled
I (609) wifi:config nano formating: disabled
I (609) wifi:Init data frame dynamic rx buffer num: 32
I (619) wifi:Init management frame dynamic rx buffer num: 32
I (619) wifi:Init management short buffer num: 32
I (629) wifi:Init dynamic tx buffer num: 32
I (629) wifi:Init static rx buffer size: 1600
I (629) wifi:Init static rx buffer num: 10
I (639) wifi:Init dynamic rx buffer num: 32
[0;32mI (639) wifi_init: rx ba win: 6[0m
[0;32mI (649) wifi_init: tcpip mbox: 32[0m
[0;32mI (649) wifi_init: udp mbox: 6[0m
[0;32mI (649) wifi_init: tcp mbox: 6[0m
[0;32mI (659) wifi_init: tcp tx win: 5744[0m
[0;32mI (659) wifi_init: tcp rx win: 5744[0m
[0;32mI (669) wifi_init: tcp mss: 1440[0m
[0;32mI (669) wifi_init: WiFi IRAM OP enabled[0m
[0;32mI (669) wifi_init: WiFi RX IRAM OP enabled[0m
[0;32mI (679) phy_init: phy_version 4670,719f9f6,Feb 18 2021,17:07:07[0m
I (789) wifi:mode : softAP (7c:9e:bd:65:b2:3d)
I (789) wifi:Total power save buffer number: 16
I (789) wifi:Init max length of beacon: 752/752
I (789) wifi:Init max length of beacon: 752/752
I (799) ESPNOW: espnow [version: 1.0] init
I (799) wifi:Set ps type: 0, coexist: 0

[0;32mI (799) neighbor detection: Starting broadcast discovery of peers[0m
[0;32mI (809) main_task: Returned from app_main()[0m
[0;33mW (919) timing: time_TX = 659391 | time_RX = 292636 | delta = 366755 us | count = 1 [0m
[0;33mW (1019) timing: time_TX = 759391 | time_RX = 394048 | delta = 365343 us | count = 2 [0m
[0;33mW (1119) timing: time_TX = 859391 | time_RX = 492414 | delta = 366977 us | count = 3 [0m
[0;33mW (1219) timing: time_TX = 959395 | time_RX = 594617 | delta = 364778 us | count = 4 [0m
[0;33mW (1319) timing: time_TX = 1059395 | time_RX = 692631 | delta = 366764 us | count = 5 [0m
[0;33mW (1419) timing: time_TX = 1159395 | time_RX = 792408 | delta = 366987 us | count = 6 [0m
[0;33mW (1819) neighbor detection: last broadcast sent[0m
[0;33mW (3819) timing: correct time offset of: 366267 us[0m
I (3819) ESPNOW: espnow [version: 1.0] deinit
E (3819) wifi:NAN WiFi stop
I (3819) wifi:flush txq
I (3819) wifi:stop sw txq
I (3819) wifi:lmac stop hw txq
I (3829) wifi:Deinit lldesc rx mblock:10
ets Jun  8 2016 00:22:57

rst:0x5 (DEEPSLEEP_RESET),boot:0x13 (SPI_FAST_FLASH_BOOT)
configsip: 0, SPIWP:0xee
clk_drv:0x00,q_drv:0x00,d_drv:0x00,cs0_drv:0x00,hd_drv:0x00,wp_drv:0x00
mode:DIO, clock div:2
load:0x3fff0030,len:7280
load:0x40078000,len:15892
ho 0 tail 12 room 4
load:0x40080400,len:4
load:0x40080404,len:3880
entry 0x4008064c
[0;32mI (31) boot: ESP-IDF v5.1.1 2nd stage bootloader[0m
[0;32mI (31) boot: compile time Oct 30 2023 14:20:37[0m
[0;32mI (31) boot: Multicore bootloader[0m
[0;32mI (35) boot: chip revision: v1.0[0m
[0;32mI (39) boot.esp32: SPI Speed      : 40MHz[0m
[0;32mI (44) boot.esp32: SPI Mode       : DIO[0m
[0;32mI (48) boot.esp32: SPI Flash Size : 4MB[0m
[0;32mI (53) boot: Enabling RNG early entropy source...[0m
[0;32mI (58) esp_image: segment 0: paddr=00010020 vaddr=3f400020 size=20170h (131440) map[0m
[0;32mI (67) esp_image: segment 1: paddr=00030198 vaddr=3ff80063 size=00008h (     8) [0m
[0;32mI (75) esp_image: segment 2: paddr=000301a8 vaddr=3ffb0000 size=03760h ( 14176) load[0m
[0;32mI (85) esp_image: segment 3: paddr=00033910 vaddr=40080000 size=0c708h ( 50952) load[0m
[0;32mI (100) esp_image: segment 4: paddr=00040020 vaddr=400d0020 size=7ced4h (511700) map[0m
[0;32mI (100) esp_image: segment 5: paddr=000bcefc vaddr=4008c708 size=0a03ch ( 41020) load[0m
[0;32mI (115) esp_image: segment 6: paddr=000c6f40 vaddr=400c0000 size=00064h (   100) [0m
[0;32mI (117) boot: Fast booting app from partition at offset 0x10000[0m
[0;32mI (123) boot: Disabling RNG early entropy source...[0m
[0;32mI (140) cpu_start: Multicore app[0m
[0;32mI (140) cpu_start: Pro cpu up.[0m
[0;32mI (140) cpu_start: Starting app cpu, entry point is 0x40081504[0m
[0;32mI (0) cpu_start: App cpu up.[0m
[0;32mI (158) cpu_start: Pro cpu start user code[0m
[0;32mI (158) cpu_start: cpu freq: 160000000 Hz[0m
[0;32mI (158) cpu_start: Application information:[0m
[0;32mI (163) cpu_start: Project name:     espnow_example[0m
[0;32mI (169) cpu_start: App version:      1[0m
[0;32mI (173) cpu_start: Compile time:     Oct 30 2023 21:24:43[0m
[0;32mI (179) cpu_start: ELF file SHA256:  4b3b8cf9e6541c6b...[0m
[0;32mI (185) cpu_start: ESP-IDF:          v5.1.1[0m
[0;32mI (190) cpu_start: Min chip rev:     v0.0[0m
[0;32mI (195) cpu_start: Max chip rev:     v3.99 [0m
[0;32mI (200) cpu_start: Chip rev:         v1.0[0m
[0;32mI (204) heap_init: Initializing. RAM available for dynamic allocation:[0m
[0;32mI (212) heap_init: At 3FFAE6E0 len 00001920 (6 KiB): DRAM[0m
[0;32mI (218) heap_init: At 3FFB7848 len 000287B8 (161 KiB): DRAM[0m
[0;32mI (224) heap_init: At 3FFE0440 len 00003AE0 (14 KiB): D/IRAM[0m
[0;32mI (230) heap_init: At 3FFE4350 len 0001BCB0 (111 KiB): D/IRAM[0m
[0;32mI (237) heap_init: At 40096744 len 000098BC (38 KiB): IRAM[0m
[0;32mI (244) spi_flash: detected chip: generic[0m
[0;32mI (247) spi_flash: flash io: dio[0m
[0;32mI (252) app_start: Starting scheduler on CPU0[0m
[0;32mI (256) app_start: Starting scheduler on CPU1[0m
[0;32mI (256) main_task: Started on CPU0[0m
[0;32mI (266) main_task: Calling app_main()[0m
I (316) wifi:wifi driver task: 3ffbf470, prio:23, stack:6656, core=0
I (336) wifi:wifi firmware version: ce9244d
I (336) wifi:wifi certification version: v7.0
I (336) wifi:config NVS flash: enabled
I (336) wifi:config nano formating: disabled
I (336) wifi:Init data frame dynamic rx buffer num: 32
I (346) wifi:Init management frame dynamic rx buffer num: 32
I (346) wifi:Init management short buffer num: 32
I (356) wifi:Init dynamic tx buffer num: 32
I (356) wifi:Init static rx buffer size: 1600
I (356) wifi:Init static rx buffer num: 10
I (366) wifi:Init dynamic rx buffer num: 32
[0;32mI (366) wifi_init: rx ba win: 6[0m
[0;32mI (376) wifi_init: tcpip mbox: 32[0m
[0;32mI (376) wifi_init: udp mbox: 6[0m
[0;32mI (376) wifi_init: tcp mbox: 6[0m
[0;32mI (386) wifi_init: tcp tx win: 5744[0m
[0;32mI (386) wifi_init: tcp rx win: 5744[0m
[0;32mI (396) wifi_init: tcp mss: 1440[0m
[0;32mI (396) wifi_init: WiFi IRAM OP enabled[0m
[0;32mI (396) wifi_init: WiFi RX IRAM OP enabled[0m
[0;32mI (406) phy_init: phy_version 4670,719f9f6,Feb 18 2021,17:07:07[0m
I (426) wifi:mode : softAP (7c:9e:bd:65:b2:3d)
I (436) wifi:Total power save buffer number: 16
I (436) wifi:Init max length of beacon: 752/752
I (436) wifi:Init max length of beacon: 752/752
I (436) ESPNOW: espnow [version: 1.0] init
I (436) wifi:Set ps type: 0, coexist: 0

[0;32mI (446) neighbor detection: Starting broadcast discovery of peers[0m
[0;32mI (456) main_task: Returned from app_main()[0m
[0;33mW (1156) timing: time_TX = 5469776 | time_RX = 5115542 | delta = 354234 us | count = 1 [0m
[0;33mW (1256) timing: time_TX = 5576062 | time_RX = 5210624 | delta = 365438 us | count = 2 [0m
[0;33mW (1356) timing: time_TX = 5676059 | time_RX = 5310711 | delta = 365348 us | count = 3 [0m
[0;33mW (1456) neighbor detection: last broadcast sent[0m
[0;33mW (1456) timing: time_TX = 5776055 | time_RX = 5410623 | delta = 365432 us | count = 4 [0m
[0;33mW (1476) timing: time_TX = 5876055 | time_RX = 5510540 | delta = 365515 us | count = 5 [0m
[0;33mW (1576) timing: time_TX = 5976055 | time_RX = 5610782 | delta = 365273 us | count = 6 [0m
[0;33mW (1676) timing: time_TX = 6076051 | time_RX = 5710441 | delta = 365610 us | count = 7 [0m
[0;33mW (1776) timing: time_TX = 6176055 | time_RX = 5810471 | delta = 365584 us | count = 8 [0m
[0;33mW (1876) timing: time_TX = 6276055 | time_RX = 5910453 | delta = 365602 us | count = 9 [0m
[0;33mW (1976) timing: time_TX = 6376066 | time_RX = 6010771 | delta = 365295 us | count = 10 [0m
[0;33mW (3976) timing: correct time offset of: 364333 us[0m
I (3976) ESPNOW: espnow [version: 1.0] deinit
E (3976) wifi:NAN WiFi stop
I (3976) wifi:flush txq
I (3976) wifi:stop sw txq
I (3976) wifi:lmac stop hw txq
I (3986) wifi:Deinit lldesc rx mblock:10
ets Jun  8 2016 00:22:57

rst:0x5 (DEEPSLEEP_RESET),boot:0x13 (SPI_FAST_FLASH_BOOT)
configsip: 0, SPIWP:0xee
clk_drv:0x00,q_drv:0x00,d_drv:0x00,cs0_drv:0x00,hd_drv:0x00,wp_drv:0x00
mode:DIO, clock div:2
load:0x3fff0030,len:7280
load:0x40078000,len:15892
ho 0 tail 12 room 4
load:0x40080400,len:4
load:0x40080404,len:3880
entry 0x4008064c
[0;32mI (31) boot: ESP-IDF v5.1.1 2nd stage bootloader[0m
[0;32mI (31) boot: compile time Oct 30 2023 14:20:37[0m
[0;32mI (31) boot: Multicore bootloader[0m
[0;32mI (35) boot: chip revision: v1.0[0m
[0;32mI (39) boot.esp32: SPI Speed      : 40MHz[0m
[0;32mI (44) boot.esp32: SPI Mode       : DIO[0m
[0;32mI (48) boot.esp32: SPI Flash Size : 4MB[0m
[0;32mI (53) boot: Enabling RNG early entropy source...[0m
[0;32mI (58) esp_image: segment 0: paddr=00010020 vaddr=3f400020 size=20170h (131440) map[0m
[0;32mI (67) esp_image: segment 1: paddr=00030198 vaddr=3ff80063 size=00008h (     8) [0m
[0;32mI (75) esp_image: segment 2: paddr=000301a8 vaddr=3ffb0000 size=03760h ( 14176) load[0m
[0;32mI (85) esp_image: segment 3: paddr=00033910 vaddr=40080000 size=0c708h ( 50952) load[0m
[0;32mI (100) esp_image: segment 4: paddr=00040020 vaddr=400d0020 size=7ced4h (511700) map[0m
[0;32mI (100) esp_image: segment 5: paddr=000bcefc vaddr=4008c708 size=0a03ch ( 41020) load[0m
[0;32mI (115) esp_image: segment 6: paddr=000c6f40 vaddr=400c0000 size=00064h (   100) [0m
[0;32mI (117) boot: Fast booting app from partition at offset 0x10000[0m
[0;32mI (123) boot: Disabling RNG early entropy source...[0m
[0;32mI (140) cpu_start: Multicore app[0m
[0;32mI (140) cpu_start: Pro cpu up.[0m
[0;32mI (140) cpu_start: Starting app cpu, entry point is 0x40081504[0m
[0;32mI (0) cpu_start: App cpu up.[0m
[0;32mI (158) cpu_start: Pro cpu start user code[0m
[0;32mI (158) cpu_start: cpu freq: 160000000 Hz[0m
[0;32mI (158) cpu_start: Application information:[0m
[0;32mI (163) cpu_start: Project name:     espnow_example[0m
[0;32mI (169) cpu_start: App version:      1[0m
[0;32mI (173) cpu_start: Compile time:     Oct 30 2023 21:24:43[0m
[0;32mI (179) cpu_start: ELF file SHA256:  4b3b8cf9e6541c6b...[0m
[0;32mI (185) cpu_start: ESP-IDF:          v5.1.1[0m
[0;32mI (190) cpu_start: Min chip rev:     v0.0[0m
[0;32mI (195) cpu_start: Max chip rev:     v3.99 [0m
[0;32mI (200) cpu_start: Chip rev:         v1.0[0m
[0;32mI (204) heap_init: Initializing. RAM available for dynamic allocation:[0m
[0;32mI (212) heap_init: At 3FFAE6E0 len 00001920 (6 KiB): DRAM[0m
[0;32mI (218) heap_init: At 3FFB7848 len 000287B8 (161 KiB): DRAM[0m
[0;32mI (224) heap_init: At 3FFE0440 len 00003AE0 (14 KiB): D/IRAM[0m
[0;32mI (230) heap_init: At 3FFE4350 len 0001BCB0 (111 KiB): D/IRAM[0m
[0;32mI (237) heap_init: At 40096744 len 000098BC (38 KiB): IRAM[0m
[0;32mI (244) spi_flash: detected chip: generic[0m
[0;32mI (247) spi_flash: flash io: dio[0m
[0;32mI (252) app_start: Starting scheduler on CPU0[0m
[0;32mI (256) app_start: Starting scheduler on CPU1[0m
[0;32mI (256) main_task: Started on CPU0[0m
[0;32mI (266) main_task: Calling app_main()[0m
I (316) wifi:wifi driver task: 3ffbf470, prio:23, stack:6656, core=0
I (336) wifi:wifi firmware version: ce9244d
I (336) wifi:wifi certification version: v7.0
I (336) wifi:config NVS flash: enabled
I (336) wifi:config nano formating: disabled
I (336) wifi:Init data frame dynamic rx buffer num: 32
I (346) wifi:Init management frame dynamic rx buffer num: 32
I (346) wifi:Init management short buffer num: 32
I (356) wifi:Init dynamic tx buffer num: 32
I (356) wifi:Init static rx buffer size: 1600
I (356) wifi:Init static rx buffer num: 10
I (366) wifi:Init dynamic rx buffer num: 32
[0;32mI (366) wifi_init: rx ba win: 6[0m
[0;32mI (376) wifi_init: tcpip mbox: 32[0m
[0;32mI (376) wifi_init: udp mbox: 6[0m
[0;32mI (376) wifi_init: tcp mbox: 6[0m
[0;32mI (386) wifi_init: tcp tx win: 5744[0m
[0;32mI (386) wifi_init: tcp rx win: 5744[0m
[0;32mI (396) wifi_init: tcp mss: 1440[0m
[0;32mI (396) wifi_init: WiFi IRAM OP enabled[0m
[0;32mI (396) wifi_init: WiFi RX IRAM OP enabled[0m
[0;32mI (406) phy_init: phy_version 4670,719f9f6,Feb 18 2021,17:07:07[0m
I (426) wifi:mode : softAP (7c:9e:bd:65:b2:3d)
I (436) wifi:Total power save buffer number: 16
I (436) wifi:Init max length of beacon: 752/752
I (436) wifi:Init max length of beacon: 752/752
I (436) ESPNOW: espnow [version: 1.0] init
I (436) wifi:Set ps type: 0, coexist: 0

[0;32mI (446) neighbor detection: Starting broadcast discovery of peers[0m
[0;32mI (456) main_task: Returned from app_main()[0m
[0;33mW (1356) timing: time_TX = 10414705 | time_RX = 10056778 | delta = 357927 us | count = 1 [0m
[0;33mW (1456) neighbor detection: last broadcast sent[0m
[0;33mW (1456) timing: time_TX = 10520987 | time_RX = 10156134 | delta = 364853 us | count = 2 [0m
[0;33mW (1486) timing: time_TX = 10620984 | time_RX = 10256062 | delta = 364922 us | count = 3 [0m
[0;33mW (1586) timing: time_TX = 10720980 | time_RX = 10355931 | delta = 365049 us | count = 4 [0m
[0;33mW (1686) timing: time_TX = 10820979 | time_RX = 10455938 | delta = 365041 us | count = 5 [0m
[0;33mW (1796) timing: time_TX = 10920980 | time_RX = 10557036 | delta = 363944 us | count = 6 [0m
[0;33mW (1886) timing: time_TX = 11020976 | time_RX = 10655928 | delta = 365048 us | count = 7 [0m
[0;33mW (1986) timing: time_TX = 11120980 | time_RX = 10755927 | delta = 365053 us | count = 8 [0m
[0;33mW (2086) timing: time_TX = 11220980 | time_RX = 10855940 | delta = 365040 us | count = 9 [0m
[0;33mW (2186) timing: time_TX = 11320991 | time_RX = 10956175 | delta = 364816 us | count = 10 [0m
[0;33mW (4196) timing: correct time offset of: 364169 us[0m
I (4196) ESPNOW: espnow [version: 1.0] deinit
E (4196) wifi:NAN WiFi stop
I (4196) wifi:flush txq
I (4196) wifi:stop sw txq
I (4196) wifi:lmac stop hw txq
I (4206) wifi:Deinit lldesc rx mblock:10
ets Jun  8 2016 00:22:57

rst:0x5 (DEEPSLEEP_RESET),boot:0x13 (SPI_FAST_FLASH_BOOT)
configsip: 0, SPIWP:0xee
clk_drv:0x00,q_drv:0x00,d_drv:0x00,cs0_drv:0x00,hd_drv:0x00,wp_drv:0x00
mode:DIO, clock div:2
load:0x3fff0030,len:7280
load:0x40078000,len:15892
ho 0 tail 12 room 4
load:0x40080400,len:4
load:0x40080404,len:3880
entry 0x4008064c
[0;32mI (31) boot: ESP-IDF v5.1.1 2nd stage bootloader[0m
[0;32mI (31) boot: compile time Oct 30 2023 14:20:37[0m
[0;32mI (31) boot: Multicore bootloader[0m
[0;32mI (35) boot: chip revision: v1.0[0m
[0;32mI (39) boot.esp32: SPI Speed      : 40MHz[0m
[0;32mI (44) boot.esp32: SPI Mode       : DIO[0m
[0;32mI (48) boot.esp32: SPI Flash Size : 4MB[0m
[0;32mI (53) boot: Enabling RNG early entropy source...[0m
[0;32mI (58) esp_image: segment 0: paddr=00010020 vaddr=3f400020 size=20170h (131440) map[0m
[0;32mI (67) esp_image: segment 1: paddr=00030198 vaddr=3ff80063 size=00008h (     8) [0m
[0;32mI (75) esp_image: segment 2: paddr=000301a8 vaddr=3ffb0000 size=03760h ( 14176) load[0m
[0;32mI (85) esp_image: segment 3: paddr=00033910 vaddr=40080000 size=0c708h ( 50952) load[0m
[0;32mI (100) esp_image: segment 4: paddr=00040020 vaddr=400d0020 size=7ced4h (511700) map[0m
[0;32mI (100) esp_image: segment 5: paddr=000bcefc vaddr=4008c708 size=0a03ch ( 41020) load[0m
[0;32mI (115) esp_image: segment 6: paddr=000c6f40 vaddr=400c0000 size=00064h (   100) [0m
[0;32mI (117) boot: Fast booting app from partition at offset 0x10000[0m
[0;32mI (123) boot: Disabling RNG early entropy source...[0m
[0;32mI (140) cpu_start: Multicore app[0m
[0;32mI (140) cpu_start: Pro cpu up.[0m
[0;32mI (140) cpu_start: Starting app cpu, entry point is 0x40081504[0m
[0;32mI (0) cpu_start: App cpu up.[0m
[0;32mI (158) cpu_start: Pro cpu start user code[0m
[0;32mI (158) cpu_start: cpu freq: 160000000 Hz[0m
[0;32mI (158) cpu_start: Application information:[0m
[0;32mI (163) cpu_start: Project name:     espnow_example[0m
[0;32mI (169) cpu_start: App version:      1[0m
[0;32mI (173) cpu_start: Compile time:     Oct 30 2023 21:24:43[0m
[0;32mI (179) cpu_start: ELF file SHA256:  4b3b8cf9e6541c6b...[0m
[0;32mI (185) cpu_start: ESP-IDF:          v5.1.1[0m
[0;32mI (190) cpu_start: Min chip rev:     v0.0[0m
[0;32mI (195) cpu_start: Max chip rev:     v3.99 [0m
[0;32mI (200) cpu_start: Chip rev:         v1.0[0m
[0;32mI (204) heap_init: Initializing. RAM available for dynamic allocation:[0m
[0;32mI (212) heap_init: At 3FFAE6E0 len 00001920 (6 KiB): DRAM[0m
[0;32mI (218) heap_init: At 3FFB7848 len 000287B8 (161 KiB): DRAM[0m
[0;32mI (224) heap_init: At 3FFE0440 len 00003AE0 (14 KiB): D/IRAM[0m
[0;32mI (230) heap_init: At 3FFE4350 len 0001BCB0 (111 KiB): D/IRAM[0m
[0;32mI (237) heap_init: At 40096744 len 000098BC (38 KiB): IRAM[0m
[0;32mI (244) spi_flash: detected chip: generic[0m
[0;32mI (247) spi_flash: flash io: dio[0m
[0;32mI (252) app_start: Starting scheduler on CPU0[0m
[0;32mI (256) app_start: Starting scheduler on CPU1[0m
[0;32mI (256) main_task: Started on CPU0[0m
[0;32mI (266) main_task: Calling app_main()[0m
I (316) wifi:wifi driver task: 3ffbf470, prio:23, stack:6656, core=0
I (336) wifi:wifi firmware version: ce9244d
I (336) wifi:wifi certification version: v7.0
I (336) wifi:config NVS flash: enabled
I (336) wifi:config nano formating: disabled
I (336) wifi:Init data frame dynamic rx buffer num: 32
I (346) wifi:Init management frame dynamic rx buffer num: 32
I (346) wifi:Init management short buffer num: 32
I (356) wifi:Init dynamic tx buffer num: 32
I (356) wifi:Init static rx buffer size: 1600
I (356) wifi:Init static rx buffer num: 10
I (366) wifi:Init dynamic rx buffer num: 32
[0;32mI (366) wifi_init: rx ba win: 6[0m
[0;32mI (376) wifi_init: tcpip mbox: 32[0m
[0;32mI (376) wifi_init: udp mbox: 6[0m
[0;32mI (376) wifi_init: tcp mbox: 6[0m
[0;32mI (386) wifi_init: tcp tx win: 5744[0m
[0;32mI (386) wifi_init: tcp rx win: 5744[0m
[0;32mI (396) wifi_init: tcp mss: 1440[0m
[0;32mI (396) wifi_init: WiFi IRAM OP enabled[0m
[0;32mI (396) wifi_init: WiFi RX IRAM OP enabled[0m
[0;32mI (406) phy_init: phy_version 4670,719f9f6,Feb 18 2021,17:07:07[0m
I (426) wifi:mode : softAP (7c:9e:bd:65:b2:3d)
I (436) wifi:Total power save buffer number: 16
I (436) wifi:Init max length of beacon: 752/752
I (436) wifi:Init max length of beacon: 752/752
I (436) ESPNOW: espnow [version: 1.0] init
I (436) wifi:Set ps type: 0, coexist: 0

[0;32mI (446) neighbor detection: Starting broadcast discovery of peers[0m
[0;32mI (456) main_task: Returned from app_main()[0m
[0;33mW (1366) timing: time_TX = 15358061 | time_RX = 15001975 | delta = 356086 us | count = 1 [0m
[0;33mW (1466) neighbor detection: last broadcast sent[0m
[0;33mW (1466) timing: time_TX = 15464345 | time_RX = 15101334 | delta = 363011 us | count = 2 [0m
[0;33mW (1486) timing: time_TX = 15564342 | time_RX = 15201310 | delta = 363032 us | count = 3 [0m
[0;33mW (1576) timing: time_TX = 15664338 | time_RX = 15301160 | delta = 363178 us | count = 4 [0m
[0;33mW (1686) timing: time_TX = 15764338 | time_RX = 15402057 | delta = 362281 us | count = 5 [0m
[0;33mW (1786) timing: time_TX = 15864338 | time_RX = 15501267 | delta = 363071 us | count = 6 [0m
[0;33mW (1876) timing: time_TX = 15964334 | time_RX = 15601147 | delta = 363187 us | count = 7 [0m
[0;33mW (1976) timing: time_TX = 16064338 | time_RX = 15701168 | delta = 363170 us | count = 8 [0m
[0;33mW (2076) timing: time_TX = 16164338 | time_RX = 15801139 | delta = 363199 us | count = 9 [0m
[0;33mW (2186) timing: time_TX = 16264349 | time_RX = 15902189 | delta = 362160 us | count = 10 [0m
[0;33mW (4186) timing: correct time offset of: 362237 us[0m
I (4186) ESPNOW: espnow [version: 1.0] deinit
E (4186) wifi:NAN WiFi stop
I (4186) wifi:flush txq
I (4186) wifi:stop sw txq
I (4186) wifi:lmac stop hw txq
I (4196) wifi:Deinit lldesc rx mblock:10
ets Jun  8 2016 00:22:57

rst:0x5 (DEEPSLEEP_RESET),boot:0x13 (SPI_FAST_FLASH_BOOT)
configsip: 0, SPIWP:0xee
clk_drv:0x00,q_drv:0x00,d_drv:0x00,cs0_drv:0x00,hd_drv:0x00,wp_drv:0x00
mode:DIO, clock div:2
load:0x3fff0030,len:7280
load:0x40078000,len:15892
ho 0 tail 12 room 4
load:0x40080400,len:4
load:0x40080404,len:3880
entry 0x4008064c
[0;32mI (31) boot: ESP-IDF v5.1.1 2nd stage bootloader[0m
[0;32mI (31) boot: compile time Oct 30 2023 14:20:37[0m
[0;32mI (31) boot: Multicore bootloader[0m
[0;32mI (35) boot: chip revision: v1.0[0m
[0;32mI (39) boot.esp32: SPI Speed      : 40MHz[0m
[0;32mI (44) boot.esp32: SPI Mode       : DIO[0m
[0;32mI (48) boot.esp32: SPI Flash Size : 4MB[0m
[0;32mI (53) boot: Enabling RNG early entropy source...[0m
[0;32mI (58) esp_image: segment 0: paddr=00010020 vaddr=3f400020 size=20170h (131440) map[0m
[0;32mI (67) esp_image: segment 1: paddr=00030198 vaddr=3ff80063 size=00008h (     8) [0m
[0;32mI (75) esp_image: segment 2: paddr=000301a8 vaddr=3ffb0000 size=03760h ( 14176) load[0m
[0;32mI (85) esp_image: segment 3: paddr=00033910 vaddr=40080000 size=0c708h ( 50952) load[0m
[0;32mI (100) esp_image: segment 4: paddr=00040020 vaddr=400d0020 size=7ced4h (511700) map[0m
[0;32mI (100) esp_image: segment 5: paddr=000bcefc vaddr=4008c708 size=0a03ch ( 41020) load[0m
[0;32mI (115) esp_image: segment 6: paddr=000c6f40 vaddr=400c0000 size=00064h (   100) [0m
[0;32mI (117) boot: Fast booting app from partition at offset 0x10000[0m
[0;32mI (123) boot: Disabling RNG early entropy source...[0m
[0;32mI (140) cpu_start: Multicore app[0m
[0;32mI (140) cpu_start: Pro cpu up.[0m
[0;32mI (140) cpu_start: Starting app cpu, entry point is 0x40081504[0m
[0;32mI (0) cpu_start: App cpu up.[0m
[0;32mI (158) cpu_start: Pro cpu start user code[0m
[0;32mI (158) cpu_start: cpu freq: 160000000 Hz[0m
[0;32mI (158) cpu_start: Application information:[0m
[0;32mI (163) cpu_start: Project name:     espnow_example[0m
[0;32mI (169) cpu_start: App version:      1[0m
[0;32mI (173) cpu_start: Compile time:     Oct 30 2023 21:24:43[0m
[0;32mI (179) cpu_start: ELF file SHA256:  4b3b8cf9e6541c6b...[0m
[0;32mI (185) cpu_start: ESP-IDF:          v5.1.1[0m
[0;32mI (190) cpu_start: Min chip rev:     v0.0[0m
[0;32mI (195) cpu_start: Max chip rev:     v3.99 [0m
[0;32mI (200) cpu_start: Chip rev:         v1.0[0m
[0;32mI (204) heap_init: Initializing. RAM available for dynamic allocation:[0m
[0;32mI (212) heap_init: At 3FFAE6E0 len 00001920 (6 KiB): DRAM[0m
[0;32mI (218) heap_init: At 3FFB7848 len 000287B8 (161 KiB): DRAM[0m
[0;32mI (224) heap_init: At 3FFE0440 len 00003AE0 (14 KiB): D/IRAM[0m
[0;32mI (230) heap_init: At 3FFE4350 len 0001BCB0 (111 KiB): D/IRAM[0m
[0;32mI (237) heap_init: At 40096744 len 000098BC (38 KiB): IRAM[0m
[0;32mI (244) spi_flash: detected chip: generic[0m
[0;32mI (247) spi_flash: flash io: dio[0m
[0;32mI (252) app_start: Starting scheduler on CPU0[0m
[0;32mI (256) app_start: Starting scheduler on CPU1[0m
[0;32mI (256) main_task: Started on CPU0[0m
[0;32mI (266) main_task: Calling app_main()[0m
I (316) wifi:wifi driver task: 3ffbf470, prio:23, stack:6656, core=0
I (336) wifi:wifi firmware version: ce9244d
I (336) wifi:wifi certification version: v7.0
I (336) wifi:config NVS flash: enabled
I (336) wifi:config nano formating: disabled
I (336) wifi:Init data frame dynamic rx buffer num: 32
I (346) wifi:Init management frame dynamic rx buffer num: 32
I (346) wifi:Init management short buffer num: 32
I (356) wifi:Init dynamic tx buffer num: 32
I (356) wifi:Init static rx buffer size: 1600
I (356) wifi:Init static rx buffer num: 10
I (366) wifi:Init dynamic rx buffer num: 32
[0;32mI (366) wifi_init: rx ba win: 6[0m
[0;32mI (376) wifi_init: tcpip mbox: 32[0m
[0;32mI (376) wifi_init: udp mbox: 6[0m
[0;32mI (376) wifi_init: tcp mbox: 6[0m
[0;32mI (386) wifi_init: tcp tx win: 5744[0m
[0;32mI (386) wifi_init: tcp rx win: 5744[0m
[0;32mI (396) wifi_init: tcp mss: 1440[0m
[0;32mI (396) wifi_init: WiFi IRAM OP enabled[0m
[0;32mI (396) wifi_init: WiFi RX IRAM OP enabled[0m
[0;32mI (406) phy_init: phy_version 4670,719f9f6,Feb 18 2021,17:07:07[0m
I (426) wifi:mode : softAP (7c:9e:bd:65:b2:3d)
I (436) wifi:Total power save buffer number: 16
I (436) wifi:Init max length of beacon: 752/752
I (436) wifi:Init max length of beacon: 752/752
I (436) ESPNOW: espnow [version: 1.0] init
I (436) wifi:Set ps type: 0, coexist: 0

[0;32mI (446) neighbor detection: Starting broadcast discovery of peers[0m
[0;32mI (456) main_task: Returned from app_main()[0m
[0;33mW (1356) timing: time_TX = 20299597 | time_RX = 19943908 | delta = 355689 us | count = 1 [0m
[0;33mW (1456) neighbor detection: last broadcast sent[0m
[0;33mW (1456) timing: time_TX = 20405881 | time_RX = 20043250 | delta = 362631 us | count = 2 [0m
[0;33mW (1476) timing: time_TX = 20505878 | time_RX = 20143595 | delta = 362283 us | count = 3 [0m
[0;33mW (1576) timing: time_TX = 20605874 | time_RX = 20245683 | delta = 360191 us | count = 4 [0m
[0;33mW (1676) timing: time_TX = 20705874 | time_RX = 20343079 | delta = 362795 us | count = 5 [0m
[0;33mW (1776) timing: time_TX = 20805874 | time_RX = 20443475 | delta = 362399 us | count = 6 [0m
[0;33mW (1876) timing: time_TX = 20905870 | time_RX = 20543071 | delta = 362799 us | count = 7 [0m
[0;33mW (1976) timing: time_TX = 21005874 | time_RX = 20643762 | delta = 362112 us | count = 8 [0m
[0;33mW (2076) timing: time_TX = 21105874 | time_RX = 20743046 | delta = 362828 us | count = 9 [0m
[0;33mW (2176) timing: time_TX = 21205885 | time_RX = 20843365 | delta = 362520 us | count = 10 [0m
[0;33mW (4176) timing: correct time offset of: 361624 us[0m
I (4176) ESPNOW: espnow [version: 1.0] deinit
E (4176) wifi:NAN WiFi stop
I (4186) wifi:flush txq
I (4186) wifi:stop sw txq
I (4186) wifi:lmac stop hw txq
I (4186) wifi:Deinit lldesc rx mblock:10
ets Jun  8 2016 00:22:57

rst:0x5 (DEEPSLEEP_RESET),boot:0x13 (SPI_FAST_FLASH_BOOT)
configsip: 0, SPIWP:0xee
clk_drv:0x00,q_drv:0x00,d_drv:0x00,cs0_drv:0x00,hd_drv:0x00,wp_drv:0x00
mode:DIO, clock div:2
load:0x3fff0030,len:7280
load:0x40078000,len:15892
ho 0 tail 12 room 4
load:0x40080400,len:4
load:0x40080404,len:3880
entry 0x4008064c
[0;32mI (31) boot: ESP-IDF v5.1.1 2nd stage bootloader[0m
[0;32mI (31) boot: compile time Oct 30 2023 14:20:37[0m
[0;32mI (31) boot: Multicore bootloader[0m
[0;32mI (35) boot: chip revision: v1.0[0m
[0;32mI (39) boot.esp32: SPI Speed      : 40MHz[0m
[0;32mI (44) boot.esp32: SPI Mode       : DIO[0m
[0;32mI (48) boot.esp32: SPI Flash Size : 4MB[0m
[0;32mI (53) boot: Enabling RNG early entropy source...[0m
[0;32mI (58) esp_image: segment 0: paddr=00010020 vaddr=3f400020 size=20170h (131440) map[0m
[0;32mI (67) esp_image: segment 1: paddr=00030198 vaddr=3ff80063 size=00008h (     8) [0m
[0;32mI (75) esp_image: segment 2: paddr=000301a8 vaddr=3ffb0000 size=03760h ( 14176) load[0m
[0;32mI (85) esp_image: segment 3: paddr=00033910 vaddr=40080000 size=0c708h ( 50952) load[0m
[0;32mI (100) esp_image: segment 4: paddr=00040020 vaddr=400d0020 size=7ced4h (511700) map[0m
[0;32mI (100) esp_image: segment 5: paddr=000bcefc vaddr=4008c708 size=0a03ch ( 41020) load[0m
[0;32mI (115) esp_image: segment 6: paddr=000c6f40 vaddr=400c0000 size=00064h (   100) [0m
[0;32mI (117) boot: Fast booting app from partition at offset 0x10000[0m
[0;32mI (123) boot: Disabling RNG early entropy source...[0m
[0;32mI (140) cpu_start: Multicore app[0m
[0;32mI (140) cpu_start: Pro cpu up.[0m
[0;32mI (140) cpu_start: Starting app cpu, entry point is 0x40081504[0m
[0;32mI (0) cpu_start: App cpu up.[0m
[0;32mI (158) cpu_start: Pro cpu start user code[0m
[0;32mI (158) cpu_start: cpu freq: 160000000 Hz[0m
[0;32mI (158) cpu_start: Application information:[0m
[0;32mI (163) cpu_start: Project name:     espnow_example[0m
[0;32mI (169) cpu_start: App version:      1[0m
[0;32mI (173) cpu_start: Compile time:     Oct 30 2023 21:24:43[0m
[0;32mI (179) cpu_start: ELF file SHA256:  4b3b8cf9e6541c6b...[0m
[0;32mI (185) cpu_start: ESP-IDF:          v5.1.1[0m
[0;32mI (190) cpu_start: Min chip rev:     v0.0[0m
[0;32mI (195) cpu_start: Max chip rev:     v3.99 [0m
[0;32mI (200) cpu_start: Chip rev:         v1.0[0m
[0;32mI (204) heap_init: Initializing. RAM available for dynamic allocation:[0m
[0;32mI (212) heap_init: At 3FFAE6E0 len 00001920 (6 KiB): DRAM[0m
[0;32mI (218) heap_init: At 3FFB7848 len 000287B8 (161 KiB): DRAM[0m
[0;32mI (224) heap_init: At 3FFE0440 len 00003AE0 (14 KiB): D/IRAM[0m
[0;32mI (230) heap_init: At 3FFE4350 len 0001BCB0 (111 KiB): D/IRAM[0m
[0;32mI (237) heap_init: At 40096744 len 000098BC (38 KiB): IRAM[0m
[0;32mI (244) spi_flash: detected chip: generic[0m
[0;32mI (247) spi_flash: flash io: dio[0m
[0;32mI (252) app_start: Starting scheduler on CPU0[0m
[0;32mI (256) app_start: Starting scheduler on CPU1[0m
[0;32mI (256) main_task: Started on CPU0[0m
[0;32mI (266) main_task: Calling app_main()[0m
I (316) wifi:wifi driver task: 3ffbf470, prio:23, stack:6656, core=0
I (336) wifi:wifi firmware version: ce9244d
I (336) wifi:wifi certification version: v7.0
I (336) wifi:config NVS flash: enabled
I (336) wifi:config nano formating: disabled
I (336) wifi:Init data frame dynamic rx buffer num: 32
I (346) wifi:Init management frame dynamic rx buffer num: 32
I (346) wifi:Init management short buffer num: 32
I (356) wifi:Init dynamic tx buffer num: 32
I (356) wifi:Init static rx buffer size: 1600
I (356) wifi:Init static rx buffer num: 10
I (366) wifi:Init dynamic rx buffer num: 32
[0;32mI (366) wifi_init: rx ba win: 6[0m
[0;32mI (376) wifi_init: tcpip mbox: 32[0m
[0;32mI (376) wifi_init: udp mbox: 6[0m
[0;32mI (376) wifi_init: tcp mbox: 6[0m
[0;32mI (386) wifi_init: tcp tx win: 5744[0m
[0;32mI (386) wifi_init: tcp rx win: 5744[0m
[0;32mI (396) wifi_init: tcp mss: 1440[0m
[0;32mI (396) wifi_init: WiFi IRAM OP enabled[0m
[0;32mI (396) wifi_init: WiFi RX IRAM OP enabled[0m
[0;32mI (406) phy_init: phy_version 4670,719f9f6,Feb 18 2021,17:07:07[0m
I (426) wifi:mode : softAP (7c:9e:bd:65:b2:3d)
I (436) wifi:Total power save buffer number: 16
I (436) wifi:Init max length of beacon: 752/752
I (436) wifi:Init max length of beacon: 752/752
I (436) ESPNOW: espnow [version: 1.0] init
I (436) wifi:Set ps type: 0, coexist: 0

[0;32mI (446) neighbor detection: Starting broadcast discovery of peers[0m
[0;32mI (456) main_task: Returned from app_main()[0m
[0;33mW (1356) timing: time_TX = 25241564 | time_RX = 24890944 | delta = 350620 us | count = 1 [0m
[0;33mW (1456) neighbor detection: last broadcast sent[0m
[0;33mW (1456) timing: time_TX = 25347851 | time_RX = 24986096 | delta = 361755 us | count = 2 [0m
[0;33mW (1486) timing: time_TX = 25447848 | time_RX = 25086040 | delta = 361808 us | count = 3 [0m
[0;33mW (1586) timing: time_TX = 25547844 | time_RX = 25185897 | delta = 361947 us | count = 4 [0m
[0;33mW (1686) timing: time_TX = 25647844 | time_RX = 25285894 | delta = 361950 us | count = 5 [0m
[0;33mW (1786) timing: time_TX = 25747844 | time_RX = 25386073 | delta = 361771 us | count = 6 [0m
[0;33mW (1886) timing: time_TX = 25847840 | time_RX = 25485883 | delta = 361957 us | count = 7 [0m
[0;33mW (1986) timing: time_TX = 25947844 | time_RX = 25585936 | delta = 361908 us | count = 8 [0m
[0;33mW (2086) timing: time_TX = 26047844 | time_RX = 25688322 | delta = 359522 us | count = 9 [0m
[0;33mW (2186) timing: time_TX = 26147855 | time_RX = 25786299 | delta = 361556 us | count = 10 [0m
[0;33mW (4186) timing: correct time offset of: 360479 us[0m
I (4186) ESPNOW: espnow [version: 1.0] deinit
E (4186) wifi:NAN WiFi stop
I (4186) wifi:flush txq
I (4186) wifi:stop sw txq
I (4186) wifi:lmac stop hw txq
I (4196) wifi:Deinit lldesc rx mblock:10
ets Jun  8 2016 00:22:57

rst:0x5 (DEEPSLEEP_RESET),boot:0x13 (SPI_FAST_FLASH_BOOT)
configsip: 0, SPIWP:0xee
clk_drv:0x00,q_drv:0x00,d_drv:0x00,cs0_drv:0x00,hd_drv:0x00,wp_drv:0x00
mode:DIO, clock div:2
load:0x3fff0030,len:7280
load:0x40078000,len:15892
ho 0 tail 12 room 4
load:0x40080400,len:4
load:0x40080404,len:3880
entry 0x4008064c
[0;32mI (31) boot: ESP-IDF v5.1.1 2nd stage bootloader[0m
[0;32mI (31) boot: compile time Oct 30 2023 14:20:37[0m
[0;32mI (31) boot: Multicore bootloader[0m
[0;32mI (35) boot: chip revision: v1.0[0m
[0;32mI (39) boot.esp32: SPI Speed      : 40MHz[0m
[0;32mI (44) boot.esp32: SPI Mode       : DIO[0m
[0;32mI (48) boot.esp32: SPI Flash Size : 4MB[0m
[0;32mI (53) boot: Enabling RNG early entropy source...[0m
[0;32mI (58) esp_image: segment 0: paddr=00010020 vaddr=3f400020 size=20170h (131440) map[0m
[0;32mI (67) esp_image: segment 1: paddr=00030198 vaddr=3ff80063 size=00008h (     8) [0m
[0;32mI (75) esp_image: segment 2: paddr=000301a8 vaddr=3ffb0000 size=03760h ( 14176) load[0m
[0;32mI (85) esp_image: segment 3: paddr=00033910 vaddr=40080000 size=0c708h ( 50952) load[0m
[0;32mI (100) esp_image: segment 4: paddr=00040020 vaddr=400d0020 size=7ced4h (511700) map[0m
[0;32mI (100) esp_image: segment 5: paddr=000bcefc vaddr=4008c708 size=0a03ch ( 41020) load[0m
[0;32mI (115) esp_image: segment 6: paddr=000c6f40 vaddr=400c0000 size=00064h (   100) [0m
[0;32mI (117) boot: Fast booting app from partition at offset 0x10000[0m
[0;32mI (123) boot: Disabling RNG early entropy source...[0m
[0;32mI (140) cpu_start: Multicore app[0m
[0;32mI (140) cpu_start: Pro cpu up.[0m
[0;32mI (140) cpu_start: Starting app cpu, entry point is 0x40081504[0m
[0;32mI (0) cpu_start: App cpu up.[0m
[0;32mI (158) cpu_start: Pro cpu start user code[0m
[0;32mI (158) cpu_start: cpu freq: 160000000 Hz[0m
[0;32mI (158) cpu_start: Application information:[0m
[0;32mI (163) cpu_start: Project name:     espnow_example[0m
[0;32mI (169) cpu_start: App version:      1[0m
[0;32mI (173) cpu_start: Compile time:     Oct 30 2023 21:24:43[0m
[0;32mI (179) cpu_start: ELF file SHA256:  4b3b8cf9e6541c6b...[0m
[0;32mI (185) cpu_start: ESP-IDF:          v5.1.1[0m
[0;32mI (190) cpu_start: Min chip rev:     v0.0[0m
[0;32mI (195) cpu_start: Max chip rev:     v3.99 [0m
[0;32mI (200) cpu_start: Chip rev:         v1.0[0m
[0;32mI (204) heap_init: Initializing. RAM available for dynamic allocation:[0m
[0;32mI (212) heap_init: At 3FFAE6E0 len 00001920 (6 KiB): DRAM[0m
[0;32mI (218) heap_init: At 3FFB7848 len 000287B8 (161 KiB): DRAM[0m
[0;32mI (224) heap_init: At 3FFE0440 len 00003AE0 (14 KiB): D/IRAM[0m
[0;32mI (230) heap_init: At 3FFE4350 len 0001BCB0 (111 KiB): D/IRAM[0m
[0;32mI (237) heap_init: At 40096744 len 000098BC (38 KiB): IRAM[0m
[0;32mI (244) spi_flash: detected chip: generic[0m
[0;32mI (247) spi_flash: flash io: dio[0m
[0;32mI (252) app_start: Starting scheduler on CPU0[0m
[0;32mI (256) app_start: Starting scheduler on CPU1[0m
[0;32mI (256) main_task: Started on CPU0[0m
[0;32mI (266) main_task: Calling app_main()[0m
I (316) wifi:wifi driver task: 3ffbf470, prio:23, stack:6656, core=0
I (336) wifi:wifi firmware version: ce9244d
I (336) wifi:wifi certification version: v7.0
I (336) wifi:config NVS flash: enabled
I (336) wifi:config nano formating: disabled
I (336) wifi:Init data frame dynamic rx buffer num: 32
I (346) wifi:Init management frame dynamic rx buffer num: 32
I (346) wifi:Init management short buffer num: 32
I (356) wifi:Init dynamic tx buffer num: 32
I (356) wifi:Init static rx buffer size: 1600
I (356) wifi:Init static rx buffer num: 10
I (366) wifi:Init dynamic rx buffer num: 32
[0;32mI (366) wifi_init: rx ba win: 6[0m
[0;32mI (376) wifi_init: tcpip mbox: 32[0m
[0;32mI (376) wifi_init: udp mbox: 6[0m
[0;32mI (376) wifi_init: tcp mbox: 6[0m
[0;32mI (386) wifi_init: tcp tx win: 5744[0m
[0;32mI (386) wifi_init: tcp rx win: 5744[0m
[0;32mI (396) wifi_init: tcp mss: 1440[0m
[0;32mI (396) wifi_init: WiFi IRAM OP enabled[0m
[0;32mI (396) wifi_init: WiFi RX IRAM OP enabled[0m
[0;32mI (406) phy_init: phy_version 4670,719f9f6,Feb 18 2021,17:07:07[0m
I (426) wifi:mode : softAP (7c:9e:bd:65:b2:3d)
I (436) wifi:Total power save buffer number: 16
I (436) wifi:Init max length of beacon: 752/752
I (436) wifi:Init max length of beacon: 752/752
I (436) ESPNOW: espnow [version: 1.0] init
I (436) wifi:Set ps type: 0, coexist: 0

[0;32mI (446) neighbor detection: Starting broadcast discovery of peers[0m
[0;32mI (456) main_task: Returned from app_main()[0m
[0;33mW (1356) timing: time_TX = 30181763 | time_RX = 29828999 | delta = 352764 us | count = 1 [0m
[0;33mW (1456) neighbor detection: last broadcast sent[0m
[0;33mW (1456) timing: time_TX = 30288049 | time_RX = 29928348 | delta = 359701 us | count = 2 [0m
[0;33mW (1476) timing: time_TX = 30388046 | time_RX = 30028294 | delta = 359752 us | count = 3 [0m
[0;33mW (1576) timing: time_TX = 30488042 | time_RX = 30128148 | delta = 359894 us | count = 4 [0m
[0;33mW (1676) timing: time_TX = 30588042 | time_RX = 30228148 | delta = 359894 us | count = 5 [0m
[0;33mW (1776) timing: time_TX = 30688042 | time_RX = 30328319 | delta = 359723 us | count = 6 [0m
[0;33mW (1876) timing: time_TX = 30788038 | time_RX = 30428143 | delta = 359895 us | count = 7 [0m
[0;33mW (1976) timing: time_TX = 30888042 | time_RX = 30530090 | delta = 357952 us | count = 8 [0m
[0;33mW (2076) timing: time_TX = 30988042 | time_RX = 30628117 | delta = 359925 us | count = 9 [0m
[0;33mW (2176) timing: time_TX = 31088053 | time_RX = 30728426 | delta = 359627 us | count = 10 [0m
[0;33mW (4176) timing: correct time offset of: 358912 us[0m
I (4176) ESPNOW: espnow [version: 1.0] deinit
E (4176) wifi:NAN WiFi stop
I (4176) wifi:flush txq
I (4176) wifi:stop sw txq
I (4176) wifi:lmac stop hw txq
I (4186) wifi:Deinit lldesc rx mblock:10
ets Jun  8 2016 00:22:57

rst:0x5 (DEEPSLEEP_RESET),boot:0x13 (SPI_FAST_FLASH_BOOT)
configsip: 0, SPIWP:0xee
clk_drv:0x00,q_drv:0x00,d_drv:0x00,cs0_drv:0x00,hd_drv:0x00,wp_drv:0x00
mode:DIO, clock div:2
load:0x3fff0030,len:7280
load:0x40078000,len:15892
ho 0 tail 12 room 4
load:0x40080400,len:4
load:0x40080404,len:3880
entry 0x4008064c
[0;32mI (31) boot: ESP-IDF v5.1.1 2nd stage bootloader[0m
[0;32mI (31) boot: compile time Oct 30 2023 14:20:37[0m
[0;32mI (31) boot: Multicore bootloader[0m
[0;32mI (35) boot: chip revision: v1.0[0m
[0;32mI (39) boot.esp32: SPI Speed      : 40MHz[0m
[0;32mI (44) boot.esp32: SPI Mode       : DIO[0m
[0;32mI (48) boot.esp32: SPI Flash Size : 4MB[0m
[0;32mI (53) boot: Enabling RNG early entropy source...[0m
[0;32mI (58) esp_image: segment 0: paddr=00010020 vaddr=3f400020 size=20170h (131440) map[0m
[0;32mI (67) esp_image: segment 1: paddr=00030198 vaddr=3ff80063 size=00008h (     8) [0m
[0;32mI (75) esp_image: segment 2: paddr=000301a8 vaddr=3ffb0000 size=03760h ( 14176) load[0m
[0;32mI (85) esp_image: segment 3: paddr=00033910 vaddr=40080000 size=0c708h ( 50952) load[0m
[0;32mI (100) esp_image: segment 4: paddr=00040020 vaddr=400d0020 size=7ced4h (511700) map[0m
[0;32mI (100) esp_image: segment 5: paddr=000bcefc vaddr=4008c708 size=0a03ch ( 41020) load[0m
[0;32mI (115) esp_image: segment 6: paddr=000c6f40 vaddr=400c0000 size=00064h (   100) [0m
[0;32mI (117) boot: Fast booting app from partition at offset 0x10000[0m
[0;32mI (123) boot: Disabling RNG early entropy source...[0m
[0;32mI (140) cpu_start: Multicore app[0m
[0;32mI (140) cpu_start: Pro cpu up.[0m
[0;32mI (140) cpu_start: Starting app cpu, entry point is 0x40081504[0m
[0;32mI (0) cpu_start: App cpu up.[0m
[0;32mI (158) cpu_start: Pro cpu start user code[0m
[0;32mI (158) cpu_start: cpu freq: 160000000 Hz[0m
[0;32mI (158) cpu_start: Application information:[0m
[0;32mI (163) cpu_start: Project name:     espnow_example[0m
[0;32mI (169) cpu_start: App version:      1[0m
[0;32mI (173) cpu_start: Compile time:     Oct 30 2023 21:24:43[0m
[0;32mI (179) cpu_start: ELF file SHA256:  4b3b8cf9e6541c6b...[0m
[0;32mI (185) cpu_start: ESP-IDF:          v5.1.1[0m
[0;32mI (190) cpu_start: Min chip rev:     v0.0[0m
[0;32mI (195) cpu_start: Max chip rev:     v3.99 [0m
[0;32mI (200) cpu_start: Chip rev:         v1.0[0m
[0;32mI (204) heap_init: Initializing. RAM available for dynamic allocation:[0m
[0;32mI (212) heap_init: At 3FFAE6E0 len 00001920 (6 KiB): DRAM[0m
[0;32mI (218) heap_init: At 3FFB7848 len 000287B8 (161 KiB): DRAM[0m
[0;32mI (224) heap_init: At 3FFE0440 len 00003AE0 (14 KiB): D/IRAM[0m
[0;32mI (230) heap_init: At 3FFE4350 len 0001BCB0 (111 KiB): D/IRAM[0m
[0;32mI (237) heap_init: At 40096744 len 000098BC (38 KiB): IRAM[0m
[0;32mI (244) spi_flash: detected chip: generic[0m
[0;32mI (247) spi_flash: flash io: dio[0m
[0;32mI (252) app_start: Starting scheduler on CPU0[0m
[0;32mI (256) app_start: Starting scheduler on CPU1[0m
[0;32mI (256) main_task: Started on CPU0[0m
[0;32mI (266) main_task: Calling app_main()[0m
I (316) wifi:wifi driver task: 3ffbf470, prio:23, stack:6656, core=0
I (336) wifi:wifi firmware version: ce9244d
I (336) wifi:wifi certification version: v7.0
I (336) wifi:config NVS flash: enabled
I (336) wifi:config nano formating: disabled
I (336) wifi:Init data frame dynamic rx buffer num: 32
I (346) wifi:Init management frame dynamic rx buffer num: 32
I (346) wifi:Init management short buffer num: 32
I (356) wifi:Init dynamic tx buffer num: 32
I (356) wifi:Init static rx buffer size: 1600
I (356) wifi:Init static rx buffer num: 10
I (366) wifi:Init dynamic rx buffer num: 32
[0;32mI (366) wifi_init: rx ba win: 6[0m
[0;32mI (376) wifi_init: tcpip mbox: 32[0m
[0;32mI (376) wifi_init: udp mbox: 6[0m
[0;32mI (376) wifi_init: tcp mbox: 6[0m
[0;32mI (386) wifi_init: tcp tx win: 5744[0m
[0;32mI (386) wifi_init: tcp rx win: 5744[0m
[0;32mI (396) wifi_init: tcp mss: 1440[0m
[0;32mI (396) wifi_init: WiFi IRAM OP enabled[0m
[0;32mI (396) wifi_init: WiFi RX IRAM OP enabled[0m
[0;32mI (406) phy_init: phy_version 4670,719f9f6,Feb 18 2021,17:07:07[0m
I (426) wifi:mode : softAP (7c:9e:bd:65:b2:3d)
I (436) wifi:Total power save buffer number: 16
I (436) wifi:Init max length of beacon: 752/752
I (436) wifi:Init max length of beacon: 752/752
I (436) ESPNOW: espnow [version: 1.0] init
I (436) wifi:Set ps type: 0, coexist: 0

[0;32mI (446) neighbor detection: Starting broadcast discovery of peers[0m
[0;32mI (456) main_task: Returned from app_main()[0m
[0;33mW (1356) timing: time_TX = 35120029 | time_RX = 34767950 | delta = 352079 us | count = 1 [0m
[0;33mW (1456) neighbor detection: last broadcast sent[0m
[0;33mW (1456) timing: time_TX = 35226317 | time_RX = 34867269 | delta = 359048 us | count = 2 [0m
[0;33mW (1476) timing: time_TX = 35326314 | time_RX = 34967226 | delta = 359088 us | count = 3 [0m
[0;33mW (1576) timing: time_TX = 35426310 | time_RX = 35067067 | delta = 359243 us | count = 4 [0m
[0;33mW (1676) timing: time_TX = 35526310 | time_RX = 35167093 | delta = 359217 us | count = 5 [0m
[0;33mW (1776) timing: time_TX = 35626310 | time_RX = 35267319 | delta = 358991 us | count = 6 [0m
[0;33mW (1876) timing: time_TX = 35726306 | time_RX = 35367354 | delta = 358952 us | count = 7 [0m
[0;33mW (1976) timing: time_TX = 35826310 | time_RX = 35467100 | delta = 359210 us | count = 8 [0m
[0;33mW (2076) timing: time_TX = 35926325 | time_RX = 35567283 | delta = 359042 us | count = 9 [0m
[0;33mW (2176) timing: time_TX = 36026314 | time_RX = 35667360 | delta = 358954 us | count = 10 [0m
[0;33mW (4176) timing: correct time offset of: 358382 us[0m
I (4176) ESPNOW: espnow [version: 1.0] deinit
E (4176) wifi:NAN WiFi stop
I (4176) wifi:flush txq
I (4176) wifi:stop sw txq
I (4176) wifi:lmac stop hw txq
I (4186) wifi:Deinit lldesc rx mblock:10
ets Jun  8 2016 00:22:57

rst:0x5 (DEEPSLEEP_RESET),boot:0x13 (SPI_FAST_FLASH_BOOT)
configsip: 0, SPIWP:0xee
clk_drv:0x00,q_drv:0x00,d_drv:0x00,cs0_drv:0x00,hd_drv:0x00,wp_drv:0x00
mode:DIO, clock div:2
load:0x3fff0030,len:7280
load:0x40078000,len:15892
ho 0 tail 12 room 4
load:0x40080400,len:4
load:0x40080404,len:3880
entry 0x4008064c
[0;32mI (31) boot: ESP-IDF v5.1.1 2nd stage bootloader[0m
[0;32mI (31) boot: compile time Oct 30 2023 14:20:37[0m
[0;32mI (31) boot: Multicore bootloader[0m
[0;32mI (35) boot: chip revision: v1.0[0m
[0;32mI (39) boot.esp32: SPI Speed      : 40MHz[0m
[0;32mI (44) boot.esp32: SPI Mode       : DIO[0m
[0;32mI (48) boot.esp32: SPI Flash Size : 4MB[0m
[0;32mI (53) boot: Enabling RNG early entropy source...[0m
[0;32mI (58) esp_image: segment 0: paddr=00010020 vaddr=3f400020 size=20170h (131440) map[0m
[0;32mI (67) esp_image: segment 1: paddr=00030198 vaddr=3ff80063 size=00008h (     8) [0m
[0;32mI (75) esp_image: segment 2: paddr=000301a8 vaddr=3ffb0000 size=03760h ( 14176) load[0m
[0;32mI (85) esp_image: segment 3: paddr=00033910 vaddr=40080000 size=0c708h ( 50952) load[0m
[0;32mI (100) esp_image: segment 4: paddr=00040020 vaddr=400d0020 size=7ced4h (511700) map[0m
[0;32mI (100) esp_image: segment 5: paddr=000bcefc vaddr=4008c708 size=0a03ch ( 41020) load[0m
[0;32mI (115) esp_image: segment 6: paddr=000c6f40 vaddr=400c0000 size=00064h (   100) [0m
[0;32mI (117) boot: Fast booting app from partition at offset 0x10000[0m
[0;32mI (123) boot: Disabling RNG early entropy source...[0m
[0;32mI (140) cpu_start: Multicore app[0m
[0;32mI (140) cpu_start: Pro cpu up.[0m
[0;32mI (140) cpu_start: Starting app cpu, entry point is 0x40081504[0m
[0;32mI (0) cpu_start: App cpu up.[0m
[0;32mI (158) cpu_start: Pro cpu start user code[0m
[0;32mI (158) cpu_start: cpu freq: 160000000 Hz[0m
[0;32mI (158) cpu_start: Application information:[0m
[0;32mI (163) cpu_start: Project name:     espnow_example[0m
[0;32mI (169) cpu_start: App version:      1[0m
[0;32mI (173) cpu_start: Compile time:     Oct 30 2023 21:24:43[0m
[0;32mI (179) cpu_start: ELF file SHA256:  4b3b8cf9e6541c6b...[0m
[0;32mI (185) cpu_start: ESP-IDF:          v5.1.1[0m
[0;32mI (190) cpu_start: Min chip rev:     v0.0[0m
[0;32mI (195) cpu_start: Max chip rev:     v3.99 [0m
[0;32mI (200) cpu_start: Chip rev:         v1.0[0m
[0;32mI (204) heap_init: Initializing. RAM available for dynamic allocation:[0m
[0;32mI (212) heap_init: At 3FFAE6E0 len 00001920 (6 KiB): DRAM[0m
[0;32mI (218) heap_init: At 3FFB7848 len 000287B8 (161 KiB): DRAM[0m
[0;32mI (224) heap_init: At 3FFE0440 len 00003AE0 (14 KiB): D/IRAM[0m
[0;32mI (230) heap_init: At 3FFE4350 len 0001BCB0 (111 KiB): D/IRAM[0m
[0;32mI (237) heap_init: At 40096744 len 000098BC (38 KiB): IRAM[0m
[0;32mI (244) spi_flash: detected chip: generic[0m
[0;32mI (247) spi_flash: flash io: dio[0m
[0;32mI (252) app_start: Starting scheduler on CPU0[0m
[0;32mI (256) app_start: Starting scheduler on CPU1[0m
[0;32mI (256) main_task: Started on CPU0[0m
[0;32mI (266) main_task: Calling app_main()[0m
I (316) wifi:wifi driver task: 3ffbf470, prio:23, stack:6656, core=0
I (336) wifi:wifi firmware version: ce9244d
I (336) wifi:wifi certification version: v7.0
I (336) wifi:config NVS flash: enabled
I (336) wifi:config nano formating: disabled
I (336) wifi:Init data frame dynamic rx buffer num: 32
I (346) wifi:Init management frame dynamic rx buffer num: 32
I (346) wifi:Init management short buffer num: 32
I (356) wifi:Init dynamic tx buffer num: 32
I (356) wifi:Init static rx buffer size: 1600
I (356) wifi:Init static rx buffer num: 10
I (366) wifi:Init dynamic rx buffer num: 32
[0;32mI (366) wifi_init: rx ba win: 6[0m
[0;32mI (376) wifi_init: tcpip mbox: 32[0m
[0;32mI (376) wifi_init: udp mbox: 6[0m
[0;32mI (376) wifi_init: tcp mbox: 6[0m
[0;32mI (386) wifi_init: tcp tx win: 5744[0m
[0;32mI (386) wifi_init: tcp rx win: 5744[0m
[0;32mI (396) wifi_init: tcp mss: 1440[0m
[0;32mI (396) wifi_init: WiFi IRAM OP enabled[0m
[0;32mI (396) wifi_init: WiFi RX IRAM OP enabled[0m
[0;32mI (406) phy_init: phy_version 4670,719f9f6,Feb 18 2021,17:07:07[0m
I (426) wifi:mode : softAP (7c:9e:bd:65:b2:3d)
I (436) wifi:Total power save buffer number: 16
I (436) wifi:Init max length of beacon: 752/752
I (436) wifi:Init max length of beacon: 752/752
I (436) ESPNOW: espnow [version: 1.0] init
I (436) wifi:Set ps type: 0, coexist: 0

[0;32mI (446) neighbor detection: Starting broadcast discovery of peers[0m
[0;32mI (456) main_task: Returned from app_main()[0m
[0;33mW (1356) timing: time_TX = 40057369 | time_RX = 39707290 | delta = 350079 us | count = 1 [0m
[0;33mW (1456) neighbor detection: last broadcast sent[0m
[0;33mW (1456) timing: time_TX = 40163657 | time_RX = 39806609 | delta = 357048 us | count = 2 [0m
[0;33mW (1476) timing: time_TX = 40263654 | time_RX = 39906562 | delta = 357092 us | count = 3 [0m
[0;33mW (1576) timing: time_TX = 40363650 | time_RX = 40006439 | delta = 357211 us | count = 4 [0m
[0;33mW (1686) timing: time_TX = 40463650 | time_RX = 40119190 | delta = 344460 us | count = 5 [0m
[0;33mW (1786) timing: time_TX = 40573650 | time_RX = 40216424 | delta = 357226 us | count = 6 [0m
[0;33mW (1886) timing: time_TX = 40673650 | time_RX = 40316415 | delta = 357235 us | count = 7 [0m
[0;33mW (1986) timing: time_TX = 40773649 | time_RX = 40416426 | delta = 357223 us | count = 8 [0m
[0;33mW (2086) timing: time_TX = 40873650 | time_RX = 40516421 | delta = 357229 us | count = 9 [0m
[0;33mW (2186) timing: time_TX = 40973661 | time_RX = 40617962 | delta = 355699 us | count = 10 [0m
[0;33mW (4186) timing: correct time offset of: 355050 us[0m
I (4186) ESPNOW: espnow [version: 1.0] deinit
E (4186) wifi:NAN WiFi stop
I (4186) wifi:flush txq
I (4186) wifi:stop sw txq
I (4186) wifi:lmac stop hw txq
I (4196) wifi:Deinit lldesc rx mblock:10
ets Jun  8 2016 00:22:57

rst:0x5 (DEEPSLEEP_RESET),boot:0x13 (SPI_FAST_FLASH_BOOT)
configsip: 0, SPIWP:0xee
clk_drv:0x00,q_drv:0x00,d_drv:0x00,cs0_drv:0x00,hd_drv:0x00,wp_drv:0x00
mode:DIO, clock div:2
load:0x3fff0030,len:7280
load:0x40078000,len:15892
ho 0 tail 12 room 4
load:0x40080400,len:4
load:0x40080404,len:3880
entry 0x4008064c
[0;32mI (31) boot: ESP-IDF v5.1.1 2nd stage bootloader[0m
[0;32mI (31) boot: compile time Oct 30 2023 14:20:37[0m
[0;32mI (31) boot: Multicore bootloader[0m
[0;32mI (35) boot: chip revision: v1.0[0m
[0;32mI (39) boot.esp32: SPI Speed      : 40MHz[0m
[0;32mI (44) boot.esp32: SPI Mode       : DIO[0m
[0;32mI (48) boot.esp32: SPI Flash Size : 4MB[0m
[0;32mI (53) boot: Enabling RNG early entropy source...[0m
[0;32mI (58) esp_image: segment 0: paddr=00010020 vaddr=3f400020 size=20170h (131440) map[0m
[0;32mI (67) esp_image: segment 1: paddr=00030198 vaddr=3ff80063 size=00008h (     8) [0m
[0;32mI (75) esp_image: segment 2: paddr=000301a8 vaddr=3ffb0000 size=03760h ( 14176) load[0m
[0;32mI (85) esp_image: segment 3: paddr=00033910 vaddr=40080000 size=0c708h ( 50952) load[0m
[0;32mI (100) esp_image: segment 4: paddr=00040020 vaddr=400d0020 size=7ced4h (511700) map[0m
[0;32mI (100) esp_image: segment 5: paddr=000bcefc vaddr=4008c708 size=0a03ch ( 41020) load[0m
[0;32mI (115) esp_image: segment 6: paddr=000c6f40 vaddr=400c0000 size=00064h (   100) [0m
[0;32mI (117) boot: Fast booting app from partition at offset 0x10000[0m
[0;32mI (123) boot: Disabling RNG early entropy source...[0m
[0;32mI (140) cpu_start: Multicore app[0m
[0;32mI (140) cpu_start: Pro cpu up.[0m
[0;32mI (140) cpu_start: Starting app cpu, entry point is 0x40081504[0m
[0;32mI (0) cpu_start: App cpu up.[0m
[0;32mI (158) cpu_start: Pro cpu start user code[0m
[0;32mI (158) cpu_start: cpu freq: 160000000 Hz[0m
[0;32mI (158) cpu_start: Application information:[0m
[0;32mI (163) cpu_start: Project name:     espnow_example[0m
[0;32mI (169) cpu_start: App version:      1[0m
[0;32mI (173) cpu_start: Compile time:     Oct 30 2023 21:24:43[0m
[0;32mI (179) cpu_start: ELF file SHA256:  4b3b8cf9e6541c6b...[0m
[0;32mI (185) cpu_start: ESP-IDF:          v5.1.1[0m
[0;32mI (190) cpu_start: Min chip rev:     v0.0[0m
[0;32mI (195) cpu_start: Max chip rev:     v3.99 [0m
[0;32mI (200) cpu_start: Chip rev:         v1.0[0m
[0;32mI (204) heap_init: Initializing. RAM available for dynamic allocation:[0m
[0;32mI (212) heap_init: At 3FFAE6E0 len 00001920 (6 KiB): DRAM[0m
[0;32mI (218) heap_init: At 3FFB7848 len 000287B8 (161 KiB): DRAM[0m
[0;32mI (224) heap_init: At 3FFE0440 len 00003AE0 (14 KiB): D/IRAM[0m
[0;32mI (230) heap_init: At 3FFE4350 len 0001BCB0 (111 KiB): D/IRAM[0m
[0;32mI (237) heap_init: At 40096744 len 000098BC (38 KiB): IRAM[0m
[0;32mI (244) spi_flash: detected chip: generic[0m
[0;32mI (247) spi_flash: flash io: dio[0m
[0;32mI (252) app_start: Starting scheduler on CPU0[0m
[0;32mI (256) app_start: Starting scheduler on CPU1[0m
[0;32mI (256) main_task: Started on CPU0[0m
[0;32mI (266) main_task: Calling app_main()[0m
I (316) wifi:wifi driver task: 3ffbf470, prio:23, stack:6656, core=0
I (336) wifi:wifi firmware version: ce9244d
I (336) wifi:wifi certification version: v7.0
I (336) wifi:config NVS flash: enabled
I (336) wifi:config nano formating: disabled
I (336) wifi:Init data frame dynamic rx buffer num: 32
I (346) wifi:Init management frame dynamic rx buffer num: 32
I (346) wifi:Init management short buffer num: 32
I (356) wifi:Init dynamic tx buffer num: 32
I (356) wifi:Init static rx buffer size: 1600
I (356) wifi:Init static rx buffer num: 10
I (366) wifi:Init dynamic rx buffer num: 32
[0;32mI (366) wifi_init: rx ba win: 6[0m
[0;32mI (376) wifi_init: tcpip mbox: 32[0m
[0;32mI (376) wifi_init: udp mbox: 6[0m
