ets Jun  8 2016 00:22:57

rst:0x1 (POWERON_RESET),boot:0x13 (SPI_FAST_FLASH_BOOT)
configsip: 0, SPIWP:0xee
clk_drv:0x00,q_drv:0x00,d_drv:0x00,cs0_drv:0x00,hd_drv:0x00,wp_drv:0x00
mode:DIO, clock div:2
load:0x3fff0030,len:7280
load:0x40078000,len:15892
ho 0 tail 12 room 4
load:0x40080400,len:4
load:0x40080404,len:3880
entry 0x4008064c
[0;32mI (30) boot: ESP-IDF v5.1.1 2nd stage bootloader[0m
[0;32mI (30) boot: compile time Oct 30 2023 14:20:37[0m
[0;32mI (31) boot: Multicore bootloader[0m
[0;32mI (35) boot: chip revision: v1.0[0m
[0;32mI (38) boot.esp32: SPI Speed      : 40MHz[0m
[0;32mI (43) boot.esp32: SPI Mode       : DIO[0m
[0;32mI (48) boot.esp32: SPI Flash Size : 4MB[0m
[0;32mI (52) boot: Enabling RNG early entropy source...[0m
[0;32mI (58) boot: Partition Table:[0m
[0;32mI (61) boot: ## Label            Usage          Type ST Offset   Length[0m
[0;32mI (68) boot:  0 nvs              WiFi data        01 02 00009000 00006000[0m
[0;32mI (76) boot:  1 phy_init         RF data          01 01 0000f000 00001000[0m
[0;32mI (83) boot:  2 factory          factory app      00 00 00010000 00100000[0m
[0;32mI (91) boot: End of partition table[0m
[0;32mI (95) esp_image: segment 0: paddr=00010020 vaddr=3f400020 size=20170h (131440) map[0m
[0;32mI (151) esp_image: segment 1: paddr=00030198 vaddr=3ff80063 size=00008h (     8) load[0m
[0;32mI (151) esp_image: segment 2: paddr=000301a8 vaddr=3ffb0000 size=03760h ( 14176) load[0m
[0;32mI (162) esp_image: segment 3: paddr=00033910 vaddr=40080000 size=0c708h ( 50952) load[0m
[0;32mI (186) esp_image: segment 4: paddr=00040020 vaddr=400d0020 size=7ced4h (511700) map[0m
[0;32mI (371) esp_image: segment 5: paddr=000bcefc vaddr=4008c708 size=0a03ch ( 41020) load[0m
[0;32mI (389) esp_image: segment 6: paddr=000c6f40 vaddr=400c0000 size=00064h (   100) load[0m
[0;32mI (400) boot: Loaded app from partition at offset 0x10000[0m
[0;32mI (400) boot: Disabling RNG early entropy source...[0m
[0;32mI (412) cpu_start: Multicore app[0m
[0;32mI (412) cpu_start: Pro cpu up.[0m
[0;32mI (412) cpu_start: Starting app cpu, entry point is 0x40081504[0m
[0;32mI (0) cpu_start: App cpu up.[0m
[0;32mI (430) cpu_start: Pro cpu start user code[0m
[0;32mI (430) cpu_start: cpu freq: 160000000 Hz[0m
[0;32mI (430) cpu_start: Application information:[0m
[0;32mI (435) cpu_start: Project name:     espnow_example[0m
[0;32mI (440) cpu_start: App version:      1[0m
[0;32mI (445) cpu_start: Compile time:     Oct 30 2023 21:24:43[0m
[0;32mI (451) cpu_start: ELF file SHA256:  4b3b8cf9e6541c6b...[0m
[0;32mI (457) cpu_start: ESP-IDF:          v5.1.1[0m
[0;32mI (462) cpu_start: Min chip rev:     v0.0[0m
[0;32mI (467) cpu_start: Max chip rev:     v3.99 [0m
[0;32mI (471) cpu_start: Chip rev:         v1.0[0m
[0;32mI (476) heap_init: Initializing. RAM available for dynamic allocation:[0m
[0;32mI (483) heap_init: At 3FFAE6E0 len 00001920 (6 KiB): DRAM[0m
[0;32mI (489) heap_init: At 3FFB7848 len 000287B8 (161 KiB): DRAM[0m
[0;32mI (496) heap_init: At 3FFE0440 len 00003AE0 (14 KiB): D/IRAM[0m
[0;32mI (502) heap_init: At 3FFE4350 len 0001BCB0 (111 KiB): D/IRAM[0m
[0;32mI (508) heap_init: At 40096744 len 000098BC (38 KiB): IRAM[0m
[0;32mI (516) spi_flash: detected chip: generic[0m
[0;32mI (519) spi_flash: flash io: dio[0m
[0;32mI (524) app_start: Starting scheduler on CPU0[0m
[0;32mI (528) app_start: Starting scheduler on CPU1[0m
[0;32mI (528) main_task: Started on CPU0[0m
[0;32mI (538) main_task: Calling app_main()[0m
[0;31mE (538) neighbor detection: Reset not triggert by deepsleep wakeup!!![0m
I (588) wifi:wifi driver task: 3ffbf520, prio:23, stack:6656, core=0
I (608) wifi:wifi firmware version: ce9244d
I (608) wifi:wifi certification version: v7.0
I (608) wifi:config NVS flash: enabled
I (608) wifi:config nano formating: disabled
I (608) wifi:Init data frame dynamic rx buffer num: 32
I (618) wifi:Init management frame dynamic rx buffer num: 32
I (618) wifi:Init management short buffer num: 32
I (628) wifi:Init dynamic tx buffer num: 32
I (628) wifi:Init static rx buffer size: 1600
I (628) wifi:Init static rx buffer num: 10
I (638) wifi:Init dynamic rx buffer num: 32
[0;32mI (638) wifi_init: rx ba win: 6[0m
[0;32mI (648) wifi_init: tcpip mbox: 32[0m
[0;32mI (648) wifi_init: udp mbox: 6[0m
[0;32mI (648) wifi_init: tcp mbox: 6[0m
[0;32mI (658) wifi_init: tcp tx win: 5744[0m
[0;32mI (658) wifi_init: tcp rx win: 5744[0m
[0;32mI (668) wifi_init: tcp mss: 1440[0m
[0;32mI (668) wifi_init: WiFi IRAM OP enabled[0m
[0;32mI (668) wifi_init: WiFi RX IRAM OP enabled[0m
[0;32mI (678) phy_init: phy_version 4670,719f9f6,Feb 18 2021,17:07:07[0m
I (788) wifi:mode : softAP (7c:9e:bd:61:49:65)
I (788) wifi:Total power save buffer number: 16
I (788) wifi:Init max length of beacon: 752/752
I (788) wifi:Init max length of beacon: 752/752
I (798) ESPNOW: espnow [version: 1.0] init
I (798) wifi:Set ps type: 0, coexist: 0

[0;32mI (798) neighbor detection: Starting broadcast discovery of peers[0m
[0;32mI (808) main_task: Returned from app_main()[0m
[0;33mW (918) timing: time_TX = 3287851312 | time_RX = 283307 | delta = 3287568005 us | count = 1 [0m
[0;33mW (1018) timing: time_TX = 3287961346 | time_RX = 393035 | delta = 3287568311 us | count = 2 [0m
[0;33mW (1118) timing: time_TX = 3288071286 | time_RX = 502868 | delta = 3287568418 us | count = 3 [0m
[0;33mW (1218) timing: time_TX = 3288181286 | time_RX = 612848 | delta = 3287568438 us | count = 4 [0m
[0;33mW (1318) timing: time_TX = 3288291445 | time_RX = 723186 | delta = 3287568259 us | count = 5 [0m
[0;33mW (1818) neighbor detection: last broadcast sent[0m
[0;33mW (3818) timing: correct time offset of: 3287568286 us[0m
[0;31mE (3818) timing_functions: Time adjustment failed![0m
I (3818) ESPNOW: espnow [version: 1.0] deinit
E (3818) wifi:NAN WiFi stop
I (3818) wifi:flush txq
I (3818) wifi:stop sw txq
I (3828) wifi:lmac stop hw txq
I (3828) wifi:Deinit lldesc rx mblock:10
ets Jun  8 2016 00:22:57

rst:0x5 (DEEPSLEEP_RESET),boot:0x13 (SPI_FAST_FLASH_BOOT)
configsip: 0, SPIWP:0xee
clk_drv:0x00,q_drv:0x00,d_drv:0x00,cs0_drv:0x00,hd_drv:0x00,wp_drv:0x00
mode:DIO, clock div:2
load:0x3fff0030,len:7280
load:0x40078000,len:15892
ho 0 tail 12 room 4
load:0x40080400,len:4
load:0x40080404,len:3880
entry 0x4008064c
[0;32mI (31) boot: ESP-IDF v5.1.1 2nd stage bootloader[0m
[0;32mI (31) boot: compile time Oct 30 2023 14:20:37[0m
[0;32mI (31) boot: Multicore bootloader[0m
[0;32mI (35) boot: chip revision: v1.0[0m
[0;32mI (39) boot.esp32: SPI Speed      : 40MHz[0m
[0;32mI (44) boot.esp32: SPI Mode       : DIO[0m
[0;32mI (48) boot.esp32: SPI Flash Size : 4MB[0m
[0;32mI (53) boot: Enabling RNG early entropy source...[0m
[0;32mI (58) esp_image: segment 0: paddr=00010020 vaddr=3f400020 size=20170h (131440) map[0m
[0;32mI (67) esp_image: segment 1: paddr=00030198 vaddr=3ff80063 size=00008h (     8) [0m
[0;32mI (75) esp_image: segment 2: paddr=000301a8 vaddr=3ffb0000 size=03760h ( 14176) load[0m
[0;32mI (85) esp_image: segment 3: paddr=00033910 vaddr=40080000 size=0c708h ( 50952) load[0m
[0;32mI (100) esp_image: segment 4: paddr=00040020 vaddr=400d0020 size=7ced4h (511700) map[0m
[0;32mI (100) esp_image: segment 5: paddr=000bcefc vaddr=4008c708 size=0a03ch ( 41020) load[0m
[0;32mI (115) esp_image: segment 6: paddr=000c6f40 vaddr=400c0000 size=00064h (   100) [0m
[0;32mI (117) boot: Fast booting app from partition at offset 0x10000[0m
[0;32mI (123) boot: Disabling RNG early entropy source...[0m
[0;32mI (140) cpu_start: Multicore app[0m
[0;32mI (140) cpu_start: Pro cpu up.[0m
[0;32mI (140) cpu_start: Starting app cpu, entry point is 0x40081504[0m
[0;32mI (0) cpu_start: App cpu up.[0m
[0;32mI (158) cpu_start: Pro cpu start user code[0m
[0;32mI (158) cpu_start: cpu freq: 160000000 Hz[0m
[0;32mI (158) cpu_start: Application information:[0m
[0;32mI (163) cpu_start: Project name:     espnow_example[0m
[0;32mI (169) cpu_start: App version:      1[0m
[0;32mI (173) cpu_start: Compile time:     Oct 30 2023 21:24:43[0m
[0;32mI (179) cpu_start: ELF file SHA256:  4b3b8cf9e6541c6b...[0m
[0;32mI (185) cpu_start: ESP-IDF:          v5.1.1[0m
[0;32mI (190) cpu_start: Min chip rev:     v0.0[0m
[0;32mI (195) cpu_start: Max chip rev:     v3.99 [0m
[0;32mI (200) cpu_start: Chip rev:         v1.0[0m
[0;32mI (204) heap_init: Initializing. RAM available for dynamic allocation:[0m
[0;32mI (212) heap_init: At 3FFAE6E0 len 00001920 (6 KiB): DRAM[0m
[0;32mI (218) heap_init: At 3FFB7848 len 000287B8 (161 KiB): DRAM[0m
[0;32mI (224) heap_init: At 3FFE0440 len 00003AE0 (14 KiB): D/IRAM[0m
[0;32mI (230) heap_init: At 3FFE4350 len 0001BCB0 (111 KiB): D/IRAM[0m
[0;32mI (237) heap_init: At 40096744 len 000098BC (38 KiB): IRAM[0m
[0;32mI (244) spi_flash: detected chip: generic[0m
[0;32mI (247) spi_flash: flash io: dio[0m
[0;32mI (252) app_start: Starting scheduler on CPU0[0m
[0;32mI (256) app_start: Starting scheduler on CPU1[0m
[0;32mI (256) main_task: Started on CPU0[0m
[0;32mI (266) main_task: Calling app_main()[0m
I (316) wifi:wifi driver task: 3ffbf470, prio:23, stack:6656, core=0
I (336) wifi:wifi firmware version: ce9244d
I (336) wifi:wifi certification version: v7.0
I (336) wifi:config NVS flash: enabled
I (336) wifi:config nano formating: disabled
I (336) wifi:Init data frame dynamic rx buffer num: 32
I (346) wifi:Init management frame dynamic rx buffer num: 32
I (346) wifi:Init management short buffer num: 32
I (356) wifi:Init dynamic tx buffer num: 32
I (356) wifi:Init static rx buffer size: 1600
I (356) wifi:Init static rx buffer num: 10
I (366) wifi:Init dynamic rx buffer num: 32
[0;32mI (366) wifi_init: rx ba win: 6[0m
[0;32mI (376) wifi_init: tcpip mbox: 32[0m
[0;32mI (376) wifi_init: udp mbox: 6[0m
[0;32mI (376) wifi_init: tcp mbox: 6[0m
[0;32mI (386) wifi_init: tcp tx win: 5744[0m
[0;32mI (386) wifi_init: tcp rx win: 5744[0m
[0;32mI (396) wifi_init: tcp mss: 1440[0m
[0;32mI (396) wifi_init: WiFi IRAM OP enabled[0m
[0;32mI (396) wifi_init: WiFi RX IRAM OP enabled[0m
[0;32mI (406) phy_init: phy_version 4670,719f9f6,Feb 18 2021,17:07:07[0m
I (426) wifi:mode : softAP (7c:9e:bd:61:49:65)
I (436) wifi:Total power save buffer number: 16
I (436) wifi:Init max length of beacon: 752/752
I (436) wifi:Init max length of beacon: 752/752
I (436) ESPNOW: espnow [version: 1.0] init
I (436) wifi:Set ps type: 0, coexist: 0

[0;32mI (446) neighbor detection: Starting broadcast discovery of peers[0m
[0;32mI (456) main_task: Returned from app_main()[0m
[0;33mW (1356) timing: time_TX = 3292222418 | time_RX = 4660100 | delta = 3287562318 us | count = 1 [0m
[0;33mW (1456) neighbor detection: last broadcast sent[0m
[0;33mW (1456) timing: time_TX = 3292349094 | time_RX = 4773973 | delta = 3287575121 us | count = 2 [0m
[0;33mW (1486) timing: time_TX = 3292458904 | time_RX = 4883601 | delta = 3287575303 us | count = 3 [0m
[0;33mW (1586) timing: time_TX = 3292558967 | time_RX = 4983567 | delta = 3287575400 us | count = 4 [0m
[0;33mW (1686) timing: time_TX = 3292658951 | time_RX = 5083561 | delta = 3287575390 us | count = 5 [0m
[0;33mW (1786) timing: time_TX = 3292758967 | time_RX = 5183563 | delta = 3287575404 us | count = 6 [0m
[0;33mW (1886) timing: time_TX = 3292858953 | time_RX = 5283568 | delta = 3287575385 us | count = 7 [0m
[0;33mW (1986) timing: time_TX = 3292958973 | time_RX = 5383594 | delta = 3287575379 us | count = 8 [0m
[0;33mW (2086) timing: time_TX = 3293058953 | time_RX = 5483566 | delta = 3287575387 us | count = 9 [0m
[0;33mW (2186) timing: time_TX = 3293159128 | time_RX = 5583905 | delta = 3287575223 us | count = 10 [0m
[0;33mW (4186) timing: correct time offset of: 3287574031 us[0m
[0;31mE (4186) timing_functions: Time adjustment failed![0m
I (4186) ESPNOW: espnow [version: 1.0] deinit
E (4186) wifi:NAN WiFi stop
I (4186) wifi:flush txq
I (4186) wifi:stop sw txq
I (4196) wifi:lmac stop hw txq
I (4196) wifi:Deinit lldesc rx mblock:10
ets Jun  8 2016 00:22:57

rst:0x5 (DEEPSLEEP_RESET),boot:0x13 (SPI_FAST_FLASH_BOOT)
configsip: 0, SPIWP:0xee
clk_drv:0x00,q_drv:0x00,d_drv:0x00,cs0_drv:0x00,hd_drv:0x00,wp_drv:0x00
mode:DIO, clock div:2
load:0x3fff0030,len:7280
load:0x40078000,len:15892
ho 0 tail 12 room 4
load:0x40080400,len:4
load:0x40080404,len:3880
entry 0x4008064c
[0;32mI (31) boot: ESP-IDF v5.1.1 2nd stage bootloader[0m
[0;32mI (31) boot: compile time Oct 30 2023 14:20:37[0m
[0;32mI (31) boot: Multicore bootloader[0m
[0;32mI (35) boot: chip revision: v1.0[0m
[0;32mI (39) boot.esp32: SPI Speed      : 40MHz[0m
[0;32mI (44) boot.esp32: SPI Mode       : DIO[0m
[0;32mI (48) boot.esp32: SPI Flash Size : 4MB[0m
[0;32mI (53) boot: Enabling RNG early entropy source...[0m
[0;32mI (58) esp_image: segment 0: paddr=00010020 vaddr=3f400020 size=20170h (131440) map[0m
[0;32mI (67) esp_image: segment 1: paddr=00030198 vaddr=3ff80063 size=00008h (     8) [0m
[0;32mI (75) esp_image: segment 2: paddr=000301a8 vaddr=3ffb0000 size=03760h ( 14176) load[0m
[0;32mI (85) esp_image: segment 3: paddr=00033910 vaddr=40080000 size=0c708h ( 50952) load[0m
[0;32mI (100) esp_image: segment 4: paddr=00040020 vaddr=400d0020 size=7ced4h (511700) map[0m
[0;32mI (100) esp_image: segment 5: paddr=000bcefc vaddr=4008c708 size=0a03ch ( 41020) load[0m
[0;32mI (115) esp_image: segment 6: paddr=000c6f40 vaddr=400c0000 size=00064h (   100) [0m
[0;32mI (117) boot: Fast booting app from partition at offset 0x10000[0m
[0;32mI (123) boot: Disabling RNG early entropy source...[0m
[0;32mI (140) cpu_start: Multicore app[0m
[0;32mI (140) cpu_start: Pro cpu up.[0m
[0;32mI (140) cpu_start: Starting app cpu, entry point is 0x40081504[0m
[0;32mI (0) cpu_start: App cpu up.[0m
[0;32mI (158) cpu_start: Pro cpu start user code[0m
[0;32mI (158) cpu_start: cpu freq: 160000000 Hz[0m
[0;32mI (158) cpu_start: Application information:[0m
[0;32mI (163) cpu_start: Project name:     espnow_example[0m
[0;32mI (169) cpu_start: App version:      1[0m
[0;32mI (173) cpu_start: Compile time:     Oct 30 2023 21:24:43[0m
[0;32mI (179) cpu_start: ELF file SHA256:  4b3b8cf9e6541c6b...[0m
[0;32mI (185) cpu_start: ESP-IDF:          v5.1.1[0m
[0;32mI (190) cpu_start: Min chip rev:     v0.0[0m
[0;32mI (195) cpu_start: Max chip rev:     v3.99 [0m
[0;32mI (200) cpu_start: Chip rev:         v1.0[0m
[0;32mI (204) heap_init: Initializing. RAM available for dynamic allocation:[0m
[0;32mI (212) heap_init: At 3FFAE6E0 len 00001920 (6 KiB): DRAM[0m
[0;32mI (218) heap_init: At 3FFB7848 len 000287B8 (161 KiB): DRAM[0m
[0;32mI (224) heap_init: At 3FFE0440 len 00003AE0 (14 KiB): D/IRAM[0m
[0;32mI (230) heap_init: At 3FFE4350 len 0001BCB0 (111 KiB): D/IRAM[0m
[0;32mI (237) heap_init: At 40096744 len 000098BC (38 KiB): IRAM[0m
[0;32mI (244) spi_flash: detected chip: generic[0m
[0;32mI (247) spi_flash: flash io: dio[0m
[0;32mI (252) app_start: Starting scheduler on CPU0[0m
[0;32mI (256) app_start: Starting scheduler on CPU1[0m
[0;32mI (256) main_task: Started on CPU0[0m
[0;32mI (266) main_task: Calling app_main()[0m
I (316) wifi:wifi driver task: 3ffbf470, prio:23, stack:6656, core=0
I (336) wifi:wifi firmware version: ce9244d
I (336) wifi:wifi certification version: v7.0
I (336) wifi:config NVS flash: enabled
I (336) wifi:config nano formating: disabled
I (336) wifi:Init data frame dynamic rx buffer num: 32
I (346) wifi:Init management frame dynamic rx buffer num: 32
I (346) wifi:Init management short buffer num: 32
I (356) wifi:Init dynamic tx buffer num: 32
I (356) wifi:Init static rx buffer size: 1600
I (356) wifi:Init static rx buffer num: 10
I (366) wifi:Init dynamic rx buffer num: 32
[0;32mI (366) wifi_init: rx ba win: 6[0m
[0;32mI (376) wifi_init: tcpip mbox: 32[0m
[0;32mI (376) wifi_init: udp mbox: 6[0m
[0;32mI (376) wifi_init: tcp mbox: 6[0m
[0;32mI (386) wifi_init: tcp tx win: 5744[0m
[0;32mI (386) wifi_init: tcp rx win: 5744[0m
[0;32mI (396) wifi_init: tcp mss: 1440[0m
[0;32mI (396) wifi_init: WiFi IRAM OP enabled[0m
[0;32mI (396) wifi_init: WiFi RX IRAM OP enabled[0m
[0;32mI (406) phy_init: phy_version 4670,719f9f6,Feb 18 2021,17:07:07[0m
I (426) wifi:mode : softAP (7c:9e:bd:61:49:65)
I (436) wifi:Total power save buffer number: 16
I (436) wifi:Init max length of beacon: 752/752
I (436) wifi:Init max length of beacon: 752/752
I (436) ESPNOW: espnow [version: 1.0] init
I (436) wifi:Set ps type: 0, coexist: 0

[0;32mI (446) neighbor detection: Starting broadcast discovery of peers[0m
[0;32mI (456) main_task: Returned from app_main()[0m
[0;33mW (1456) neighbor detection: last broadcast sent[0m
[0;33mW (1456) timing: time_TX = 3296730057 | time_RX = 9160442 | delta = 3287569615 us | count = 1 [0m
[0;33mW (1546) timing: time_TX = 3296836696 | time_RX = 9255749 | delta = 3287580947 us | count = 2 [0m
[0;33mW (1646) timing: time_TX = 3296936608 | time_RX = 9355559 | delta = 3287581049 us | count = 3 [0m
[0;33mW (1756) timing: time_TX = 3297036596 | time_RX = 9456755 | delta = 3287579841 us | count = 4 [0m
[0;33mW (1846) timing: time_TX = 3297136604 | time_RX = 9555862 | delta = 3287580742 us | count = 5 [0m
[0;33mW (1946) timing: time_TX = 3297236580 | time_RX = 9655777 | delta = 3287580803 us | count = 6 [0m
[0;33mW (2046) timing: time_TX = 3297336582 | time_RX = 9755504 | delta = 3287581078 us | count = 7 [0m
[0;33mW (2156) timing: time_TX = 3297436598 | time_RX = 9857856 | delta = 3287578742 us | count = 8 [0m
[0;33mW (2246) timing: time_TX = 3297536610 | time_RX = 9955565 | delta = 3287581045 us | count = 9 [0m
[0;33mW (2346) timing: time_TX = 3297636749 | time_RX = 10055921 | delta = 3287580828 us | count = 10 [0m
[0;33mW (4346) timing: correct time offset of: 3287579469 us[0m
[0;31mE (4346) timing_functions: Time adjustment failed![0m
I (4346) ESPNOW: espnow [version: 1.0] deinit
E (4346) wifi:NAN WiFi stop
I (4346) wifi:flush txq
I (4346) wifi:stop sw txq
I (4356) wifi:lmac stop hw txq
I (4356) wifi:Deinit lldesc rx mblock:10
ets Jun  8 2016 00:22:57

rst:0x5 (DEEPSLEEP_RESET),boot:0x13 (SPI_FAST_FLASH_BOOT)
configsip: 0, SPIWP:0xee
clk_drv:0x00,q_drv:0x00,d_drv:0x00,cs0_drv:0x00,hd_drv:0x00,wp_drv:0x00
mode:DIO, clock div:2
load:0x3fff0030,len:7280
load:0x40078000,len:15892
ho 0 tail 12 room 4
load:0x40080400,len:4
load:0x40080404,len:3880
entry 0x4008064c
[0;32mI (31) boot: ESP-IDF v5.1.1 2nd stage bootloader[0m
[0;32mI (31) boot: compile time Oct 30 2023 14:20:37[0m
[0;32mI (31) boot: Multicore bootloader[0m
[0;32mI (35) boot: chip revision: v1.0[0m
[0;32mI (39) boot.esp32: SPI Speed      : 40MHz[0m
[0;32mI (44) boot.esp32: SPI Mode       : DIO[0m
[0;32mI (48) boot.esp32: SPI Flash Size : 4MB[0m
[0;32mI (53) boot: Enabling RNG early entropy source...[0m
[0;32mI (58) esp_image: segment 0: paddr=00010020 vaddr=3f400020 size=20170h (131440) map[0m
[0;32mI (67) esp_image: segment 1: paddr=00030198 vaddr=3ff80063 size=00008h (     8) [0m
[0;32mI (75) esp_image: segment 2: paddr=000301a8 vaddr=3ffb0000 size=03760h ( 14176) load[0m
[0;32mI (85) esp_image: segment 3: paddr=00033910 vaddr=40080000 size=0c708h ( 50952) load[0m
[0;32mI (100) esp_image: segment 4: paddr=00040020 vaddr=400d0020 size=7ced4h (511700) map[0m
[0;32mI (100) esp_image: segment 5: paddr=000bcefc vaddr=4008c708 size=0a03ch ( 41020) load[0m
[0;32mI (115) esp_image: segment 6: paddr=000c6f40 vaddr=400c0000 size=00064h (   100) [0m
[0;32mI (117) boot: Fast booting app from partition at offset 0x10000[0m
[0;32mI (123) boot: Disabling RNG early entropy source...[0m
[0;32mI (140) cpu_start: Multicore app[0m
[0;32mI (140) cpu_start: Pro cpu up.[0m
[0;32mI (140) cpu_start: Starting app cpu, entry point is 0x40081504[0m
[0;32mI (0) cpu_start: App cpu up.[0m
[0;32mI (158) cpu_start: Pro cpu start user code[0m
[0;32mI (158) cpu_start: cpu freq: 160000000 Hz[0m
[0;32mI (158) cpu_start: Application information:[0m
[0;32mI (163) cpu_start: Project name:     espnow_example[0m
[0;32mI (169) cpu_start: App version:      1[0m
[0;32mI (173) cpu_start: Compile time:     Oct 30 2023 21:24:43[0m
[0;32mI (179) cpu_start: ELF file SHA256:  4b3b8cf9e6541c6b...[0m
[0;32mI (185) cpu_start: ESP-IDF:          v5.1.1[0m
[0;32mI (190) cpu_start: Min chip rev:     v0.0[0m
[0;32mI (195) cpu_start: Max chip rev:     v3.99 [0m
[0;32mI (200) cpu_start: Chip rev:         v1.0[0m
[0;32mI (204) heap_init: Initializing. RAM available for dynamic allocation:[0m
[0;32mI (212) heap_init: At 3FFAE6E0 len 00001920 (6 KiB): DRAM[0m
[0;32mI (218) heap_init: At 3FFB7848 len 000287B8 (161 KiB): DRAM[0m
[0;32mI (224) heap_init: At 3FFE0440 len 00003AE0 (14 KiB): D/IRAM[0m
[0;32mI (230) heap_init: At 3FFE4350 len 0001BCB0 (111 KiB): D/IRAM[0m
[0;32mI (237) heap_init: At 40096744 len 000098BC (38 KiB): IRAM[0m
[0;32mI (244) spi_flash: detected chip: generic[0m
[0;32mI (247) spi_flash: flash io: dio[0m
[0;32mI (252) app_start: Starting scheduler on CPU0[0m
[0;32mI (256) app_start: Starting scheduler on CPU1[0m
[0;32mI (256) main_task: Started on CPU0[0m
[0;32mI (266) main_task: Calling app_main()[0m
I (316) wifi:wifi driver task: 3ffbf470, prio:23, stack:6656, core=0
I (336) wifi:wifi firmware version: ce9244d
I (336) wifi:wifi certification version: v7.0
I (336) wifi:config NVS flash: enabled
I (336) wifi:config nano formating: disabled
I (336) wifi:Init data frame dynamic rx buffer num: 32
I (346) wifi:Init management frame dynamic rx buffer num: 32
I (346) wifi:Init management short buffer num: 32
I (356) wifi:Init dynamic tx buffer num: 32
I (356) wifi:Init static rx buffer size: 1600
I (356) wifi:Init static rx buffer num: 10
I (366) wifi:Init dynamic rx buffer num: 32
[0;32mI (366) wifi_init: rx ba win: 6[0m
[0;32mI (376) wifi_init: tcpip mbox: 32[0m
[0;32mI (376) wifi_init: udp mbox: 6[0m
[0;32mI (376) wifi_init: tcp mbox: 6[0m
[0;32mI (386) wifi_init: tcp tx win: 5744[0m
[0;32mI (386) wifi_init: tcp rx win: 5744[0m
[0;32mI (396) wifi_init: tcp mss: 1440[0m
[0;32mI (396) wifi_init: WiFi IRAM OP enabled[0m
[0;32mI (396) wifi_init: WiFi RX IRAM OP enabled[0m
[0;32mI (406) phy_init: phy_version 4670,719f9f6,Feb 18 2021,17:07:07[0m
I (426) wifi:mode : softAP (7c:9e:bd:61:49:65)
I (436) wifi:Total power save buffer number: 16
I (436) wifi:Init max length of beacon: 752/752
I (436) wifi:Init max length of beacon: 752/752
I (436) ESPNOW: espnow [version: 1.0] init
I (436) wifi:Set ps type: 0, coexist: 0

[0;32mI (446) neighbor detection: Starting broadcast discovery of peers[0m
[0;32mI (456) main_task: Returned from app_main()[0m
[0;33mW (1456) neighbor detection: last broadcast sent[0m
[0;33mW (1456) timing: time_TX = 3301207275 | time_RX = 13632773 | delta = 3287574502 us | count = 1 [0m
[0;33mW (1556) timing: time_TX = 3301313919 | time_RX = 13728147 | delta = 3287585772 us | count = 2 [0m
[0;33mW (1656) timing: time_TX = 3301413831 | time_RX = 13827984 | delta = 3287585847 us | count = 3 [0m
[0;33mW (1756) timing: time_TX = 3301513819 | time_RX = 13927992 | delta = 3287585827 us | count = 4 [0m
[0;33mW (1856) timing: time_TX = 3301613827 | time_RX = 14027991 | delta = 3287585836 us | count = 5 [0m
[0;33mW (1956) timing: time_TX = 3301713803 | time_RX = 14128041 | delta = 3287585762 us | count = 6 [0m
[0;33mW (2056) timing: time_TX = 3301813801 | time_RX = 14227927 | delta = 3287585874 us | count = 7 [0m
[0;33mW (2156) timing: time_TX = 3301913821 | time_RX = 14327986 | delta = 3287585835 us | count = 8 [0m
[0;33mW (2256) timing: time_TX = 3302013833 | time_RX = 14427983 | delta = 3287585850 us | count = 9 [0m
[0;33mW (2356) timing: time_TX = 3302113972 | time_RX = 14528346 | delta = 3287585626 us | count = 10 [0m
[0;33mW (4356) timing: correct time offset of: 3287584673 us[0m
[0;31mE (4356) timing_functions: Time adjustment failed![0m
I (4356) ESPNOW: espnow [version: 1.0] deinit
E (4356) wifi:NAN WiFi stop
I (4356) wifi:flush txq
I (4356) wifi:stop sw txq
I (4366) wifi:lmac stop hw txq
I (4366) wifi:Deinit lldesc rx mblock:10
ets Jun  8 2016 00:22:57

rst:0x5 (DEEPSLEEP_RESET),boot:0x13 (SPI_FAST_FLASH_BOOT)
configsip: 0, SPIWP:0xee
clk_drv:0x00,q_drv:0x00,d_drv:0x00,cs0_drv:0x00,hd_drv:0x00,wp_drv:0x00
mode:DIO, clock div:2
load:0x3fff0030,len:7280
load:0x40078000,len:15892
ho 0 tail 12 room 4
load:0x40080400,len:4
load:0x40080404,len:3880
entry 0x4008064c
[0;32mI (31) boot: ESP-IDF v5.1.1 2nd stage bootloader[0m
[0;32mI (31) boot: compile time Oct 30 2023 14:20:37[0m
[0;32mI (31) boot: Multicore bootloader[0m
[0;32mI (35) boot: chip revision: v1.0[0m
[0;32mI (39) boot.esp32: SPI Speed      : 40MHz[0m
[0;32mI (44) boot.esp32: SPI Mode       : DIO[0m
[0;32mI (48) boot.esp32: SPI Flash Size : 4MB[0m
[0;32mI (53) boot: Enabling RNG early entropy source...[0m
[0;32mI (58) esp_image: segment 0: paddr=00010020 vaddr=3f400020 size=20170h (131440) map[0m
[0;32mI (67) esp_image: segment 1: paddr=00030198 vaddr=3ff80063 size=00008h (     8) [0m
[0;32mI (75) esp_image: segment 2: paddr=000301a8 vaddr=3ffb0000 size=03760h ( 14176) load[0m
[0;32mI (85) esp_image: segment 3: paddr=00033910 vaddr=40080000 size=0c708h ( 50952) load[0m
[0;32mI (100) esp_image: segment 4: paddr=00040020 vaddr=400d0020 size=7ced4h (511700) map[0m
[0;32mI (100) esp_image: segment 5: paddr=000bcefc vaddr=4008c708 size=0a03ch ( 41020) load[0m
[0;32mI (115) esp_image: segment 6: paddr=000c6f40 vaddr=400c0000 size=00064h (   100) [0m
[0;32mI (117) boot: Fast booting app from partition at offset 0x10000[0m
[0;32mI (123) boot: Disabling RNG early entropy source...[0m
[0;32mI (140) cpu_start: Multicore app[0m
[0;32mI (140) cpu_start: Pro cpu up.[0m
[0;32mI (140) cpu_start: Starting app cpu, entry point is 0x40081504[0m
[0;32mI (0) cpu_start: App cpu up.[0m
[0;32mI (158) cpu_start: Pro cpu start user code[0m
[0;32mI (158) cpu_start: cpu freq: 160000000 Hz[0m
[0;32mI (158) cpu_start: Application information:[0m
[0;32mI (163) cpu_start: Project name:     espnow_example[0m
[0;32mI (169) cpu_start: App version:      1[0m
[0;32mI (173) cpu_start: Compile time:     Oct 30 2023 21:24:43[0m
[0;32mI (179) cpu_start: ELF file SHA256:  4b3b8cf9e6541c6b...[0m
[0;32mI (185) cpu_start: ESP-IDF:          v5.1.1[0m
[0;32mI (190) cpu_start: Min chip rev:     v0.0[0m
[0;32mI (195) cpu_start: Max chip rev:     v3.99 [0m
[0;32mI (200) cpu_start: Chip rev:         v1.0[0m
[0;32mI (204) heap_init: Initializing. RAM available for dynamic allocation:[0m
[0;32mI (212) heap_init: At 3FFAE6E0 len 00001920 (6 KiB): DRAM[0m
[0;32mI (218) heap_init: At 3FFB7848 len 000287B8 (161 KiB): DRAM[0m
[0;32mI (224) heap_init: At 3FFE0440 len 00003AE0 (14 KiB): D/IRAM[0m
[0;32mI (230) heap_init: At 3FFE4350 len 0001BCB0 (111 KiB): D/IRAM[0m
[0;32mI (237) heap_init: At 40096744 len 000098BC (38 KiB): IRAM[0m
[0;32mI (244) spi_flash: detected chip: generic[0m
[0;32mI (247) spi_flash: flash io: dio[0m
[0;32mI (252) app_start: Starting scheduler on CPU0[0m
[0;32mI (256) app_start: Starting scheduler on CPU1[0m
[0;32mI (256) main_task: Started on CPU0[0m
[0;32mI (266) main_task: Calling app_main()[0m
I (316) wifi:wifi driver task: 3ffbf470, prio:23, stack:6656, core=0
I (336) wifi:wifi firmware version: ce9244d
I (336) wifi:wifi certification version: v7.0
I (336) wifi:config NVS flash: enabled
I (336) wifi:config nano formating: disabled
I (336) wifi:Init data frame dynamic rx buffer num: 32
I (346) wifi:Init management frame dynamic rx buffer num: 32
I (346) wifi:Init management short buffer num: 32
I (356) wifi:Init dynamic tx buffer num: 32
I (356) wifi:Init static rx buffer size: 1600
I (356) wifi:Init static rx buffer num: 10
I (366) wifi:Init dynamic rx buffer num: 32
[0;32mI (366) wifi_init: rx ba win: 6[0m
[0;32mI (376) wifi_init: tcpip mbox: 32[0m
[0;32mI (376) wifi_init: udp mbox: 6[0m
[0;32mI (376) wifi_init: tcp mbox: 6[0m
[0;32mI (386) wifi_init: tcp tx win: 5744[0m
[0;32mI (386) wifi_init: tcp rx win: 5744[0m
[0;32mI (396) wifi_init: tcp mss: 1440[0m
[0;32mI (396) wifi_init: WiFi IRAM OP enabled[0m
[0;32mI (396) wifi_init: WiFi RX IRAM OP enabled[0m
[0;32mI (406) phy_init: phy_version 4670,719f9f6,Feb 18 2021,17:07:07[0m
I (426) wifi:mode : softAP (7c:9e:bd:61:49:65)
I (436) wifi:Total power save buffer number: 16
I (436) wifi:Init max length of beacon: 752/752
I (436) wifi:Init max length of beacon: 752/752
I (436) ESPNOW: espnow [version: 1.0] init
I (436) wifi:Set ps type: 0, coexist: 0

[0;32mI (446) neighbor detection: Starting broadcast discovery of peers[0m
[0;32mI (456) main_task: Returned from app_main()[0m
[0;33mW (1456) neighbor detection: last broadcast sent[0m
[0;33mW (1456) timing: time_TX = 3305684552 | time_RX = 18100599 | delta = 3287583953 us | count = 1 [0m
[0;33mW (1546) timing: time_TX = 3305791165 | time_RX = 18200278 | delta = 3287590887 us | count = 2 [0m
[0;33mW (1646) timing: time_TX = 3305891101 | time_RX = 18300047 | delta = 3287591054 us | count = 3 [0m
[0;33mW (1746) timing: time_TX = 3305991097 | time_RX = 18400017 | delta = 3287591080 us | count = 4 [0m
[0;33mW (1846) timing: time_TX = 3306091101 | time_RX = 18500018 | delta = 3287591083 us | count = 5 [0m
[0;33mW (1946) timing: time_TX = 3306191077 | time_RX = 18600095 | delta = 3287590982 us | count = 6 [0m
[0;33mW (2046) timing: time_TX = 3306291075 | time_RX = 18703135 | delta = 3287587940 us | count = 7 [0m
[0;33mW (2146) timing: time_TX = 3306391095 | time_RX = 18800102 | delta = 3287590993 us | count = 8 [0m
[0;33mW (2246) timing: time_TX = 3306491107 | time_RX = 18900021 | delta = 3287591086 us | count = 9 [0m
[0;33mW (2346) timing: time_TX = 3306591242 | time_RX = 19000415 | delta = 3287590827 us | count = 10 [0m
[0;33mW (4346) timing: correct time offset of: 3287589988 us[0m
[0;31mE (4346) timing_functions: Time adjustment failed![0m
I (4346) ESPNOW: espnow [version: 1.0] deinit
E (4346) wifi:NAN WiFi stop
I (4346) wifi:flush txq
I (4346) wifi:stop sw txq
I (4356) wifi:lmac stop hw txq
I (4356) wifi:Deinit lldesc rx mblock:10
ets Jun  8 2016 00:22:57

rst:0x5 (DEEPSLEEP_RESET),boot:0x13 (SPI_FAST_FLASH_BOOT)
configsip: 0, SPIWP:0xee
clk_drv:0x00,q_drv:0x00,d_drv:0x00,cs0_drv:0x00,hd_drv:0x00,wp_drv:0x00
mode:DIO, clock div:2
load:0x3fff0030,len:7280
load:0x40078000,len:15892
ho 0 tail 12 room 4
load:0x40080400,len:4
load:0x40080404,len:3880
entry 0x4008064c
[0;32mI (31) boot: ESP-IDF v5.1.1 2nd stage bootloader[0m
[0;32mI (31) boot: compile time Oct 30 2023 14:20:37[0m
[0;32mI (31) boot: Multicore bootloader[0m
[0;32mI (35) boot: chip revision: v1.0[0m
[0;32mI (39) boot.esp32: SPI Speed      : 40MHz[0m
[0;32mI (44) boot.esp32: SPI Mode       : DIO[0m
[0;32mI (48) boot.esp32: SPI Flash Size : 4MB[0m
[0;32mI (53) boot: Enabling RNG early entropy source...[0m
[0;32mI (58) esp_image: segment 0: paddr=00010020 vaddr=3f400020 size=20170h (131440) map[0m
[0;32mI (67) esp_image: segment 1: paddr=00030198 vaddr=3ff80063 size=00008h (     8) [0m
[0;32mI (75) esp_image: segment 2: paddr=000301a8 vaddr=3ffb0000 size=03760h ( 14176) load[0m
[0;32mI (85) esp_image: segment 3: paddr=00033910 vaddr=40080000 size=0c708h ( 50952) load[0m
[0;32mI (100) esp_image: segment 4: paddr=00040020 vaddr=400d0020 size=7ced4h (511700) map[0m
[0;32mI (100) esp_image: segment 5: paddr=000bcefc vaddr=4008c708 size=0a03ch ( 41020) load[0m
[0;32mI (115) esp_image: segment 6: paddr=000c6f40 vaddr=400c0000 size=00064h (   100) [0m
[0;32mI (117) boot: Fast booting app from partition at offset 0x10000[0m
[0;32mI (123) boot: Disabling RNG early entropy source...[0m
[0;32mI (140) cpu_start: Multicore app[0m
[0;32mI (140) cpu_start: Pro cpu up.[0m
[0;32mI (140) cpu_start: Starting app cpu, entry point is 0x40081504[0m
[0;32mI (0) cpu_start: App cpu up.[0m
[0;32mI (158) cpu_start: Pro cpu start user code[0m
[0;32mI (158) cpu_start: cpu freq: 160000000 Hz[0m
[0;32mI (158) cpu_start: Application information:[0m
[0;32mI (163) cpu_start: Project name:     espnow_example[0m
[0;32mI (169) cpu_start: App version:      1[0m
[0;32mI (173) cpu_start: Compile time:     Oct 30 2023 21:24:43[0m
[0;32mI (179) cpu_start: ELF file SHA256:  4b3b8cf9e6541c6b...[0m
[0;32mI (185) cpu_start: ESP-IDF:          v5.1.1[0m
[0;32mI (190) cpu_start: Min chip rev:     v0.0[0m
[0;32mI (195) cpu_start: Max chip rev:     v3.99 [0m
[0;32mI (200) cpu_start: Chip rev:         v1.0[0m
[0;32mI (204) heap_init: Initializing. RAM available for dynamic allocation:[0m
[0;32mI (212) heap_init: At 3FFAE6E0 len 00001920 (6 KiB): DRAM[0m
[0;32mI (218) heap_init: At 3FFB7848 len 000287B8 (161 KiB): DRAM[0m
[0;32mI (224) heap_init: At 3FFE0440 len 00003AE0 (14 KiB): D/IRAM[0m
[0;32mI (230) heap_init: At 3FFE4350 len 0001BCB0 (111 KiB): D/IRAM[0m
[0;32mI (237) heap_init: At 40096744 len 000098BC (38 KiB): IRAM[0m
[0;32mI (244) spi_flash: detected chip: generic[0m
[0;32mI (247) spi_flash: flash io: dio[0m
[0;32mI (252) app_start: Starting scheduler on CPU0[0m
[0;32mI (256) app_start: Starting scheduler on CPU1[0m
[0;32mI (256) main_task: Started on CPU0[0m
[0;32mI (266) main_task: Calling app_main()[0m
I (316) wifi:wifi driver task: 3ffbf470, prio:23, stack:6656, core=0
I (336) wifi:wifi firmware version: ce9244d
I (336) wifi:wifi certification version: v7.0
I (336) wifi:config NVS flash: enabled
I (336) wifi:config nano formating: disabled
I (336) wifi:Init data frame dynamic rx buffer num: 32
I (346) wifi:Init management frame dynamic rx buffer num: 32
I (346) wifi:Init management short buffer num: 32
I (356) wifi:Init dynamic tx buffer num: 32
I (356) wifi:Init static rx buffer size: 1600
I (356) wifi:Init static rx buffer num: 10
I (366) wifi:Init dynamic rx buffer num: 32
[0;32mI (366) wifi_init: rx ba win: 6[0m
[0;32mI (376) wifi_init: tcpip mbox: 32[0m
[0;32mI (376) wifi_init: udp mbox: 6[0m
[0;32mI (376) wifi_init: tcp mbox: 6[0m
[0;32mI (386) wifi_init: tcp tx win: 5744[0m
[0;32mI (386) wifi_init: tcp rx win: 5744[0m
[0;32mI (396) wifi_init: tcp mss: 1440[0m
[0;32mI (396) wifi_init: WiFi IRAM OP enabled[0m
[0;32mI (396) wifi_init: WiFi RX IRAM OP enabled[0m
[0;32mI (406) phy_init: phy_version 4670,719f9f6,Feb 18 2021,17:07:07[0m
I (426) wifi:mode : softAP (7c:9e:bd:61:49:65)
I (436) wifi:Total power save buffer number: 16
I (436) wifi:Init max length of beacon: 752/752
I (436) wifi:Init max length of beacon: 752/752
I (436) ESPNOW: espnow [version: 1.0] init
I (436) wifi:Set ps type: 0, coexist: 0

[0;32mI (446) neighbor detection: Starting broadcast discovery of peers[0m
[0;32mI (456) main_task: Returned from app_main()[0m
[0;33mW (1456) neighbor detection: last broadcast sent[0m
[0;33mW (1456) timing: time_TX = 3310161814 | time_RX = 22577167 | delta = 3287584647 us | count = 1 [0m
[0;33mW (1546) timing: time_TX = 3310268454 | time_RX = 22672235 | delta = 3287596219 us | count = 2 [0m
[0;33mW (1656) timing: time_TX = 3310368366 | time_RX = 22774756 | delta = 3287593610 us | count = 3 [0m
[0;33mW (1746) timing: time_TX = 3310468354 | time_RX = 22872046 | delta = 3287596308 us | count = 4 [0m
[0;33mW (1856) timing: time_TX = 3310568362 | time_RX = 22973859 | delta = 3287594503 us | count = 5 [0m
[0;33mW (1956) timing: time_TX = 3310668338 | time_RX = 23075948 | delta = 3287592390 us | count = 6 [0m
[0;33mW (2056) timing: time_TX = 3310768336 | time_RX = 23179119 | delta = 3287589217 us | count = 7 [0m
[0;33mW (2146) timing: time_TX = 3310868356 | time_RX = 23272053 | delta = 3287596303 us | count = 8 [0m
[0;33mW (2256) timing: time_TX = 3310968368 | time_RX = 23373149 | delta = 3287595219 us | count = 9 [0m
[0;33mW (2356) timing: time_TX = 3311068507 | time_RX = 23472434 | delta = 3287596073 us | count = 10 [0m
[0;33mW (4356) timing: correct time offset of: 3287593448 us[0m
[0;31mE (4356) timing_functions: Time adjustment failed![0m
I (4356) ESPNOW: espnow [version: 1.0] deinit
E (4356) wifi:NAN WiFi stop
I (4356) wifi:flush txq
I (4356) wifi:stop sw txq
I (4366) wifi:lmac stop hw txq
I (4366) wifi:Deinit lldesc rx mblock:10
ets Jun  8 2016 00:22:57

rst:0x5 (DEEPSLEEP_RESET),boot:0x13 (SPI_FAST_FLASH_BOOT)
configsip: 0, SPIWP:0xee
clk_drv:0x00,q_drv:0x00,d_drv:0x00,cs0_drv:0x00,hd_drv:0x00,wp_drv:0x00
mode:DIO, clock div:2
load:0x3fff0030,len:7280
load:0x40078000,len:15892
ho 0 tail 12 room 4
load:0x40080400,len:4
load:0x40080404,len:3880
entry 0x4008064c
[0;32mI (31) boot: ESP-IDF v5.1.1 2nd stage bootloader[0m
[0;32mI (31) boot: compile time Oct 30 2023 14:20:37[0m
[0;32mI (31) boot: Multicore bootloader[0m
[0;32mI (35) boot: chip revision: v1.0[0m
[0;32mI (39) boot.esp32: SPI Speed      : 40MHz[0m
[0;32mI (44) boot.esp32: SPI Mode       : DIO[0m
[0;32mI (48) boot.esp32: SPI Flash Size : 4MB[0m
[0;32mI (53) boot: Enabling RNG early entropy source...[0m
[0;32mI (58) esp_image: segment 0: paddr=00010020 vaddr=3f400020 size=20170h (131440) map[0m
[0;32mI (67) esp_image: segment 1: paddr=00030198 vaddr=3ff80063 size=00008h (     8) [0m
[0;32mI (75) esp_image: segment 2: paddr=000301a8 vaddr=3ffb0000 size=03760h ( 14176) load[0m
[0;32mI (85) esp_image: segment 3: paddr=00033910 vaddr=40080000 size=0c708h ( 50952) load[0m
[0;32mI (100) esp_image: segment 4: paddr=00040020 vaddr=400d0020 size=7ced4h (511700) map[0m
[0;32mI (100) esp_image: segment 5: paddr=000bcefc vaddr=4008c708 size=0a03ch ( 41020) load[0m
[0;32mI (115) esp_image: segment 6: paddr=000c6f40 vaddr=400c0000 size=00064h (   100) [0m
[0;32mI (117) boot: Fast booting app from partition at offset 0x10000[0m
[0;32mI (123) boot: Disabling RNG early entropy source...[0m
[0;32mI (140) cpu_start: Multicore app[0m
[0;32mI (140) cpu_start: Pro cpu up.[0m
[0;32mI (140) cpu_start: Starting app cpu, entry point is 0x40081504[0m
[0;32mI (0) cpu_start: App cpu up.[0m
[0;32mI (158) cpu_start: Pro cpu start user code[0m
[0;32mI (158) cpu_start: cpu freq: 160000000 Hz[0m
[0;32mI (158) cpu_start: Application information:[0m
[0;32mI (163) cpu_start: Project name:     espnow_example[0m
[0;32mI (169) cpu_start: App version:      1[0m
[0;32mI (173) cpu_start: Compile time:     Oct 30 2023 21:24:43[0m
[0;32mI (179) cpu_start: ELF file SHA256:  4b3b8cf9e6541c6b...[0m
[0;32mI (185) cpu_start: ESP-IDF:          v5.1.1[0m
[0;32mI (190) cpu_start: Min chip rev:     v0.0[0m
[0;32mI (195) cpu_start: Max chip rev:     v3.99 [0m
[0;32mI (200) cpu_start: Chip rev:         v1.0[0m
[0;32mI (204) heap_init: Initializing. RAM available for dynamic allocation:[0m
[0;32mI (212) heap_init: At 3FFAE6E0 len 00001920 (6 KiB): DRAM[0m
[0;32mI (218) heap_init: At 3FFB7848 len 000287B8 (161 KiB): DRAM[0m
[0;32mI (224) heap_init: At 3FFE0440 len 00003AE0 (14 KiB): D/IRAM[0m
[0;32mI (230) heap_init: At 3FFE4350 len 0001BCB0 (111 KiB): D/IRAM[0m
[0;32mI (237) heap_init: At 40096744 len 000098BC (38 KiB): IRAM[0m
[0;32mI (244) spi_flash: detected chip: generic[0m
[0;32mI (247) spi_flash: flash io: dio[0m
[0;32mI (252) app_start: Starting scheduler on CPU0[0m
[0;32mI (256) app_start: Starting scheduler on CPU1[0m
[0;32mI (256) main_task: Started on CPU0[0m
[0;32mI (266) main_task: Calling app_main()[0m
I (316) wifi:wifi driver task: 3ffbf470, prio:23, stack:6656, core=0
I (336) wifi:wifi firmware version: ce9244d
I (336) wifi:wifi certification version: v7.0
I (336) wifi:config NVS flash: enabled
I (336) wifi:config nano formating: disabled
I (336) wifi:Init data frame dynamic rx buffer num: 32
I (346) wifi:Init management frame dynamic rx buffer num: 32
I (346) wifi:Init management short buffer num: 32
I (356) wifi:Init dynamic tx buffer num: 32
I (356) wifi:Init static rx buffer size: 1600
I (356) wifi:Init static rx buffer num: 10
I (366) wifi:Init dynamic rx buffer num: 32
[0;32mI (366) wifi_init: rx ba win: 6[0m
[0;32mI (376) wifi_init: tcpip mbox: 32[0m
[0;32mI (376) wifi_init: udp mbox: 6[0m
[0;32mI (376) wifi_init: tcp mbox: 6[0m
[0;32mI (386) wifi_init: tcp tx win: 5744[0m
[0;32mI (386) wifi_init: tcp rx win: 5744[0m
[0;32mI (396) wifi_init: tcp mss: 1440[0m
[0;32mI (396) wifi_init: WiFi IRAM OP enabled[0m
[0;32mI (396) wifi_init: WiFi RX IRAM OP enabled[0m
[0;32mI (406) phy_init: phy_version 4670,719f9f6,Feb 18 2021,17:07:07[0m
I (426) wifi:mode : softAP (7c:9e:bd:61:49:65)
I (436) wifi:Total power save buffer number: 16
I (436) wifi:Init max length of beacon: 752/752
I (436) wifi:Init max length of beacon: 752/752
I (436) ESPNOW: espnow [version: 1.0] init
I (436) wifi:Set ps type: 0, coexist: 0

[0;32mI (446) neighbor detection: Starting broadcast discovery of peers[0m
[0;32mI (456) main_task: Returned from app_main()[0m
[0;33mW (1456) neighbor detection: last broadcast sent[0m
[0;33mW (1456) timing: time_TX = 3314639102 | time_RX = 27044668 | delta = 3287594434 us | count = 1 [0m
[0;33mW (1546) timing: time_TX = 3314745717 | time_RX = 27144348 | delta = 3287601369 us | count = 2 [0m
[0;33mW (1646) timing: time_TX = 3314845653 | time_RX = 27244136 | delta = 3287601517 us | count = 3 [0m
[0;33mW (1746) timing: time_TX = 3314945649 | time_RX = 27344112 | delta = 3287601537 us | count = 4 [0m
[0;33mW (1846) timing: time_TX = 3315045653 | time_RX = 27444128 | delta = 3287601525 us | count = 5 [0m
[0;33mW (1946) timing: time_TX = 3315145629 | time_RX = 27544273 | delta = 3287601356 us | count = 6 [0m
[0;33mW (2046) timing: time_TX = 3315245627 | time_RX = 27644063 | delta = 3287601564 us | count = 7 [0m
[0;33mW (2146) timing: time_TX = 3315345647 | time_RX = 27744130 | delta = 3287601517 us | count = 8 [0m
[0;33mW (2246) timing: time_TX = 3315445659 | time_RX = 27844102 | delta = 3287601557 us | count = 9 [0m
[0;33mW (2346) timing: time_TX = 3315545794 | time_RX = 27944873 | delta = 3287600921 us | count = 10 [0m
[0;33mW (4346) timing: correct time offset of: 3287600729 us[0m
[0;31mE (4346) timing_functions: Time adjustment failed![0m
I (4346) ESPNOW: espnow [version: 1.0] deinit
E (4346) wifi:NAN WiFi stop
I (4346) wifi:flush txq
I (4346) wifi:stop sw txq
I (4356) wifi:lmac stop hw txq
I (4356) wifi:Deinit lldesc rx mblock:10
ets Jun  8 2016 00:22:57

rst:0x5 (DEEPSLEEP_RESET),boot:0x13 (SPI_FAST_FLASH_BOOT)
configsip: 0, SPIWP:0xee
clk_drv:0x00,q_drv:0x00,d_drv:0x00,cs0_drv:0x00,hd_drv:0x00,wp_drv:0x00
mode:DIO, clock div:2
load:0x3fff0030,len:7280
load:0x40078000,len:15892
ho 0 tail 12 room 4
load:0x40080400,len:4
load:0x40080404,len:3880
entry 0x4008064c
[0;32mI (31) boot: ESP-IDF v5.1.1 2nd stage bootloader[0m
[0;32mI (31) boot: compile time Oct 30 2023 14:20:37[0m
[0;32mI (31) boot: Multicore bootloader[0m
[0;32mI (35) boot: chip revision: v1.0[0m
[0;32mI (39) boot.esp32: SPI Speed      : 40MHz[0m
[0;32mI (44) boot.esp32: SPI Mode       : DIO[0m
[0;32mI (48) boot.esp32: SPI Flash Size : 4MB[0m
[0;32mI (53) boot: Enabling RNG early entropy source...[0m
[0;32mI (58) esp_image: segment 0: paddr=00010020 vaddr=3f400020 size=20170h (131440) map[0m
[0;32mI (67) esp_image: segment 1: paddr=00030198 vaddr=3ff80063 size=00008h (     8) [0m
[0;32mI (75) esp_image: segment 2: paddr=000301a8 vaddr=3ffb0000 size=03760h ( 14176) load[0m
[0;32mI (85) esp_image: segment 3: paddr=00033910 vaddr=40080000 size=0c708h ( 50952) load[0m
[0;32mI (100) esp_image: segment 4: paddr=00040020 vaddr=400d0020 size=7ced4h (511700) map[0m
[0;32mI (100) esp_image: segment 5: paddr=000bcefc vaddr=4008c708 size=0a03ch ( 41020) load[0m
[0;32mI (115) esp_image: segment 6: paddr=000c6f40 vaddr=400c0000 size=00064h (   100) [0m
[0;32mI (117) boot: Fast booting app from partition at offset 0x10000[0m
[0;32mI (123) boot: Disabling RNG early entropy source...[0m
[0;32mI (140) cpu_start: Multicore app[0m
[0;32mI (140) cpu_start: Pro cpu up.[0m
[0;32mI (140) cpu_start: Starting app cpu, entry point is 0x40081504[0m
[0;32mI (0) cpu_start: App cpu up.[0m
[0;32mI (158) cpu_start: Pro cpu start user code[0m
[0;32mI (158) cpu_start: cpu freq: 160000000 Hz[0m
[0;32mI (158) cpu_start: Application information:[0m
[0;32mI (163) cpu_start: Project name:     espnow_example[0m
[0;32mI (169) cpu_start: App version:      1[0m
[0;32mI (173) cpu_start: Compile time:     Oct 30 2023 21:24:43[0m
[0;32mI (179) cpu_start: ELF file SHA256:  4b3b8cf9e6541c6b...[0m
[0;32mI (185) cpu_start: ESP-IDF:          v5.1.1[0m
[0;32mI (190) cpu_start: Min chip rev:     v0.0[0m
[0;32mI (195) cpu_start: Max chip rev:     v3.99 [0m
[0;32mI (200) cpu_start: Chip rev:         v1.0[0m
[0;32mI (204) heap_init: Initializing. RAM available for dynamic allocation:[0m
[0;32mI (212) heap_init: At 3FFAE6E0 len 00001920 (6 KiB): DRAM[0m
[0;32mI (218) heap_init: At 3FFB7848 len 000287B8 (161 KiB): DRAM[0m
[0;32mI (224) heap_init: At 3FFE0440 len 00003AE0 (14 KiB): D/IRAM[0m
[0;32mI (230) heap_init: At 3FFE4350 len 0001BCB0 (111 KiB): D/IRAM[0m
[0;32mI (237) heap_init: At 40096744 len 000098BC (38 KiB): IRAM[0m
[0;32mI (244) spi_flash: detected chip: generic[0m
[0;32mI (247) spi_flash: flash io: dio[0m
[0;32mI (252) app_start: Starting scheduler on CPU0[0m
[0;32mI (256) app_start: Starting scheduler on CPU1[0m
[0;32mI (256) main_task: Started on CPU0[0m
[0;32mI (266) main_task: Calling app_main()[0m
I (316) wifi:wifi driver task: 3ffbf470, prio:23, stack:6656, core=0
I (336) wifi:wifi firmware version: ce9244d
I (336) wifi:wifi certification version: v7.0
I (336) wifi:config NVS flash: enabled
I (336) wifi:config nano formating: disabled
I (336) wifi:Init data frame dynamic rx buffer num: 32
I (346) wifi:Init management frame dynamic rx buffer num: 32
I (346) wifi:Init management short buffer num: 32
I (356) wifi:Init dynamic tx buffer num: 32
I (356) wifi:Init static rx buffer size: 1600
I (356) wifi:Init static rx buffer num: 10
I (366) wifi:Init dynamic rx buffer num: 32
[0;32mI (366) wifi_init: rx ba win: 6[0m
[0;32mI (376) wifi_init: tcpip mbox: 32[0m
[0;32mI (376) wifi_init: udp mbox: 6[0m
[0;32mI (376) wifi_init: tcp mbox: 6[0m
[0;32mI (386) wifi_init: tcp tx win: 5744[0m
[0;32mI (386) wifi_init: tcp rx win: 5744[0m
[0;32mI (396) wifi_init: tcp mss: 1440[0m
[0;32mI (396) wifi_init: WiFi IRAM OP enabled[0m
[0;32mI (396) wifi_init: WiFi RX IRAM OP enabled[0m
[0;32mI (406) phy_init: phy_version 4670,719f9f6,Feb 18 2021,17:07:07[0m
I (426) wifi:mode : softAP (7c:9e:bd:61:49:65)
I (436) wifi:Total power save buffer number: 16
I (436) wifi:Init max length of beacon: 752/752
I (436) wifi:Init max length of beacon: 752/752
I (436) ESPNOW: espnow [version: 1.0] init
I (436) wifi:Set ps type: 0, coexist: 0

[0;32mI (446) neighbor detection: Starting broadcast discovery of peers[0m
[0;32mI (456) main_task: Returned from app_main()[0m
[0;33mW (1456) neighbor detection: last broadcast sent[0m
[0;33mW (1456) timing: time_TX = 3319116462 | time_RX = 31521343 | delta = 3287595119 us | count = 1 [0m
[0;33mW (1556) timing: time_TX = 3319223213 | time_RX = 31621193 | delta = 3287602020 us | count = 2 [0m
[0;33mW (1646) timing: time_TX = 3319323010 | time_RX = 31715949 | delta = 3287607061 us | count = 3 [0m
[0;33mW (1746) timing: time_TX = 3319422998 | time_RX = 31819061 | delta = 3287603937 us | count = 4 [0m
[0;33mW (1846) timing: time_TX = 3319523014 | time_RX = 31917498 | delta = 3287605516 us | count = 5 [0m
[0;33mW (1946) timing: time_TX = 3319622998 | time_RX = 32015994 | delta = 3287607004 us | count = 6 [0m
[0;33mW (2046) timing: time_TX = 3319722972 | time_RX = 32116058 | delta = 3287606914 us | count = 7 [0m
[0;33mW (2146) timing: time_TX = 3319823008 | time_RX = 32218567 | delta = 3287604441 us | count = 8 [0m
[0;33mW (2246) timing: time_TX = 3319923004 | time_RX = 32318322 | delta = 3287604682 us | count = 9 [0m
[0;33mW (2346) timing: time_TX = 3320023147 | time_RX = 32416643 | delta = 3287606504 us | count = 10 [0m
[0;33mW (4346) timing: correct time offset of: 3287604319 us[0m
[0;31mE (4346) timing_functions: Time adjustment failed![0m
I (4346) ESPNOW: espnow [version: 1.0] deinit
E (4346) wifi:NAN WiFi stop
I (4346) wifi:flush txq
I (4346) wifi:stop sw txq
I (4356) wifi:lmac stop hw txq
I (4356) wifi:Deinit lldesc rx mblock:10
ets Jun  8 2016 00:22:57

rst:0x5 (DEEPSLEEP_RESET),boot:0x13 (SPI_FAST_FLASH_BOOT)
configsip: 0, SPIWP:0xee
clk_drv:0x00,q_drv:0x00,d_drv:0x00,cs0_drv:0x00,hd_drv:0x00,wp_drv:0x00
mode:DIO, clock div:2
load:0x3fff0030,len:7280
load:0x40078000,len:15892
ho 0 tail 12 room 4
load:0x40080400,len:4
load:0x40080404,len:3880
entry 0x4008064c
[0;32mI (31) boot: ESP-IDF v5.1.1 2nd stage bootloader[0m
[0;32mI (31) boot: compile time Oct 30 2023 14:20:37[0m
[0;32mI (31) boot: Multicore bootloader[0m
[0;32mI (35) boot: chip revision: v1.0[0m
[0;32mI (39) boot.esp32: SPI Speed      : 40MHz[0m
[0;32mI (44) boot.esp32: SPI Mode       : DIO[0m
[0;32mI (48) boot.esp32: SPI Flash Size : 4MB[0m
[0;32mI (53) boot: Enabling RNG early entropy source...[0m
[0;32mI (58) esp_image: segment 0: paddr=00010020 vaddr=3f400020 size=20170h (131440) map[0m
[0;32mI (67) esp_image: segment 1: paddr=00030198 vaddr=3ff80063 size=00008h (     8) [0m
[0;32mI (75) esp_image: segment 2: paddr=000301a8 vaddr=3ffb0000 size=03760h ( 14176) load[0m
[0;32mI (85) esp_image: segment 3: paddr=00033910 vaddr=40080000 size=0c708h ( 50952) load[0m
[0;32mI (100) esp_image: segment 4: paddr=00040020 vaddr=400d0020 size=7ced4h (511700) map[0m
[0;32mI (100) esp_image: segment 5: paddr=000bcefc vaddr=4008c708 size=0a03ch ( 41020) load[0m
[0;32mI (115) esp_image: segment 6: paddr=000c6f40 vaddr=400c0000 size=00064h (   100) [0m
[0;32mI (117) boot: Fast booting app from partition at offset 0x10000[0m
[0;32mI (123) boot: Disabling RNG early entropy source...[0m
[0;32mI (140) cpu_start: Multicore app[0m
[0;32mI (140) cpu_start: Pro cpu up.[0m
[0;32mI (140) cpu_start: Starting app cpu, entry point is 0x40081504[0m
[0;32mI (0) cpu_start: App cpu up.[0m
[0;32mI (158) cpu_start: Pro cpu start user code[0m
[0;32mI (158) cpu_start: cpu freq: 160000000 Hz[0m
[0;32mI (158) cpu_start: Application information:[0m
[0;32mI (163) cpu_start: Project name:     espnow_example[0m
[0;32mI (169) cpu_start: App version:      1[0m
[0;32mI (173) cpu_start: Compile time:     Oct 30 2023 21:24:43[0m
[0;32mI (179) cpu_start: ELF file SHA256:  4b3b8cf9e6541c6b...[0m
[0;32mI (185) cpu_start: ESP-IDF:          v5.1.1[0m
[0;32mI (190) cpu_start: Min chip rev:     v0.0[0m
[0;32mI (195) cpu_start: Max chip rev:     v3.99 [0m
[0;32mI (200) cpu_start: Chip rev:         v1.0[0m
[0;32mI (204) heap_init: Initializing. RAM available for dynamic allocation:[0m
[0;32mI (212) heap_init: At 3FFAE6E0 len 00001920 (6 KiB): DRAM[0m
[0;32mI (218) heap_init: At 3FFB7848 len 000287B8 (161 KiB): DRAM[0m
[0;32mI (224) heap_init: At 3FFE0440 len 00003AE0 (14 KiB): D/IRAM[0m
[0;32mI (230) heap_init: At 3FFE4350 len 0001BCB0 (111 KiB): D/IRAM[0m
[0;32mI (237) heap_init: At 40096744 len 000098BC (38 KiB): IRAM[0m
[0;32mI (244) spi_flash: detected chip: generic[0m
[0;32mI (247) spi_flash: flash io: dio[0m
[0;32mI (252) app_start: Starting scheduler on CPU0[0m
[0;32mI (256) app_start: Starting scheduler on CPU1[0m
[0;32mI (256) main_task: Started on CPU0[0m
[0;32mI (266) main_task: Calling app_main()[0m
I (316) wifi:wifi driver task: 3ffbf470, prio:23, stack:6656, core=0
I (336) wifi:wifi firmware version: ce9244d
I (336) wifi:wifi certification version: v7.0
I (336) wifi:config NVS flash: enabled
I (336) wifi:config nano formating: disabled
I (336) wifi:Init data frame dynamic rx buffer num: 32
I (346) wifi:Init management frame dynamic rx buffer num: 32
I (346) wifi:Init management short buffer num: 32
I (356) wifi:Init dynamic tx buffer num: 32
I (356) wifi:Init static rx buffer size: 1600
I (356) wifi:Init static rx buffer num: 10
I (366) wifi:Init dynamic rx buffer num: 32
[0;32mI (366) wifi_init: rx ba win: 6[0m
[0;32mI (376) wifi_init: tcpip mbox: 32[0m
[0;32mI (376) wifi_init: udp mbox: 6[0m
[0;32mI (376) wifi_init: tcp mbox: 6[0m
[0;32mI (386) wifi_init: tcp tx win: 5744[0m
[0;32mI (386) wifi_init: tcp rx win: 5744[0m
[0;32mI (396) wifi_init: tcp mss: 1440[0m
[0;32mI (396) wifi_init: WiFi IRAM OP enabled[0m
[0;32mI (396) wifi_init: WiFi RX IRAM OP enabled[0m
[0;32mI (406) phy_init: phy_version 4670,719f9f6,Feb 18 2021,17:07:07[0m
I (426) wifi:mode : softAP (7c:9e:bd:61:49:65)
I (436) wifi:Total power save buffer number: 16
I (436) wifi:Init max length of beacon: 752/752
I (436) wifi:Init max length of beacon: 752/752
I (436) ESPNOW: espnow [version: 1.0] init
I (436) wifi:Set ps type: 0, coexist: 0

[0;32mI (446) neighbor detection: Starting broadcast discovery of peers[0m
[0;32mI (456) main_task: Returned from app_main()[0m
[0;33mW (1456) neighbor detection: last broadcast sent[0m
[0;31mE (3456) timing: No time exchanges took place[0m
I (3456) ESPNOW: espnow [version: 1.0] deinit
E (3456) wifi:NAN WiFi stop
I (3456) wifi:flush txq
I (3456) wifi:stop sw txq
I (3456) wifi:lmac stop hw txq
I (3466) wifi:Deinit lldesc rx mblock:10
ets Jun  8 2016 00:22:57

rst:0x5 (DEEPSLEEP_RESET),boot:0x13 (SPI_FAST_FLASH_BOOT)
configsip: 0, SPIWP:0xee
clk_drv:0x00,q_drv:0x00,d_drv:0x00,cs0_drv:0x00,hd_drv:0x00,wp_drv:0x00
mode:DIO, clock div:2
load:0x3fff0030,len:7280
load:0x40078000,len:15892
ho 0 tail 12 room 4
load:0x40080400,len:4
load:0x40080404,len:3880
entry 0x4008064c
[0;32mI (31) boot: ESP-IDF v5.1.1 2nd stage bootloader[0m
[0;32mI (31) boot: compile time Oct 30 2023 14:20:37[0m
[0;32mI (31) boot: Multicore bootloader[0m
[0;32mI (35) boot: chip revision: v1.0[0m
[0;32mI (39) boot.esp32: SPI Speed      : 40MHz[0m
[0;32mI (44) boot.esp32: SPI Mode       : DIO[0m
[0;32mI (48) boot.esp32: SPI Flash Size : 4MB[0m
[0;32mI (53) boot: Enabling RNG early entropy source...[0m
[0;32mI (58) esp_image: segment 0: paddr=00010020 vaddr=3f400020 size=20170h (131440) map[0m
[0;32mI (67) esp_image: segment 1: paddr=00030198 vaddr=3ff80063 size=00008h (     8) [0m
[0;32mI (75) esp_image: segment 2: paddr=000301a8 vaddr=3ffb0000 size=03760h ( 14176) load[0m
[0;32mI (85) esp_image: segment 3: paddr=00033910 vaddr=40080000 size=0c708h ( 50952) load[0m
[0;32mI (100) esp_image: segment 4: paddr=00040020 vaddr=400d0020 size=7ced4h (511700) map[0m
[0;32mI (100) esp_image: segment 5: paddr=000bcefc vaddr=4008c708 size=0a03ch ( 41020) load[0m
[0;32mI (115) esp_image: segment 6: paddr=000c6f40 vaddr=400c0000 size=00064h (   100) [0m
[0;32mI (117) boot: Fast booting app from partition at offset 0x10000[0m
[0;32mI (123) boot: Disabling RNG early entropy source...[0m
[0;32mI (140) cpu_start: Multicore app[0m
[0;32mI (140) cpu_start: Pro cpu up.[0m
[0;32mI (140) cpu_start: Starting app cpu, entry point is 0x40081504[0m
[0;32mI (0) cpu_start: App cpu up.[0m
[0;32mI (158) cpu_start: Pro cpu start user code[0m
[0;32mI (158) cpu_start: cpu freq: 160000000 Hz[0m
[0;32mI (158) cpu_start: Application information:[0m
[0;32mI (163) cpu_start: Project name:     espnow_example[0m
[0;32mI (169) cpu_start: App version:      1[0m
[0;32mI (173) cpu_start: Compile time:     Oct 30 2023 21:24:43[0m
[0;32mI (179) cpu_start: ELF file SHA256:  4b3b8cf9e6541c6b...[0m
[0;32mI (185) cpu_start: ESP-IDF:          v5.1.1[0m
[0;32mI (190) cpu_start: Min chip rev:     v0.0[0m
[0;32mI (195) cpu_start: Max chip rev:     v3.99 [0m
[0;32mI (200) cpu_start: Chip rev:         v1.0[0m
[0;32mI (204) heap_init: Initializing. RAM available for dynamic allocation:[0m
[0;32mI (212) heap_init: At 3FFAE6E0 len 00001920 (6 KiB): DRAM[0m
[0;32mI (218) heap_init: At 3FFB7848 len 000287B8 (161 KiB): DRAM[0m
[0;32mI (224) heap_init: At 3FFE0440 len 00003AE0 (14 KiB): D/IRAM[0m
[0;32mI (230) heap_init: At 3FFE4350 len 0001BCB0 (111 KiB): D/IRAM[0m
[0;32mI (237) heap_init: At 40096744 len 000098BC (38 KiB): IRAM[0m
[0;32mI (244) spi_flash: detected chip: generic[0m
[0;32mI (247) spi_flash: flash io: dio[0m
[0;32mI (252) app_start: Starting scheduler on CPU0[0m
[0;32mI (256) app_start: Starting scheduler on CPU1[0m
[0;32mI (256) main_task: Started on CPU0[0m
[0;32mI (266) main_task: Calling app_main()[0m
I (316) wifi:wifi driver task: 3ffbf470, prio:23, stack:6656, core=0
I (336) wifi:wifi firmware version: ce9244d
I (336) wifi:wifi certification version: v7.0
I (336) wifi:config NVS flash: enabled
I (336) wifi:config nano formating: disabled
I (336) wifi:Init data frame dynamic rx buffer num: 32
I (346) wifi:Init management frame dynamic rx buffer num: 32
I (346) wifi:Init management short buffer num: 32
I (356) wifi:Init dynamic tx buffer num: 32
I (356) wifi:Init static rx buffer size: 1600
I (356) wifi:Init static rx buffer num: 10
I (366) wifi:Init dynamic rx buffer num: 32
[0;32mI (366) wifi_init: rx ba win: 6[0m
[0;32mI (376) wifi_init: tcpip mbox: 32[0m
[0;32mI (376) wifi_init: udp mbox: 6[0m
[0;32mI (376) wifi_init: tcp mbox: 6[0m
[0;32mI (386) wifi_init: tcp tx win: 5744[0m
[0;32mI (386) wifi_init: tcp rx win: 5744[0m
[0;32mI (396) wifi_init: tcp mss: 1440[0m
[0;32mI (396) wifi_init: WiFi IRAM OP enabled[0m
[0;32mI (396) wifi_init: WiFi RX IRAM OP enabled[0m
[0;32mI (406) phy_init: phy_version 4670,719f9f6,Feb 18 2021,17:07:07[0m
I (426) wifi:mode : softAP (7c:9e:bd:61:49:65)
I (436) wifi:Total power save buffer number: 16
I (436) wifi:Init max length of beacon: 752/752
I (436) wifi:Init max length of beacon: 752/752
I (436) ESPNOW: espnow [version: 1.0] init
I (436) wifi:Set ps type: 0, coexist: 0

[0;32mI (446) neighbor detection: Starting broadcast discovery of peers[0m
[0;32mI (456) main_task: Returned from app_main()[0m
[0;33mW (1456) neighbor detection: last broadcast sent[0m
[0;31mE (3456) timing: No time exchanges took place[0m
I (3456) ESPNOW: espnow [version: 1.0] deinit
E (3456) wifi:NAN WiFi stop
I (3456) wifi:flush txq
I (3456) wifi:stop sw txq
I (3456) wifi:lmac stop hw txq
I (3466) wifi:Deinit lldesc rx mblock:10
ets Jun  8 2016 00:22:57

rst:0x5 (DEEPSLEEP_RESET),boot:0x13 (SPI_FAST_FLASH_BOOT)
configsip: 0, SPIWP:0xee
clk_drv:0x00,q_drv:0x00,d_drv:0x00,cs0_drv:0x00,hd_drv:0x00,wp_drv:0x00
mode:DIO, clock div:2
load:0x3fff0030,len:7280
load:0x40078000,len:15892
ho 0 tail 12 room 4
load:0x40080400,len:4
load:0x40080404,len:3880
entry 0x4008064c
[0;32mI (31) boot: ESP-IDF v5.1.1 2nd stage bootloader[0m
[0;32mI (31) boot: compile time Oct 30 2023 14:20:37[0m
[0;32mI (31) boot: Multicore bootloader[0m
[0;32mI (35) boot: chip revision: v1.0[0m
[0;32mI (39) boot.esp32: SPI Speed      : 40MHz[0m
[0;32mI (44) boot.esp32: SPI Mode       : DIO[0m
[0;32mI (48) boot.esp32: SPI Flash Size : 4MB[0m
[0;32mI (53) boot: Enabling RNG early entropy source...[0m
[0;32mI (58) esp_image: segment 0: paddr=00010020 vaddr=3f400020 size=20170h (131440) map[0m
[0;32mI (67) esp_image: segment 1: paddr=00030198 vaddr=3ff80063 size=00008h (     8) [0m
[0;32mI (75) esp_image: segment 2: paddr=000301a8 vaddr=3ffb0000 size=03760h ( 14176) load[0m
[0;32mI (85) esp_image: segment 3: paddr=00033910 vaddr=40080000 size=0c708h ( 50952) load[0m
[0;32mI (100) esp_image: segment 4: paddr=00040020 vaddr=400d0020 size=7ced4h (511700) map[0m
[0;32mI (100) esp_image: segment 5: paddr=000bcefc vaddr=4008c708 size=0a03ch ( 41020) load[0m
[0;32mI (115) esp_image: segment 6: paddr=000c6f40 vaddr=400c0000 size=00064h (   100) [0m
[0;32mI (117) boot: Fast booting app from partition at offset 0x10000[0m
[0;32mI (123) boot: Disabling RNG early entropy source...[0m
[0;32mI (140) cpu_start: Multicore app[0m
[0;32mI (140) cpu_start: Pro cpu up.[0m
[0;32mI (140) cpu_start: Starting app cpu, entry point is 0x40081504[0m
[0;32mI (0) cpu_start: App cpu up.[0m
[0;32mI (158) cpu_start: Pro cpu start user code[0m
[0;32mI (158) cpu_start: cpu freq: 160000000 Hz[0m
[0;32mI (158) cpu_start: Application information:[0m
[0;32mI (163) cpu_start: Project name:     espnow_example[0m
[0;32mI (169) cpu_start: App version:      1[0m
[0;32mI (173) cpu_start: Compile time:     Oct 30 2023 21:24:43[0m
[0;32mI (179) cpu_start: ELF file SHA256:  4b3b8cf9e6541c6b...[0m
[0;32mI (185) cpu_start: ESP-IDF:          v5.1.1[0m
[0;32mI (190) cpu_start: Min chip rev:     v0.0[0m
[0;32mI (195) cpu_start: Max chip rev:     v3.99 [0m
[0;32mI (200) cpu_start: Chip rev:         v1.0[0m
[0;32mI (204) heap_init: Initializing. RAM available for dynamic allocation:[0m
[0;32mI (212) heap_init: At 3FFAE6E0 len 00001920 (6 KiB): DRAM[0m
[0;32mI (218) heap_init: At 3FFB7848 len 000287B8 (161 KiB): DRAM[0m
[0;32mI (224) heap_init: At 3FFE0440 len 00003AE0 (14 KiB): D/IRAM[0m
[0;32mI (230) heap_init: At 3FFE4350 len 0001BCB0 (111 KiB): D/IRAM[0m
[0;32mI (237) heap_init: At 40096744 len 000098BC (38 KiB): IRAM[0m
[0;32mI (244) spi_flash: detected chip: generic[0m
[0;32mI (247) spi_flash: flash io: dio[0m
[0;32mI (252) app_start: Starting scheduler on CPU0[0m
[0;32mI (256) app_start: Starting scheduler on CPU1[0m
[0;32mI (256) main_task: Started on CPU0[0m
[0;32mI (266) main_task: Calling app_main()[0m
I (316) wifi:wifi driver task: 3ffbf470, prio:23, stack:6656, core=0
I (336) wifi:wifi firmware version: ce9244d
I (336) wifi:wifi certification version: v7.0
I (336) wifi:config NVS flash: enabled
I (336) wifi:config nano formating: disabled
I (336) wifi:Init data frame dynamic rx buffer num: 32
I (346) wifi:Init management frame dynamic rx buffer num: 32
I (346) wifi:Init management short buffer num: 32
I (356) wifi:Init dynamic tx buffer num: 32
I (356) wifi:Init static rx buffer size: 1600
I (356) wifi:Init static rx buffer num: 10
I (366) wifi:Init dynamic rx buffer num: 32
[0;32mI (366) wifi_init: rx ba win: 6[0m
[0;32mI (376) wifi_init: tcpip mbox: 32[0m
[0;32mI (376) wifi_init: udp mbox: 6[0m
[0;32mI (376) wifi_init: tcp mbox: 6[0m
[0;32mI (386) wifi_init: tcp tx win: 5744[0m
[0;32mI (386) wifi_init: tcp rx win: 5744[0m
[0;32mI (396) wifi_init: tcp mss: 1440[0m
[0;32mI (396) wifi_init: WiFi IRAM OP enabled[0m
[0;32mI (396) wifi_init: WiFi RX IRAM OP enabled[0m
[0;32mI (406) phy_init: phy_version 4670,719f9f6,Feb 18 2021,17:07:07[0m
I (426) wifi:mode : softAP (7c:9e:bd:61:49:65)
I (436) wifi:Total power save buffer number: 16
I (436) wifi:Init max length of beacon: 752/752
I (436) wifi:Init max length of beacon: 752/752
I (436) ESPNOW: espnow [version: 1.0] init
I (436) wifi:Set ps type: 0, coexist: 0

[0;32mI (446) neighbor detection: Starting broadcast discovery of peers[0m
[0;32mI (456) main_task: Returned from app_main()[0m
[0;33mW (1456) neighbor detection: last broadcast sent[0m
[0;31mE (3456) timing: No time exchanges took place[0m
I (3456) ESPNOW: espnow [version: 1.0] deinit
E (3456) wifi:NAN WiFi stop
I (3456) wifi:flush txq
I (3456) wifi:stop sw txq
I (3456) wifi:lmac stop hw txq
I (3466) wifi:Deinit lldesc rx mblock:10
ets Jun  8 2016 00:22:57

rst:0x5 (DEEPSLEEP_RESET),boot:0x13 (SPI_FAST_FLASH_BOOT)
configsip: 0, SPIWP:0xee
clk_drv:0x00,q_drv:0x00,d_drv:0x00,cs0_drv:0x00,hd_drv:0x00,wp_drv:0x00
mode:DIO, clock div:2
load:0x3fff0030,len:7280
load:0x40078000,len:15892
ho 0 tail 12 room 4
load:0x40080400,len:4
load:0x40080404,len:3880
entry 0x4008064c
[0;32mI (31) boot: ESP-IDF v5.1.1 2nd stage bootloader[0m
[0;32mI (31) boot: compile time Oct 30 2023 14:20:37[0m
[0;32mI (31) boot: Multicore bootloader[0m
[0;32mI (35) boot: chip revision: v1.0[0m
[0;32mI (39) boot.esp32: SPI Speed      : 40MHz[0m
[0;32mI (44) boot.esp32: SPI Mode       : DIO[0m
[0;32mI (48) boot.esp32: SPI Flash Size : 4MB[0m
[0;32mI (53) boot: Enabling RNG early entropy source...[0m
[0;32mI (58) esp_image: segment 0: paddr=00010020 vaddr=3f400020 size=20170h (131440) map[0m
[0;32mI (67) esp_image: segment 1: paddr=00030198 vaddr=3ff80063 size=00008h (     8) [0m
[0;32mI (75) esp_image: segment 2: paddr=000301a8 vaddr=3ffb0000 size=03760h ( 14176) load[0m
[0;32mI (85) esp_image: segment 3: paddr=00033910 vaddr=40080000 size=0c708h ( 50952) load[0m
[0;32mI (100) esp_image: segment 4: paddr=00040020 vaddr=400d0020 size=7ced4h (511700) map[0m
[0;32mI (100) esp_image: segment 5: paddr=000bcefc vaddr=4008c708 size=0a03ch ( 41020) load[0m
[0;32mI (115) esp_image: segment 6: paddr=000c6f40 vaddr=400c0000 size=00064h (   100) [0m
[0;32mI (117) boot: Fast booting app from partition at offset 0x10000[0m
[0;32mI (123) boot: Disabling RNG early entropy source...[0m
[0;32mI (140) cpu_start: Multicore app[0m
[0;32mI (140) cpu_start: Pro cpu up.[0m
[0;32mI (140) cpu_start: Starting app cpu, entry point is 0x40081504[0m
[0;32mI (0) cpu_start: App cpu up.[0m
[0;32mI (158) cpu_start: Pro cpu start user code[0m
[0;32mI (158) cpu_start: cpu freq: 160000000 Hz[0m
[0;32mI (158) cpu_start: Application information:[0m
[0;32mI (163) cpu_start: Project name:     espnow_example[0m
[0;32mI (169) cpu_start: App version:      1[0m
[0;32mI (173) cpu_start: Compile time:     Oct 30 2023 21:24:43[0m
[0;32mI (179) cpu_start: ELF file SHA256:  4b3b8cf9e6541c6b...[0m
[0;32mI (185) cpu_start: ESP-IDF:          v5.1.1[0m
[0;32mI (190) cpu_start: Min chip rev:     v0.0[0m
[0;32mI (195) cpu_start: Max chip rev:     v3.99 [0m
[0;32mI (200) cpu_start: Chip rev:         v1.0[0m
[0;32mI (204) heap_init: Initializing. RAM available for dynamic allocation:[0m
[0;32mI (212) heap_init: At 3FFAE6E0 len 00001920 (6 KiB): DRAM[0m
[0;32mI (218) heap_init: At 3FFB7848 len 000287B8 (161 KiB): DRAM[0m
[0;32mI (224) heap_init: At 3FFE0440 len 00003AE0 (14 KiB): D/IRAM[0m
[0;32mI (230) heap_init: At 3FFE4350 len 0001BCB0 (111 KiB): D/IRAM[0m
[0;32mI (237) heap_init: At 40096744 len 000098BC (38 KiB): IRAM[0m
[0;32mI (244) spi_flash: detected chip: generic[0m
[0;32mI (247) spi_flash: flash io: dio[0m
[0;32mI (252) app_start: Starting scheduler on CPU0[0m
[0;32mI (256) app_start: Starting scheduler on CPU1[0m
[0;32mI (256) main_task: Started on CPU0[0m
[0;32mI (266) main_task: Calling app_main()[0m
I (316) wifi:wifi driver task: 3ffbf470, prio:23, stack:6656, core=0
I (336) wifi:wifi firmware version: ce9244d
I (336) wifi:wifi certification version: v7.0
I (336) wifi:config NVS flash: enabled
I (336) wifi:config nano formating: disabled
I (336) wifi:Init data frame dynamic rx buffer num: 32
I (346) wifi:Init management frame dynamic rx buffer num: 32
I (346) wifi:Init management short buffer num: 32
I (356) wifi:Init dynamic tx buffer num: 32
I (356) wifi:Init static rx buffer size: 1600
I (356) wifi:Init static rx buffer num: 10
I (366) wifi:Init dynamic rx buffer num: 32
[0;32mI (366) wifi_init: rx ba win: 6[0m
[0;32mI (376) wifi_init: tcpip mbox: 32[0m
[0;32mI (376) wifi_init: udp mbox: 6[0m
[0;32mI (376) wifi_init: tcp mbox: 6[0m
[0;32mI (386) wifi_init: tcp tx win: 5744[0m
[0;32mI (386) wifi_init: tcp rx win: 5744[0m
[0;32mI (396) wifi_init: tcp mss: 1440[0m
[0;32mI (396) wifi_init: WiFi IRAM OP enabled[0m
[0;32mI (396) wifi_init: WiFi RX IRAM OP enabled[0m
[0;32mI (406) phy_init: phy_version 4670,719f9f6,Feb 18 2021,17:07:07[0m
I (426) wifi:mode : softAP (7c:9e:bd:61:49:65)
I (436) wifi:Total power save buffer number: 16
I (436) wifi:Init max length of beacon: 752/752
I (436) wifi:Init max length of beacon: 752/752
I (436) ESPNOW: espnow [version: 1.0] init
I (436) wifi:Set ps type: 0, coexist: 0

[0;32mI (446) neighbor detection: Starting broadcast discovery of peers[0m
[0;32mI (456) main_task: Returned from app_main()[0m
[0;33mW (1456) neighbor detection: last broadcast sent[0m
[0;33mW (2406) timing: time_TX = 256431 | time_RX = 50675402 | delta = -50418971 us | count = 1 [0m
[0;33mW (2496) timing: time_TX = 359398 | time_RX = 50767027 | delta = -50407629 us | count = 2 [0m
[0;33mW (2596) timing: time_TX = 459391 | time_RX = 50866956 | delta = -50407565 us | count = 3 [0m
[0;33mW (2696) timing: time_TX = 559391 | time_RX = 50966945 | delta = -50407554 us | count = 4 [0m
[0;33mW (2796) timing: time_TX = 659391 | time_RX = 51068099 | delta = -50408708 us | count = 5 [0m
[0;33mW (2896) timing: time_TX = 759387 | time_RX = 51167705 | delta = -50408318 us | count = 6 [0m
[0;33mW (2996) timing: time_TX = 859390 | time_RX = 51266911 | delta = -50407521 us | count = 7 [0m
[0;33mW (3096) timing: time_TX = 959391 | time_RX = 51366929 | delta = -50407538 us | count = 8 [0m
[0;33mW (3196) timing: time_TX = 1059395 | time_RX = 51467190 | delta = -50407795 us | count = 9 [0m
[0;33mW (3296) timing: time_TX = 1159391 | time_RX = 51566951 | delta = -50407560 us | count = 10 [0m
[0;33mW (5296) timing: correct time offset of: -50408915 us[0m
I (5296) ESPNOW: espnow [version: 1.0] deinit
E (5296) wifi:NAN WiFi stop
I (5296) wifi:flush txq
I (5296) wifi:stop sw txq
I (5296) wifi:lmac stop hw txq
I (5306) wifi:Deinit lldesc rx mblock:10
ets Jun  8 2016 00:22:57

rst:0x1 (POWERON_RESET),boot:0x13 (SPI_FAST_FLASH_BOOT)
configsip: 0, SPIWP:0xee
clk_drv:0x00,q_drv:0x00,d_drv:0x00,cs0_drv:0x00,hd_drv:0x00,wp_drv:0x00
mode:DIO, clock div:2
load:0x3fff0030,len:7280
load:0x40078000,len:15892
ho 0 tail 12 room 4
load:0x40080400,len:4
load:0x40080404,len:3880
entry 0x4008064c
[0;32mI (30) boot: ESP-IDF v5.1.1 2nd stage bootloader[0m
[0;32mI (30) boot: compile time Oct 30 2023 14:20:37[0m
[0;32mI (30) boot: Multicore bootloader[0m
[0;32mI (35) boot: chip revision: v1.0[0m
[0;32mI (38) boot.esp32: SPI Speed      : 40MHz[0m
[0;32mI (43) boot.esp32: SPI Mode       : DIO[0m
[0;32mI (48) boot.esp32: SPI Flash Size : 4MB[0m
[0;32mI (52) boot: Enabling RNG early entropy source...[0m
[0;32mI (57) boot: Partition Table:[0m
[0;32mI (61) boot: ## Label            Usage          Type ST Offset   Length[0m
[0;32mI (68) boot:  0 nvs              WiFi data        01 02 00009000 00006000[0m
[0;32mI (76) boot:  1 phy_init         RF data          01 01 0000f000 00001000[0m
[0;32mI (83) boot:  2 factory          factory app      00 00 00010000 00100000[0m
[0;32mI (91) boot: End of partition table[0m
[0;32mI (95) esp_image: segment 0: paddr=00010020 vaddr=3f400020 size=20170h (131440) map[0m
[0;32mI (151) esp_image: segment 1: paddr=00030198 vaddr=3ff80063 size=00008h (     8) load[0m
[0;32mI (151) esp_image: segment 2: paddr=000301a8 vaddr=3ffb0000 size=03760h ( 14176) load[0m
[0;32mI (162) esp_image: segment 3: paddr=00033910 vaddr=40080000 size=0c708h ( 50952) load[0m
[0;32mI (186) esp_image: segment 4: paddr=00040020 vaddr=400d0020 size=7ced4h (511700) map[0m
[0;32mI (371) esp_image: segment 5: paddr=000bcefc vaddr=4008c708 size=0a03ch ( 41020) load[0m
[0;32mI (389) esp_image: segment 6: paddr=000c6f40 vaddr=400c0000 size=00064h (   100) load[0m
[0;32mI (400) boot: Loaded app from partition at offset 0x10000[0m
[0;32mI (400) boot: Disabling RNG early entropy source...[0m
[0;32mI (412) cpu_start: Multicore app[0m
[0;32mI (412) cpu_start: Pro cpu up.[0m
[0;32mI (412) cpu_start: Starting app cpu, entry point is 0x40081504[0m
[0;32mI (0) cpu_start: App cpu up.[0m
[0;32mI (430) cpu_start: Pro cpu start user code[0m
[0;32mI (430) cpu_start: cpu freq: 160000000 Hz[0m
[0;32mI (430) cpu_start: Application information:[0m
[0;32mI (435) cpu_start: Project name:     espnow_example[0m
[0;32mI (440) cpu_start: App version:      1[0m
[0;32mI (445) cpu_start: Compile time:     Oct 30 2023 21:24:43[0m
[0;32mI (451) cpu_start: ELF file SHA256:  4b3b8cf9e6541c6b...[0m
[0;32mI (457) cpu_start: ESP-IDF:          v5.1.1[0m
[0;32mI (462) cpu_start: Min chip rev:     v0.0[0m
[0;32mI (466) cpu_start: Max chip rev:     v3.99 [0m
[0;32mI (471) cpu_start: Chip rev:         v1.0[0m
[0;32mI (476) heap_init: Initializing. RAM available for dynamic allocation:[0m
[0;32mI (483) heap_init: At 3FFAE6E0 len 00001920 (6 KiB): DRAM[0m
[0;32mI (489) heap_init: At 3FFB7848 len 000287B8 (161 KiB): DRAM[0m
[0;32mI (496) heap_init: At 3FFE0440 len 00003AE0 (14 KiB): D/IRAM[0m
[0;32mI (502) heap_init: At 3FFE4350 len 0001BCB0 (111 KiB): D/IRAM[0m
[0;32mI (508) heap_init: At 40096744 len 000098BC (38 KiB): IRAM[0m
[0;32mI (516) spi_flash: detected chip: generic[0m
[0;32mI (519) spi_flash: flash io: dio[0m
[0;32mI (524) app_start: Starting scheduler on CPU0[0m
[0;32mI (528) app_start: Starting scheduler on CPU1[0m
[0;32mI (528) main_task: Started on CPU0[0m
[0;32mI (538) main_task: Calling app_main()[0m
[0;31mE (538) neighbor detection: Reset not triggert by deepsleep wakeup!!![0m
I (588) wifi:wifi driver task: 3ffbf520, prio:23, stack:6656, core=0
I (608) wifi:wifi firmware version: ce9244d
I (608) wifi:wifi certification version: v7.0
I (608) wifi:config NVS flash: enabled
I (608) wifi:config nano formating: disabled
I (608) wifi:Init data frame dynamic rx buffer num: 32
I (618) wifi:Init management frame dynamic rx buffer num: 32
I (618) wifi:Init management short buffer num: 32
I (628) wifi:Init dynamic tx buffer num: 32
I (628) wifi:Init static rx buffer size: 1600
I (628) wifi:Init static rx buffer num: 10
I (638) wifi:Init dynamic rx buffer num: 32
[0;32mI (638) wifi_init: rx ba win: 6[0m
[0;32mI (648) wifi_init: tcpip mbox: 32[0m
[0;32mI (648) wifi_init: udp mbox: 6[0m
[0;32mI (648) wifi_init: tcp mbox: 6[0m
[0;32mI (658) wifi_init: tcp tx win: 5744[0m
[0;32mI (658) wifi_init: tcp rx win: 5744[0m
[0;32mI (668) wifi_init: tcp mss: 1440[0m
[0;32mI (668) wifi_init: WiFi IRAM OP enabled[0m
[0;32mI (668) wifi_init: WiFi RX IRAM OP enabled[0m
[0;32mI (678) phy_init: phy_version 4670,719f9f6,Feb 18 2021,17:07:07[0m
I (778) wifi:mode : softAP (7c:9e:bd:61:49:65)
I (788) wifi:Total power save buffer number: 16
I (788) wifi:Init max length of beacon: 752/752
I (788) wifi:Init max length of beacon: 752/752
I (788) ESPNOW: espnow [version: 1.0] init
I (788) wifi:Set ps type: 0, coexist: 0

[0;32mI (798) neighbor detection: Starting broadcast discovery of peers[0m
[0;32mI (808) main_task: Returned from app_main()[0m
[0;33mW (1208) timing: time_TX = 256742 | time_RX = 616101 | delta = -359359 us | count = 1 [0m
[0;33mW (1308) timing: time_TX = 359398 | time_RX = 707499 | delta = -348101 us | count = 2 [0m
[0;33mW (1408) timing: time_TX = 459395 | time_RX = 807478 | delta = -348083 us | count = 3 [0m
[0;33mW (1508) timing: time_TX = 559391 | time_RX = 907526 | delta = -348135 us | count = 4 [0m
[0;33mW (1608) timing: time_TX = 659492 | time_RX = 1009212 | delta = -349720 us | count = 5 [0m
[0;33mW (1708) timing: time_TX = 759391 | time_RX = 1107452 | delta = -348061 us | count = 6 [0m
[0;33mW (1808) neighbor detection: last broadcast sent[0m
[0;33mW (1808) timing: time_TX = 859395 | time_RX = 1207452 | delta = -348057 us | count = 7 [0m
[0;33mW (1848) timing: time_TX = 959394 | time_RX = 1307426 | delta = -348032 us | count = 8 [0m
[0;33mW (1958) timing: time_TX = 1059402 | time_RX = 1410336 | delta = -350934 us | count = 9 [0m
[0;33mW (2048) timing: time_TX = 1159390 | time_RX = 1507350 | delta = -347960 us | count = 10 [0m
[0;33mW (4048) timing: correct time offset of: -349644 us[0m
I (4048) ESPNOW: espnow [version: 1.0] deinit
E (4048) wifi:NAN WiFi stop
I (4048) wifi:flush txq
I (4048) wifi:stop sw txq
I (4048) wifi:lmac stop hw txq
I (4058) wifi:Deinit lldesc rx mblock:10
ets Jun  8 2016 00:22:57

rst:0x5 (DEEPSLEEP_RESET),boot:0x13 (SPI_FAST_FLASH_BOOT)
configsip: 0, SPIWP:0xee
clk_drv:0x00,q_drv:0x00,d_drv:0x00,cs0_drv:0x00,hd_drv:0x00,wp_drv:0x00
mode:DIO, clock div:2
load:0x3fff0030,len:7280
load:0x40078000,len:15892
ho 0 tail 12 room 4
load:0x40080400,len:4
load:0x40080404,len:3880
entry 0x4008064c
[0;32mI (31) boot: ESP-IDF v5.1.1 2nd stage bootloader[0m
[0;32mI (31) boot: compile time Oct 30 2023 14:20:37[0m
[0;32mI (31) boot: Multicore bootloader[0m
[0;32mI (35) boot: chip revision: v1.0[0m
[0;32mI (39) boot.esp32: SPI Speed      : 40MHz[0m
[0;32mI (44) boot.esp32: SPI Mode       : DIO[0m
[0;32mI (48) boot.esp32: SPI Flash Size : 4MB[0m
[0;32mI (53) boot: Enabling RNG early entropy source...[0m
[0;32mI (58) esp_image: segment 0: paddr=00010020 vaddr=3f400020 size=20170h (131440) map[0m
[0;32mI (67) esp_image: segment 1: paddr=00030198 vaddr=3ff80063 size=00008h (     8) [0m
[0;32mI (75) esp_image: segment 2: paddr=000301a8 vaddr=3ffb0000 size=03760h ( 14176) load[0m
[0;32mI (85) esp_image: segment 3: paddr=00033910 vaddr=40080000 size=0c708h ( 50952) load[0m
[0;32mI (100) esp_image: segment 4: paddr=00040020 vaddr=400d0020 size=7ced4h (511700) map[0m
[0;32mI (100) esp_image: segment 5: paddr=000bcefc vaddr=4008c708 size=0a03ch ( 41020) load[0m
[0;32mI (115) esp_image: segment 6: paddr=000c6f40 vaddr=400c0000 size=00064h (   100) [0m
[0;32mI (117) boot: Fast booting app from partition at offset 0x10000[0m
[0;32mI (123) boot: Disabling RNG early entropy source...[0m
[0;32mI (140) cpu_start: Multicore app[0m
[0;32mI (140) cpu_start: Pro cpu up.[0m
[0;32mI (140) cpu_start: Starting app cpu, entry point is 0x40081504[0m
[0;32mI (0) cpu_start: App cpu up.[0m
[0;32mI (158) cpu_start: Pro cpu start user code[0m
[0;32mI (158) cpu_start: cpu freq: 160000000 Hz[0m
[0;32mI (158) cpu_start: Application information:[0m
[0;32mI (163) cpu_start: Project name:     espnow_example[0m
[0;32mI (169) cpu_start: App version:      1[0m
[0;32mI (173) cpu_start: Compile time:     Oct 30 2023 21:24:43[0m
[0;32mI (179) cpu_start: ELF file SHA256:  4b3b8cf9e6541c6b...[0m
[0;32mI (185) cpu_start: ESP-IDF:          v5.1.1[0m
[0;32mI (190) cpu_start: Min chip rev:     v0.0[0m
[0;32mI (195) cpu_start: Max chip rev:     v3.99 [0m
[0;32mI (200) cpu_start: Chip rev:         v1.0[0m
[0;32mI (204) heap_init: Initializing. RAM available for dynamic allocation:[0m
[0;32mI (212) heap_init: At 3FFAE6E0 len 00001920 (6 KiB): DRAM[0m
[0;32mI (218) heap_init: At 3FFB7848 len 000287B8 (161 KiB): DRAM[0m
[0;32mI (224) heap_init: At 3FFE0440 len 00003AE0 (14 KiB): D/IRAM[0m
[0;32mI (230) heap_init: At 3FFE4350 len 0001BCB0 (111 KiB): D/IRAM[0m
[0;32mI (237) heap_init: At 40096744 len 000098BC (38 KiB): IRAM[0m
[0;32mI (244) spi_flash: detected chip: generic[0m
[0;32mI (247) spi_flash: flash io: dio[0m
[0;32mI (252) app_start: Starting scheduler on CPU0[0m
[0;32mI (256) app_start: Starting scheduler on CPU1[0m
[0;32mI (256) main_task: Started on CPU0[0m
[0;32mI (266) main_task: Calling app_main()[0m
I (316) wifi:wifi driver task: 3ffbf470, prio:23, stack:6656, core=0
I (336) wifi:wifi firmware version: ce9244d
I (336) wifi:wifi certification version: v7.0
I (336) wifi:config NVS flash: enabled
I (336) wifi:config nano formating: disabled
I (336) wifi:Init data frame dynamic rx buffer num: 32
I (346) wifi:Init management frame dynamic rx buffer num: 32
I (346) wifi:Init management short buffer num: 32
I (356) wifi:Init dynamic tx buffer num: 32
I (356) wifi:Init static rx buffer size: 1600
I (356) wifi:Init static rx buffer num: 10
I (366) wifi:Init dynamic rx buffer num: 32
[0;32mI (366) wifi_init: rx ba win: 6[0m
[0;32mI (376) wifi_init: tcpip mbox: 32[0m
[0;32mI (376) wifi_init: udp mbox: 6[0m
[0;32mI (376) wifi_init: tcp mbox: 6[0m
[0;32mI (386) wifi_init: tcp tx win: 5744[0m
[0;32mI (386) wifi_init: tcp rx win: 5744[0m
[0;32mI (396) wifi_init: tcp mss: 1440[0m
[0;32mI (396) wifi_init: WiFi IRAM OP enabled[0m
[0;32mI (396) wifi_init: WiFi RX IRAM OP enabled[0m
[0;32mI (406) phy_init: phy_version 4670,719f9f6,Feb 18 2021,17:07:07[0m
I (426) wifi:mode : softAP (7c:9e:bd:61:49:65)
I (436) wifi:Total power save buffer number: 16
I (436) wifi:Init max length of beacon: 752/752
I (436) wifi:Init max length of beacon: 752/752
I (436) ESPNOW: espnow [version: 1.0] init
I (446) wifi:Set ps type: 0, coexist: 0

[0;32mI (446) neighbor detection: Starting broadcast discovery of peers[0m
[0;32mI (456) main_task: Returned from app_main()[0m
[0;33mW (576) timing: time_TX = 5103622 | time_RX = 5456428 | delta = -352806 us | count = 1 [0m
[0;33mW (676) timing: time_TX = 5203274 | time_RX = 5550814 | delta = -347540 us | count = 2 [0m
[0;33mW (776) timing: time_TX = 5303278 | time_RX = 5652556 | delta = -349278 us | count = 3 [0m
[0;33mW (876) timing: time_TX = 5403274 | time_RX = 5751713 | delta = -348439 us | count = 4 [0m
[0;33mW (1476) neighbor detection: last broadcast sent[0m
[0;33mW (3476) timing: correct time offset of: -349515 us[0m
I (3476) ESPNOW: espnow [version: 1.0] deinit
E (3476) wifi:NAN WiFi stop
I (3476) wifi:flush txq
I (3476) wifi:stop sw txq
I (3476) wifi:lmac stop hw txq
I (3486) wifi:Deinit lldesc rx mblock:10
ets Jun  8 2016 00:22:57

rst:0x5 (DEEPSLEEP_RESET),boot:0x13 (SPI_FAST_FLASH_BOOT)
configsip: 0, SPIWP:0xee
clk_drv:0x00,q_drv:0x00,d_drv:0x00,cs0_drv:0x00,hd_drv:0x00,wp_drv:0x00
mode:DIO, clock div:2
load:0x3fff0030,len:7280
load:0x40078000,len:15892
ho 0 tail 12 room 4
load:0x40080400,len:4
load:0x40080404,len:3880
entry 0x4008064c
[0;32mI (31) boot: ESP-IDF v5.1.1 2nd stage bootloader[0m
[0;32mI (31) boot: compile time Oct 30 2023 14:20:37[0m
[0;32mI (31) boot: Multicore bootloader[0m
[0;32mI (35) boot: chip revision: v1.0[0m
[0;32mI (39) boot.esp32: SPI Speed      : 40MHz[0m
[0;32mI (44) boot.esp32: SPI Mode       : DIO[0m
[0;32mI (48) boot.esp32: SPI Flash Size : 4MB[0m
[0;32mI (53) boot: Enabling RNG early entropy source...[0m
[0;32mI (58) esp_image: segment 0: paddr=00010020 vaddr=3f400020 size=20170h (131440) map[0m
[0;32mI (67) esp_image: segment 1: paddr=00030198 vaddr=3ff80063 size=00008h (     8) [0m
[0;32mI (75) esp_image: segment 2: paddr=000301a8 vaddr=3ffb0000 size=03760h ( 14176) load[0m
[0;32mI (85) esp_image: segment 3: paddr=00033910 vaddr=40080000 size=0c708h ( 50952) load[0m
[0;32mI (100) esp_image: segment 4: paddr=00040020 vaddr=400d0020 size=7ced4h (511700) map[0m
[0;32mI (100) esp_image: segment 5: paddr=000bcefc vaddr=4008c708 size=0a03ch ( 41020) load[0m
[0;32mI (115) esp_image: segment 6: paddr=000c6f40 vaddr=400c0000 size=00064h (   100) [0m
[0;32mI (117) boot: Fast booting app from partition at offset 0x10000[0m
[0;32mI (123) boot: Disabling RNG early entropy source...[0m
[0;32mI (140) cpu_start: Multicore app[0m
[0;32mI (140) cpu_start: Pro cpu up.[0m
[0;32mI (140) cpu_start: Starting app cpu, entry point is 0x40081504[0m
[0;32mI (0) cpu_start: App cpu up.[0m
[0;32mI (158) cpu_start: Pro cpu start user code[0m
[0;32mI (158) cpu_start: cpu freq: 160000000 Hz[0m
[0;32mI (158) cpu_start: Application information:[0m
[0;32mI (163) cpu_start: Project name:     espnow_example[0m
[0;32mI (169) cpu_start: App version:      1[0m
[0;32mI (173) cpu_start: Compile time:     Oct 30 2023 21:24:43[0m
[0;32mI (179) cpu_start: ELF file SHA256:  4b3b8cf9e6541c6b...[0m
[0;32mI (185) cpu_start: ESP-IDF:          v5.1.1[0m
[0;32mI (190) cpu_start: Min chip rev:     v0.0[0m
[0;32mI (195) cpu_start: Max chip rev:     v3.99 [0m
[0;32mI (200) cpu_start: Chip rev:         v1.0[0m
[0;32mI (204) heap_init: Initializing. RAM available for dynamic allocation:[0m
[0;32mI (212) heap_init: At 3FFAE6E0 len 00001920 (6 KiB): DRAM[0m
[0;32mI (218) heap_init: At 3FFB7848 len 000287B8 (161 KiB): DRAM[0m
[0;32mI (224) heap_init: At 3FFE0440 len 00003AE0 (14 KiB): D/IRAM[0m
[0;32mI (230) heap_init: At 3FFE4350 len 0001BCB0 (111 KiB): D/IRAM[0m
[0;32mI (237) heap_init: At 40096744 len 000098BC (38 KiB): IRAM[0m
[0;32mI (244) spi_flash: detected chip: generic[0m
[0;32mI (247) spi_flash: flash io: dio[0m
[0;32mI (252) app_start: Starting scheduler on CPU0[0m
[0;32mI (256) app_start: Starting scheduler on CPU1[0m
[0;32mI (256) main_task: Started on CPU0[0m
[0;32mI (266) main_task: Calling app_main()[0m
I (316) wifi:wifi driver task: 3ffbf470, prio:23, stack:6656, core=0
I (336) wifi:wifi firmware version: ce9244d
I (336) wifi:wifi certification version: v7.0
I (336) wifi:config NVS flash: enabled
I (336) wifi:config nano formating: disabled
I (336) wifi:Init data frame dynamic rx buffer num: 32
I (346) wifi:Init management frame dynamic rx buffer num: 32
I (346) wifi:Init management short buffer num: 32
I (356) wifi:Init dynamic tx buffer num: 32
I (356) wifi:Init static rx buffer size: 1600
I (356) wifi:Init static rx buffer num: 10
I (366) wifi:Init dynamic rx buffer num: 32
[0;32mI (366) wifi_init: rx ba win: 6[0m
[0;32mI (376) wifi_init: tcpip mbox: 32[0m
[0;32mI (376) wifi_init: udp mbox: 6[0m
[0;32mI (376) wifi_init: tcp mbox: 6[0m
[0;32mI (386) wifi_init: tcp tx win: 5744[0m
[0;32mI (386) wifi_init: tcp rx win: 5744[0m
[0;32mI (396) wifi_init: tcp mss: 1440[0m
[0;32mI (396) wifi_init: WiFi IRAM OP enabled[0m
[0;32mI (396) wifi_init: WiFi RX IRAM OP enabled[0m
[0;32mI (406) phy_init: phy_version 4670,719f9f6,Feb 18 2021,17:07:07[0m
I (426) wifi:mode : softAP (7c:9e:bd:61:49:65)
I (436) wifi:Total power save buffer number: 16
I (436) wifi:Init max length of beacon: 752/752
I (436) wifi:Init max length of beacon: 752/752
I (436) ESPNOW: espnow [version: 1.0] init
I (436) wifi:Set ps type: 0, coexist: 0

[0;32mI (446) neighbor detection: Starting broadcast discovery of peers[0m
[0;32mI (456) main_task: Returned from app_main()[0m
[0;33mW (556) timing: time_TX = 10030853 | time_RX = 10377055 | delta = -346202 us | count = 1 [0m
[0;33mW (656) timing: time_TX = 10130585 | time_RX = 10476922 | delta = -346337 us | count = 2 [0m
[0;33mW (1456) neighbor detection: last broadcast sent[0m
[0;33mW (3456) timing: correct time offset of: -346269 us[0m
I (3456) ESPNOW: espnow [version: 1.0] deinit
E (3456) wifi:NAN WiFi stop
I (3456) wifi:flush txq
I (3456) wifi:stop sw txq
I (3456) wifi:lmac stop hw txq
I (3466) wifi:Deinit lldesc rx mblock:10
ets Jun  8 2016 00:22:57

rst:0x5 (DEEPSLEEP_RESET),boot:0x13 (SPI_FAST_FLASH_BOOT)
configsip: 0, SPIWP:0xee
clk_drv:0x00,q_drv:0x00,d_drv:0x00,cs0_drv:0x00,hd_drv:0x00,wp_drv:0x00
mode:DIO, clock div:2
load:0x3fff0030,len:7280
load:0x40078000,len:15892
ho 0 tail 12 room 4
load:0x40080400,len:4
load:0x40080404,len:3880
entry 0x4008064c
[0;32mI (31) boot: ESP-IDF v5.1.1 2nd stage bootloader[0m
[0;32mI (31) boot: compile time Oct 30 2023 14:20:37[0m
[0;32mI (31) boot: Multicore bootloader[0m
[0;32mI (35) boot: chip revision: v1.0[0m
[0;32mI (39) boot.esp32: SPI Speed      : 40MHz[0m
[0;32mI (44) boot.esp32: SPI Mode       : DIO[0m
[0;32mI (48) boot.esp32: SPI Flash Size : 4MB[0m
[0;32mI (53) boot: Enabling RNG early entropy source...[0m
[0;32mI (58) esp_image: segment 0: paddr=00010020 vaddr=3f400020 size=20170h (131440) map[0m
[0;32mI (67) esp_image: segment 1: paddr=00030198 vaddr=3ff80063 size=00008h (     8) [0m
[0;32mI (75) esp_image: segment 2: paddr=000301a8 vaddr=3ffb0000 size=03760h ( 14176) load[0m
[0;32mI (85) esp_image: segment 3: paddr=00033910 vaddr=40080000 size=0c708h ( 50952) load[0m
[0;32mI (100) esp_image: segment 4: paddr=00040020 vaddr=400d0020 size=7ced4h (511700) map[0m
[0;32mI (100) esp_image: segment 5: paddr=000bcefc vaddr=4008c708 size=0a03ch ( 41020) load[0m
[0;32mI (115) esp_image: segment 6: paddr=000c6f40 vaddr=400c0000 size=00064h (   100) [0m
[0;32mI (117) boot: Fast booting app from partition at offset 0x10000[0m
[0;32mI (123) boot: Disabling RNG early entropy source...[0m
[0;32mI (140) cpu_start: Multicore app[0m
[0;32mI (140) cpu_start: Pro cpu up.[0m
[0;32mI (140) cpu_start: Starting app cpu, entry point is 0x40081504[0m
[0;32mI (0) cpu_start: App cpu up.[0m
[0;32mI (158) cpu_start: Pro cpu start user code[0m
[0;32mI (158) cpu_start: cpu freq: 160000000 Hz[0m
[0;32mI (158) cpu_start: Application information:[0m
[0;32mI (163) cpu_start: Project name:     espnow_example[0m
[0;32mI (169) cpu_start: App version:      1[0m
[0;32mI (173) cpu_start: Compile time:     Oct 30 2023 21:24:43[0m
[0;32mI (179) cpu_start: ELF file SHA256:  4b3b8cf9e6541c6b...[0m
[0;32mI (185) cpu_start: ESP-IDF:          v5.1.1[0m
[0;32mI (190) cpu_start: Min chip rev:     v0.0[0m
[0;32mI (195) cpu_start: Max chip rev:     v3.99 [0m
[0;32mI (200) cpu_start: Chip rev:         v1.0[0m
[0;32mI (204) heap_init: Initializing. RAM available for dynamic allocation:[0m
[0;32mI (212) heap_init: At 3FFAE6E0 len 00001920 (6 KiB): DRAM[0m
[0;32mI (218) heap_init: At 3FFB7848 len 000287B8 (161 KiB): DRAM[0m
[0;32mI (224) heap_init: At 3FFE0440 len 00003AE0 (14 KiB): D/IRAM[0m
[0;32mI (230) heap_init: At 3FFE4350 len 0001BCB0 (111 KiB): D/IRAM[0m
[0;32mI (237) heap_init: At 40096744 len 000098BC (38 KiB): IRAM[0m
[0;32mI (244) spi_flash: detected chip: generic[0m
[0;32mI (247) spi_flash: flash io: dio[0m
[0;32mI (252) app_start: Starting scheduler on CPU0[0m
[0;32mI (256) app_start: Starting scheduler on CPU1[0m
[0;32mI (256) main_task: Started on CPU0[0m
[0;32mI (266) main_task: Calling app_main()[0m
I (316) wifi:wifi driver task: 3ffbf470, prio:23, stack:6656, core=0
I (336) wifi:wifi firmware version: ce9244d
I (336) wifi:wifi certification version: v7.0
I (336) wifi:config NVS flash: enabled
I (336) wifi:config nano formating: disabled
I (336) wifi:Init data frame dynamic rx buffer num: 32
I (346) wifi:Init management frame dynamic rx buffer num: 32
I (346) wifi:Init management short buffer num: 32
I (356) wifi:Init dynamic tx buffer num: 32
I (356) wifi:Init static rx buffer size: 1600
I (356) wifi:Init static rx buffer num: 10
I (366) wifi:Init dynamic rx buffer num: 32
[0;32mI (366) wifi_init: rx ba win: 6[0m
[0;32mI (376) wifi_init: tcpip mbox: 32[0m
[0;32mI (376) wifi_init: udp mbox: 6[0m
[0;32mI (376) wifi_init: tcp mbox: 6[0m
[0;32mI (386) wifi_init: tcp tx win: 5744[0m
[0;32mI (386) wifi_init: tcp rx win: 5744[0m
[0;32mI (396) wifi_init: tcp mss: 1440[0m
[0;32mI (396) wifi_init: WiFi IRAM OP enabled[0m
[0;32mI (396) wifi_init: WiFi RX IRAM OP enabled[0m
[0;32mI (406) phy_init: phy_version 4670,719f9f6,Feb 18 2021,17:07:07[0m
I (426) wifi:mode : softAP (7c:9e:bd:61:49:65)
I (436) wifi:Total power save buffer number: 16
I (436) wifi:Init max length of beacon: 752/752
I (436) wifi:Init max length of beacon: 752/752
I (436) ESPNOW: espnow [version: 1.0] init
I (436) wifi:Set ps type: 0, coexist: 0

[0;32mI (446) neighbor detection: Starting broadcast discovery of peers[0m
[0;32mI (456) main_task: Returned from app_main()[0m
[0;33mW (556) timing: time_TX = 14957894 | time_RX = 15302539 | delta = -344645 us | count = 1 [0m
[0;33mW (656) timing: time_TX = 15057894 | time_RX = 15402653 | delta = -344759 us | count = 2 [0m
[0;33mW (1456) neighbor detection: last broadcast sent[0m
[0;33mW (3456) timing: correct time offset of: -344702 us[0m
I (3456) ESPNOW: espnow [version: 1.0] deinit
E (3456) wifi:NAN WiFi stop
I (3456) wifi:flush txq
I (3456) wifi:stop sw txq
I (3456) wifi:lmac stop hw txq
I (3466) wifi:Deinit lldesc rx mblock:10
ets Jun  8 2016 00:22:57

rst:0x1 (POWERON_RESET),boot:0x13 (SPI_FAST_FLASH_BOOT)
configsip: 0, SPIWP:0xee
clk_drv:0x00,q_drv:0x00,d_drv:0x00,cs0_drv:0x00,hd_drv:0x00,wp_drv:0x00
mode:DIO, clock div:2
load:0x3fff0030,len:7280
load:0x40078000,len:15892
ho 0 tail 12 room 4
load:0x40080400,len:4
load:0x40080404,len:3880
entry 0x4008064c
[0;32mI (30) boot: ESP-IDF v5.1.1 2nd stage bootloader[0m
[0;32mI (30) boot: compile time Oct 30 2023 14:20:37[0m
[0;32mI (30) boot: Multicore bootloader[0m
[0;32mI (35) boot: chip revision: v1.0[0m
[0;32mI (38) boot.esp32: SPI Speed      : 40MHz[0m
[0;32mI (43) boot.esp32: SPI Mode       : DIO[0m
[0;32mI (48) boot.esp32: SPI Flash Size : 4MB[0m
[0;32mI (52) boot: Enabling RNG early entropy source...[0m
[0;32mI (57) boot: Partition Table:[0m
[0;32mI (61) boot: ## Label            Usage          Type ST Offset   Length[0m
[0;32mI (68) boot:  0 nvs              WiFi data        01 02 00009000 00006000[0m
[0;32mI (76) boot:  1 phy_init         RF data          01 01 0000f000 00001000[0m
[0;32mI (83) boot:  2 factory          factory app      00 00 00010000 00100000[0m
[0;32mI (91) boot: End of partition table[0m
[0;32mI (95) esp_image: segment 0: paddr=00010020 vaddr=3f400020 size=20170h (131440) map[0m
[0;32mI (151) esp_image: segment 1: paddr=00030198 vaddr=3ff80063 size=00008h (     8) load[0m
[0;32mI (151) esp_image: segment 2: paddr=000301a8 vaddr=3ffb0000 size=03760h ( 14176) load[0m
[0;32mI (162) esp_image: segment 3: paddr=00033910 vaddr=40080000 size=0c708h ( 50952) load[0m
[0;32mI (186) esp_image: segment 4: paddr=00040020 vaddr=400d0020 size=7ced4h (511700) map[0m
[0;32mI (371) esp_image: segment 5: paddr=000bcefc vaddr=4008c708 size=0a03ch ( 41020) load[0m
[0;32mI (389) esp_image: segment 6: paddr=000c6f40 vaddr=400c0000 size=00064h (   100) load[0m
[0;32mI (400) boot: Loaded app from partition at offset 0x10000[0m
[0;32mI (400) boot: Disabling RNG early entropy source...[0m
[0;32mI (412) cpu_start: Multicore app[0m
[0;32mI (412) cpu_start: Pro cpu up.[0m
[0;32mI (412) cpu_start: Starting app cpu, entry point is 0x40081504[0m
[0;32mI (0) cpu_start: App cpu up.[0m
[0;32mI (430) cpu_start: Pro cpu start user code[0m
[0;32mI (430) cpu_start: cpu freq: 160000000 Hz[0m
[0;32mI (430) cpu_start: Application information:[0m
[0;32mI (435) cpu_start: Project name:     espnow_example[0m
[0;32mI (440) cpu_start: App version:      1[0m
[0;32mI (445) cpu_start: Compile time:     Oct 30 2023 21:24:43[0m
[0;32mI (451) cpu_start: ELF file SHA256:  4b3b8cf9e6541c6b...[0m
[0;32mI (457) cpu_start: ESP-IDF:          v5.1.1[0m
[0;32mI (462) cpu_start: Min chip rev:     v0.0[0m
[0;32mI (466) cpu_start: Max chip rev:     v3.99 [0m
[0;32mI (471) cpu_start: Chip rev:         v1.0[0m
[0;32mI (476) heap_init: Initializing. RAM available for dynamic allocation:[0m
[0;32mI (483) heap_init: At 3FFAE6E0 len 00001920 (6 KiB): DRAM[0m
[0;32mI (489) heap_init: At 3FFB7848 len 000287B8 (161 KiB): DRAM[0m
[0;32mI (496) heap_init: At 3FFE0440 len 00003AE0 (14 KiB): D/IRAM[0m
[0;32mI (502) heap_init: At 3FFE4350 len 0001BCB0 (111 KiB): D/IRAM[0m
[0;32mI (508) heap_init: At 40096744 len 000098BC (38 KiB): IRAM[0m
[0;32mI (516) spi_flash: detected chip: generic[0m
[0;32mI (519) spi_flash: flash io: dio[0m
[0;32mI (524) app_start: Starting scheduler on CPU0[0m
[0;32mI (528) app_start: Starting scheduler on CPU1[0m
[0;32mI (528) main_task: Started on CPU0[0m
[0;32mI (538) main_task: Calling app_main()[0m
[0;31mE (538) neighbor detection: Reset not triggert by deepsleep wakeup!!![0m
I (588) wifi:wifi driver task: 3ffbf520, prio:23, stack:6656, core=0
I (608) wifi:wifi firmware version: ce9244d
I (608) wifi:wifi certification version: v7.0
I (608) wifi:config NVS flash: enabled
I (608) wifi:config nano formating: disabled
I (608) wifi:Init data frame dynamic rx buffer num: 32
I (618) wifi:Init management frame dynamic rx buffer num: 32
I (618) wifi:Init management short buffer num: 32
I (628) wifi:Init dynamic tx buffer num: 32
I (628) wifi:Init static rx buffer size: 1600
I (628) wifi:Init static rx buffer num: 10
I (638) wifi:Init dynamic rx buffer num: 32
[0;32mI (638) wifi_init: rx ba win: 6[0m
[0;32mI (648) wifi_init: tcpip mbox: 32[0m
[0;32mI (648) wifi_init: udp mbox: 6[0m
[0;32mI (648) wifi_init: tcp mbox: 6[0m
[0;32mI (658) wifi_init: tcp tx win: 5744[0m
[0;32mI (658) wifi_init: tcp rx win: 5744[0m
[0;32mI (668) wifi_init: tcp mss: 1440[0m
[0;32mI (668) wifi_init: WiFi IRAM OP enabled[0m
[0;32mI (668) wifi_init: WiFi RX IRAM OP enabled[0m
[0;32mI (678) phy_init: phy_version 4670,719f9f6,Feb 18 2021,17:07:07[0m
I (778) wifi:mode : softAP (7c:9e:bd:61:49:65)
I (788) wifi:Total power save buffer number: 16
I (788) wifi:Init max length of beacon: 752/752
I (788) wifi:Init max length of beacon: 752/752
I (788) ESPNOW: espnow [version: 1.0] init
I (798) wifi:Set ps type: 0, coexist: 0

[0;32mI (798) neighbor detection: Starting broadcast discovery of peers[0m
[0;32mI (808) main_task: Returned from app_main()[0m
