ets Jun  8 2016 00:22:57

rst:0x1 (POWERON_RESET),boot:0x13 (SPI_FAST_FLASH_BOOT)
configsip: 0, SPIWP:0xee
clk_drv:0x00,q_drv:0x00,d_drv:0x00,cs0_drv:0x00,hd_drv:0x00,wp_drv:0x00
mode:DIO, clock div:2
load:0x3fff0030,len:7280
load:0x40078000,len:15892
ho 0 tail 12 room 4
load:0x40080400,len:4
load:0x40080404,len:3880
entry 0x4008064c
[0;32mI (30) boot: ESP-IDF v5.1.1 2nd stage bootloader[0m
[0;32mI (30) boot: compile time Oct 30 2023 14:20:37[0m
[0;32mI (30) boot: Multicore bootloader[0m
[0;32mI (35) boot: chip revision: v1.0[0m
[0;32mI (38) boot.esp32: SPI Speed      : 40MHz[0m
[0;32mI (43) boot.esp32: SPI Mode       : DIO[0m
[0;32mI (47) boot.esp32: SPI Flash Size : 4MB[0m
[0;32mI (52) boot: Enabling RNG early entropy source...[0m
[0;32mI (57) boot: Partition Table:[0m
[0;32mI (61) boot: ## Label            Usage          Type ST Offset   Length[0m
[0;32mI (68) boot:  0 nvs              WiFi data        01 02 00009000 00006000[0m
[0;32mI (76) boot:  1 phy_init         RF data          01 01 0000f000 00001000[0m
[0;32mI (83) boot:  2 factory          factory app      00 00 00010000 00100000[0m
[0;32mI (91) boot: End of partition table[0m
[0;32mI (95) esp_image: segment 0: paddr=00010020 vaddr=3f400020 size=20170h (131440) map[0m
[0;32mI (151) esp_image: segment 1: paddr=00030198 vaddr=3ff80063 size=00008h (     8) load[0m
[0;32mI (151) esp_image: segment 2: paddr=000301a8 vaddr=3ffb0000 size=03760h ( 14176) load[0m
[0;32mI (162) esp_image: segment 3: paddr=00033910 vaddr=40080000 size=0c708h ( 50952) load[0m
[0;32mI (186) esp_image: segment 4: paddr=00040020 vaddr=400d0020 size=7cebch (511676) map[0m
[0;32mI (371) esp_image: segment 5: paddr=000bcee4 vaddr=4008c708 size=0a03ch ( 41020) load[0m
[0;32mI (389) esp_image: segment 6: paddr=000c6f28 vaddr=400c0000 size=00064h (   100) load[0m
[0;32mI (400) boot: Loaded app from partition at offset 0x10000[0m
[0;32mI (400) boot: Disabling RNG early entropy source...[0m
[0;32mI (412) cpu_start: Multicore app[0m
[0;32mI (412) cpu_start: Pro cpu up.[0m
[0;32mI (412) cpu_start: Starting app cpu, entry point is 0x40081504[0m
[0;32mI (0) cpu_start: App cpu up.[0m
[0;32mI (430) cpu_start: Pro cpu start user code[0m
[0;32mI (430) cpu_start: cpu freq: 160000000 Hz[0m
[0;32mI (430) cpu_start: Application information:[0m
[0;32mI (435) cpu_start: Project name:     espnow_example[0m
[0;32mI (440) cpu_start: App version:      1[0m
[0;32mI (445) cpu_start: Compile time:     Oct 30 2023 21:24:43[0m
[0;32mI (451) cpu_start: ELF file SHA256:  dcb5060aae8088f6...[0m
[0;32mI (457) cpu_start: ESP-IDF:          v5.1.1[0m
[0;32mI (462) cpu_start: Min chip rev:     v0.0[0m
[0;32mI (466) cpu_start: Max chip rev:     v3.99 [0m
[0;32mI (471) cpu_start: Chip rev:         v1.0[0m
[0;32mI (476) heap_init: Initializing. RAM available for dynamic allocation:[0m
[0;32mI (483) heap_init: At 3FFAE6E0 len 00001920 (6 KiB): DRAM[0m
[0;32mI (489) heap_init: At 3FFB7848 len 000287B8 (161 KiB): DRAM[0m
[0;32mI (496) heap_init: At 3FFE0440 len 00003AE0 (14 KiB): D/IRAM[0m
[0;32mI (502) heap_init: At 3FFE4350 len 0001BCB0 (111 KiB): D/IRAM[0m
[0;32mI (508) heap_init: At 40096744 len 000098BC (38 KiB): IRAM[0m
[0;32mI (516) spi_flash: detected chip: generic[0m
[0;32mI (519) spi_flash: flash io: dio[0m
[0;32mI (524) app_start: Starting scheduler on CPU0[0m
[0;32mI (528) app_start: Starting scheduler on CPU1[0m
[0;32mI (528) main_task: Started on CPU0[0m
[0;32mI (538) main_task: Calling app_main()[0m
[0;31mE (538) neighbor detection: Reset not triggert by deepsleep wakeup!!![0m
I (588) wifi:wifi driver task: 3ffbf520, prio:23, stack:6656, core=0
I (608) wifi:wifi firmware version: ce9244d
I (608) wifi:wifi certification version: v7.0
I (608) wifi:config NVS flash: enabled
I (608) wifi:config nano formating: disabled
I (608) wifi:Init data frame dynamic rx buffer num: 32
I (618) wifi:Init management frame dynamic rx buffer num: 32
I (618) wifi:Init management short buffer num: 32
I (628) wifi:Init dynamic tx buffer num: 32
I (628) wifi:Init static rx buffer size: 1600
I (628) wifi:Init static rx buffer num: 10
I (638) wifi:Init dynamic rx buffer num: 32
[0;32mI (638) wifi_init: rx ba win: 6[0m
[0;32mI (648) wifi_init: tcpip mbox: 32[0m
[0;32mI (648) wifi_init: udp mbox: 6[0m
[0;32mI (648) wifi_init: tcp mbox: 6[0m
[0;32mI (658) wifi_init: tcp tx win: 5744[0m
[0;32mI (658) wifi_init: tcp rx win: 5744[0m
[0;32mI (668) wifi_init: tcp mss: 1440[0m
[0;32mI (668) wifi_init: WiFi IRAM OP enabled[0m
[0;32mI (668) wifi_init: WiFi RX IRAM OP enabled[0m
[0;32mI (678) phy_init: phy_version 4670,719f9f6,Feb 18 2021,17:07:07[0m
I (778) wifi:mode : softAP (7c:9e:bd:65:b2:3d)
I (788) wifi:Total power save buffer number: 16
I (788) wifi:Init max length of beacon: 752/752
I (788) wifi:Init max length of beacon: 752/752
I (788) ESPNOW: espnow [version: 1.0] init
I (798) wifi:Set ps type: 0, coexist: 0

[0;32mI (798) neighbor detection: Starting broadcast discovery of peers[0m
[0;32mI (808) main_task: Returned from app_main()[0m
[0;33mW (908) timing: time_TX = 248695979 | time_RX = 294220 | delta = 248401759 us | count = 1 [0m
[0;33mW (1008) timing: time_TX = 248795983 | time_RX = 394136 | delta = 248401847 us | count = 2 [0m
[0;33mW (1108) timing: time_TX = 248895979 | time_RX = 494038 | delta = 248401941 us | count = 3 [0m
[0;33mW (1208) timing: time_TX = 248995979 | time_RX = 594679 | delta = 248401300 us | count = 4 [0m
[0;33mW (1308) timing: time_TX = 249095979 | time_RX = 694053 | delta = 248401926 us | count = 5 [0m
[0;33mW (1408) timing: time_TX = 249195983 | time_RX = 794060 | delta = 248401923 us | count = 6 [0m
[0;33mW (1508) timing: time_TX = 249295983 | time_RX = 894052 | delta = 248401931 us | count = 7 [0m
[0;33mW (1608) timing: time_TX = 249395983 | time_RX = 994284 | delta = 248401699 us | count = 8 [0m
[0;33mW (1808) neighbor detection: last broadcast sent[0m
[0;33mW (3808) timing: correct time offset of: 248401790 us[0m
I (3808) ESPNOW: espnow [version: 1.0] deinit
E (3808) wifi:NAN WiFi stop
I (3808) wifi:flush txq
I (3808) wifi:stop sw txq
I (3808) wifi:lmac stop hw txq
I (3818) wifi:Deinit lldesc rx mblock:10
ets Jun  8 2016 00:22:57

rst:0x5 (DEEPSLEEP_RESET),boot:0x13 (SPI_FAST_FLASH_BOOT)
configsip: 0, SPIWP:0xee
clk_drv:0x00,q_drv:0x00,d_drv:0x00,cs0_drv:0x00,hd_drv:0x00,wp_drv:0x00
mode:DIO, clock div:2
load:0x3fff0030,len:7280
load:0x40078000,len:15892
ho 0 tail 12 room 4
load:0x40080400,len:4
load:0x40080404,len:3880
entry 0x4008064c
[0;32mI (31) boot: ESP-IDF v5.1.1 2nd stage bootloader[0m
[0;32mI (31) boot: compile time Oct 30 2023 14:20:37[0m
[0;32mI (31) boot: Multicore bootloader[0m
[0;32mI (35) boot: chip revision: v1.0[0m
[0;32mI (39) boot.esp32: SPI Speed      : 40MHz[0m
[0;32mI (44) boot.esp32: SPI Mode       : DIO[0m
[0;32mI (48) boot.esp32: SPI Flash Size : 4MB[0m
[0;32mI (53) boot: Enabling RNG early entropy source...[0m
[0;32mI (58) esp_image: segment 0: paddr=00010020 vaddr=3f400020 size=20170h (131440) map[0m
[0;32mI (67) esp_image: segment 1: paddr=00030198 vaddr=3ff80063 size=00008h (     8) [0m
[0;32mI (75) esp_image: segment 2: paddr=000301a8 vaddr=3ffb0000 size=03760h ( 14176) load[0m
[0;32mI (85) esp_image: segment 3: paddr=00033910 vaddr=40080000 size=0c708h ( 50952) load[0m
[0;32mI (100) esp_image: segment 4: paddr=00040020 vaddr=400d0020 size=7cebch (511676) map[0m
[0;32mI (100) esp_image: segment 5: paddr=000bcee4 vaddr=4008c708 size=0a03ch ( 41020) load[0m
[0;32mI (115) esp_image: segment 6: paddr=000c6f28 vaddr=400c0000 size=00064h (   100) [0m
[0;32mI (117) boot: Fast booting app from partition at offset 0x10000[0m
[0;32mI (123) boot: Disabling RNG early entropy source...[0m
[0;32mI (140) cpu_start: Multicore app[0m
[0;32mI (140) cpu_start: Pro cpu up.[0m
[0;32mI (140) cpu_start: Starting app cpu, entry point is 0x40081504[0m
[0;32mI (0) cpu_start: App cpu up.[0m
[0;32mI (158) cpu_start: Pro cpu start user code[0m
[0;32mI (158) cpu_start: cpu freq: 160000000 Hz[0m
[0;32mI (158) cpu_start: Application information:[0m
[0;32mI (163) cpu_start: Project name:     espnow_example[0m
[0;32mI (169) cpu_start: App version:      1[0m
[0;32mI (173) cpu_start: Compile time:     Oct 30 2023 21:24:43[0m
[0;32mI (179) cpu_start: ELF file SHA256:  dcb5060aae8088f6...[0m
[0;32mI (185) cpu_start: ESP-IDF:          v5.1.1[0m
[0;32mI (190) cpu_start: Min chip rev:     v0.0[0m
[0;32mI (195) cpu_start: Max chip rev:     v3.99 [0m
[0;32mI (200) cpu_start: Chip rev:         v1.0[0m
[0;32mI (204) heap_init: Initializing. RAM available for dynamic allocation:[0m
[0;32mI (212) heap_init: At 3FFAE6E0 len 00001920 (6 KiB): DRAM[0m
[0;32mI (218) heap_init: At 3FFB7848 len 000287B8 (161 KiB): DRAM[0m
[0;32mI (224) heap_init: At 3FFE0440 len 00003AE0 (14 KiB): D/IRAM[0m
[0;32mI (230) heap_init: At 3FFE4350 len 0001BCB0 (111 KiB): D/IRAM[0m
[0;32mI (237) heap_init: At 40096744 len 000098BC (38 KiB): IRAM[0m
[0;32mI (244) spi_flash: detected chip: generic[0m
[0;32mI (247) spi_flash: flash io: dio[0m
[0;32mI (252) app_start: Starting scheduler on CPU0[0m
[0;32mI (256) app_start: Starting scheduler on CPU1[0m
[0;32mI (256) main_task: Started on CPU0[0m
[0;32mI (266) main_task: Calling app_main()[0m
I (316) wifi:wifi driver task: 3ffbf470, prio:23, stack:6656, core=0
I (336) wifi:wifi firmware version: ce9244d
I (336) wifi:wifi certification version: v7.0
I (336) wifi:config NVS flash: enabled
I (336) wifi:config nano formating: disabled
I (336) wifi:Init data frame dynamic rx buffer num: 32
I (346) wifi:Init management frame dynamic rx buffer num: 32
I (346) wifi:Init management short buffer num: 32
I (356) wifi:Init dynamic tx buffer num: 32
I (356) wifi:Init static rx buffer size: 1600
I (356) wifi:Init static rx buffer num: 10
I (366) wifi:Init dynamic rx buffer num: 32
[0;32mI (366) wifi_init: rx ba win: 6[0m
[0;32mI (376) wifi_init: tcpip mbox: 32[0m
[0;32mI (376) wifi_init: udp mbox: 6[0m
[0;32mI (376) wifi_init: tcp mbox: 6[0m
[0;32mI (386) wifi_init: tcp tx win: 5744[0m
[0;32mI (386) wifi_init: tcp rx win: 5744[0m
[0;32mI (396) wifi_init: tcp mss: 1440[0m
[0;32mI (396) wifi_init: WiFi IRAM OP enabled[0m
[0;32mI (396) wifi_init: WiFi RX IRAM OP enabled[0m
[0;32mI (406) phy_init: phy_version 4670,719f9f6,Feb 18 2021,17:07:07[0m
I (426) wifi:mode : softAP (7c:9e:bd:65:b2:3d)
I (436) wifi:Total power save buffer number: 16
I (436) wifi:Init max length of beacon: 752/752
I (436) wifi:Init max length of beacon: 752/752
I (436) ESPNOW: espnow [version: 1.0] init
I (436) wifi:Set ps type: 0, coexist: 0

[0;32mI (446) neighbor detection: Starting broadcast discovery of peers[0m
[0;32mI (456) main_task: Returned from app_main()[0m
[0;33mW (1456) neighbor detection: last broadcast sent[0m
[0;31mE (3456) timing: No time exchanges took place[0m
I (3456) ESPNOW: espnow [version: 1.0] deinit
E (3456) wifi:NAN WiFi stop
I (3456) wifi:flush txq
I (3456) wifi:stop sw txq
I (3456) wifi:lmac stop hw txq
I (3466) wifi:Deinit lldesc rx mblock:10
ets Jun  8 2016 00:22:57

rst:0x5 (DEEPSLEEP_RESET),boot:0x13 (SPI_FAST_FLASH_BOOT)
configsip: 0, SPIWP:0xee
clk_drv:0x00,q_drv:0x00,d_drv:0x00,cs0_drv:0x00,hd_drv:0x00,wp_drv:0x00
mode:DIO, clock div:2
load:0x3fff0030,len:7280
load:0x40078000,len:15892
ho 0 tail 12 room 4
load:0x40080400,len:4
load:0x40080404,len:3880
entry 0x4008064c
[0;32mI (31) boot: ESP-IDF v5.1.1 2nd stage bootloader[0m
[0;32mI (31) boot: compile time Oct 30 2023 14:20:37[0m
[0;32mI (31) boot: Multicore bootloader[0m
[0;32mI (35) boot: chip revision: v1.0[0m
[0;32mI (39) boot.esp32: SPI Speed      : 40MHz[0m
[0;32mI (44) boot.esp32: SPI Mode       : DIO[0m
[0;32mI (48) boot.esp32: SPI Flash Size : 4MB[0m
[0;32mI (53) boot: Enabling RNG early entropy source...[0m
[0;32mI (58) esp_image: segment 0: paddr=00010020 vaddr=3f400020 size=20170h (131440) map[0m
[0;32mI (67) esp_image: segment 1: paddr=00030198 vaddr=3ff80063 size=00008h (     8) [0m
[0;32mI (75) esp_image: segment 2: paddr=000301a8 vaddr=3ffb0000 size=03760h ( 14176) load[0m
[0;32mI (85) esp_image: segment 3: paddr=00033910 vaddr=40080000 size=0c708h ( 50952) load[0m
[0;32mI (100) esp_image: segment 4: paddr=00040020 vaddr=400d0020 size=7cebch (511676) map[0m
[0;32mI (100) esp_image: segment 5: paddr=000bcee4 vaddr=4008c708 size=0a03ch ( 41020) load[0m
[0;32mI (115) esp_image: segment 6: paddr=000c6f28 vaddr=400c0000 size=00064h (   100) [0m
[0;32mI (117) boot: Fast booting app from partition at offset 0x10000[0m
[0;32mI (123) boot: Disabling RNG early entropy source...[0m
[0;32mI (140) cpu_start: Multicore app[0m
[0;32mI (140) cpu_start: Pro cpu up.[0m
[0;32mI (140) cpu_start: Starting app cpu, entry point is 0x40081504[0m
[0;32mI (0) cpu_start: App cpu up.[0m
[0;32mI (158) cpu_start: Pro cpu start user code[0m
[0;32mI (158) cpu_start: cpu freq: 160000000 Hz[0m
[0;32mI (158) cpu_start: Application information:[0m
[0;32mI (163) cpu_start: Project name:     espnow_example[0m
[0;32mI (169) cpu_start: App version:      1[0m
[0;32mI (173) cpu_start: Compile time:     Oct 30 2023 21:24:43[0m
[0;32mI (179) cpu_start: ELF file SHA256:  dcb5060aae8088f6...[0m
[0;32mI (185) cpu_start: ESP-IDF:          v5.1.1[0m
[0;32mI (190) cpu_start: Min chip rev:     v0.0[0m
[0;32mI (195) cpu_start: Max chip rev:     v3.99 [0m
[0;32mI (200) cpu_start: Chip rev:         v1.0[0m
[0;32mI (204) heap_init: Initializing. RAM available for dynamic allocation:[0m
[0;32mI (212) heap_init: At 3FFAE6E0 len 00001920 (6 KiB): DRAM[0m
[0;32mI (218) heap_init: At 3FFB7848 len 000287B8 (161 KiB): DRAM[0m
[0;32mI (224) heap_init: At 3FFE0440 len 00003AE0 (14 KiB): D/IRAM[0m
[0;32mI (230) heap_init: At 3FFE4350 len 0001BCB0 (111 KiB): D/IRAM[0m
[0;32mI (237) heap_init: At 40096744 len 000098BC (38 KiB): IRAM[0m
[0;32mI (244) spi_flash: detected chip: generic[0m
[0;32mI (247) spi_flash: flash io: dio[0m
[0;32mI (252) app_start: Starting scheduler on CPU0[0m
[0;32mI (256) app_start: Starting scheduler on CPU1[0m
[0;32mI (256) main_task: Started on CPU0[0m
[0;32mI (266) main_task: Calling app_main()[0m
I (316) wifi:wifi driver task: 3ffbf470, prio:23, stack:6656, core=0
I (336) wifi:wifi firmware version: ce9244d
I (336) wifi:wifi certification version: v7.0
I (336) wifi:config NVS flash: enabled
I (336) wifi:config nano formating: disabled
I (336) wifi:Init data frame dynamic rx buffer num: 32
I (346) wifi:Init management frame dynamic rx buffer num: 32
I (346) wifi:Init management short buffer num: 32
I (356) wifi:Init dynamic tx buffer num: 32
I (356) wifi:Init static rx buffer size: 1600
I (356) wifi:Init static rx buffer num: 10
I (366) wifi:Init dynamic rx buffer num: 32
[0;32mI (366) wifi_init: rx ba win: 6[0m
[0;32mI (376) wifi_init: tcpip mbox: 32[0m
[0;32mI (376) wifi_init: udp mbox: 6[0m
[0;32mI (376) wifi_init: tcp mbox: 6[0m
[0;32mI (386) wifi_init: tcp tx win: 5744[0m
[0;32mI (386) wifi_init: tcp rx win: 5744[0m
[0;32mI (396) wifi_init: tcp mss: 1440[0m
[0;32mI (396) wifi_init: WiFi IRAM OP enabled[0m
[0;32mI (396) wifi_init: WiFi RX IRAM OP enabled[0m
[0;32mI (406) phy_init: phy_version 4670,719f9f6,Feb 18 2021,17:07:07[0m
I (426) wifi:mode : softAP (7c:9e:bd:65:b2:3d)
I (436) wifi:Total power save buffer number: 16
I (436) wifi:Init max length of beacon: 752/752
I (436) wifi:Init max length of beacon: 752/752
I (436) ESPNOW: espnow [version: 1.0] init
I (436) wifi:Set ps type: 0, coexist: 0

[0;32mI (446) neighbor detection: Starting broadcast discovery of peers[0m
[0;32mI (456) main_task: Returned from app_main()[0m
[0;33mW (1456) neighbor detection: last broadcast sent[0m
[0;31mE (3456) timing: No time exchanges took place[0m
I (3456) ESPNOW: espnow [version: 1.0] deinit
E (3456) wifi:NAN WiFi stop
I (3456) wifi:flush txq
I (3456) wifi:stop sw txq
I (3456) wifi:lmac stop hw txq
I (3466) wifi:Deinit lldesc rx mblock:10
ets Jun  8 2016 00:22:57

rst:0x5 (DEEPSLEEP_RESET),boot:0x13 (SPI_FAST_FLASH_BOOT)
configsip: 0, SPIWP:0xee
clk_drv:0x00,q_drv:0x00,d_drv:0x00,cs0_drv:0x00,hd_drv:0x00,wp_drv:0x00
mode:DIO, clock div:2
load:0x3fff0030,len:7280
load:0x40078000,len:15892
ho 0 tail 12 room 4
load:0x40080400,len:4
load:0x40080404,len:3880
entry 0x4008064c
[0;32mI (31) boot: ESP-IDF v5.1.1 2nd stage bootloader[0m
[0;32mI (31) boot: compile time Oct 30 2023 14:20:37[0m
[0;32mI (31) boot: Multicore bootloader[0m
[0;32mI (35) boot: chip revision: v1.0[0m
[0;32mI (39) boot.esp32: SPI Speed      : 40MHz[0m
[0;32mI (44) boot.esp32: SPI Mode       : DIO[0m
[0;32mI (48) boot.esp32: SPI Flash Size : 4MB[0m
[0;32mI (53) boot: Enabling RNG early entropy source...[0m
[0;32mI (58) esp_image: segment 0: paddr=00010020 vaddr=3f400020 size=20170h (131440) map[0m
[0;32mI (67) esp_image: segment 1: paddr=00030198 vaddr=3ff80063 size=00008h (     8) [0m
[0;32mI (75) esp_image: segment 2: paddr=000301a8 vaddr=3ffb0000 size=03760h ( 14176) load[0m
[0;32mI (85) esp_image: segment 3: paddr=00033910 vaddr=40080000 size=0c708h ( 50952) load[0m
[0;32mI (100) esp_image: segment 4: paddr=00040020 vaddr=400d0020 size=7cebch (511676) map[0m
[0;32mI (100) esp_image: segment 5: paddr=000bcee4 vaddr=4008c708 size=0a03ch ( 41020) load[0m
[0;32mI (115) esp_image: segment 6: paddr=000c6f28 vaddr=400c0000 size=00064h (   100) [0m
[0;32mI (117) boot: Fast booting app from partition at offset 0x10000[0m
[0;32mI (123) boot: Disabling RNG early entropy source...[0m
[0;32mI (140) cpu_start: Multicore app[0m
[0;32mI (140) cpu_start: Pro cpu up.[0m
[0;32mI (140) cpu_start: Starting app cpu, entry point is 0x40081504[0m
[0;32mI (0) cpu_start: App cpu up.[0m
[0;32mI (158) cpu_start: Pro cpu start user code[0m
[0;32mI (158) cpu_start: cpu freq: 160000000 Hz[0m
[0;32mI (158) cpu_start: Application information:[0m
[0;32mI (163) cpu_start: Project name:     espnow_example[0m
[0;32mI (169) cpu_start: App version:      1[0m
[0;32mI (173) cpu_start: Compile time:     Oct 30 2023 21:24:43[0m
[0;32mI (179) cpu_start: ELF file SHA256:  dcb5060aae8088f6...[0m
[0;32mI (185) cpu_start: ESP-IDF:          v5.1.1[0m
[0;32mI (190) cpu_start: Min chip rev:     v0.0[0m
[0;32mI (195) cpu_start: Max chip rev:     v3.99 [0m
[0;32mI (200) cpu_start: Chip rev:         v1.0[0m
[0;32mI (204) heap_init: Initializing. RAM available for dynamic allocation:[0m
[0;32mI (212) heap_init: At 3FFAE6E0 len 00001920 (6 KiB): DRAM[0m
[0;32mI (218) heap_init: At 3FFB7848 len 000287B8 (161 KiB): DRAM[0m
[0;32mI (224) heap_init: At 3FFE0440 len 00003AE0 (14 KiB): D/IRAM[0m
[0;32mI (230) heap_init: At 3FFE4350 len 0001BCB0 (111 KiB): D/IRAM[0m
[0;32mI (237) heap_init: At 40096744 len 000098BC (38 KiB): IRAM[0m
[0;32mI (244) spi_flash: detected chip: generic[0m
[0;32mI (247) spi_flash: flash io: dio[0m
[0;32mI (252) app_start: Starting scheduler on CPU0[0m
[0;32mI (256) app_start: Starting scheduler on CPU1[0m
[0;32mI (256) main_task: Started on CPU0[0m
[0;32mI (266) main_task: Calling app_main()[0m
I (316) wifi:wifi driver task: 3ffbf470, prio:23, stack:6656, core=0
I (336) wifi:wifi firmware version: ce9244d
I (336) wifi:wifi certification version: v7.0
I (336) wifi:config NVS flash: enabled
I (336) wifi:config nano formating: disabled
I (336) wifi:Init data frame dynamic rx buffer num: 32
I (346) wifi:Init management frame dynamic rx buffer num: 32
I (346) wifi:Init management short buffer num: 32
I (356) wifi:Init dynamic tx buffer num: 32
I (356) wifi:Init static rx buffer size: 1600
I (356) wifi:Init static rx buffer num: 10
I (366) wifi:Init dynamic rx buffer num: 32
[0;32mI (366) wifi_init: rx ba win: 6[0m
[0;32mI (376) wifi_init: tcpip mbox: 32[0m
[0;32mI (376) wifi_init: udp mbox: 6[0m
[0;32mI (376) wifi_init: tcp mbox: 6[0m
[0;32mI (386) wifi_init: tcp tx win: 5744[0m
[0;32mI (386) wifi_init: tcp rx win: 5744[0m
[0;32mI (396) wifi_init: tcp mss: 1440[0m
[0;32mI (396) wifi_init: WiFi IRAM OP enabled[0m
[0;32mI (396) wifi_init: WiFi RX IRAM OP enabled[0m
[0;32mI (406) phy_init: phy_version 4670,719f9f6,Feb 18 2021,17:07:07[0m
I (426) wifi:mode : softAP (7c:9e:bd:65:b2:3d)
I (436) wifi:Total power save buffer number: 16
I (436) wifi:Init max length of beacon: 752/752
I (436) wifi:Init max length of beacon: 752/752
I (436) ESPNOW: espnow [version: 1.0] init
I (436) wifi:Set ps type: 0, coexist: 0

[0;32mI (446) neighbor detection: Starting broadcast discovery of peers[0m
[0;32mI (456) main_task: Returned from app_main()[0m
[0;33mW (1456) neighbor detection: last broadcast sent[0m
[0;31mE (3456) timing: No time exchanges took place[0m
I (3456) ESPNOW: espnow [version: 1.0] deinit
E (3456) wifi:NAN WiFi stop
I (3456) wifi:flush txq
I (3456) wifi:stop sw txq
I (3456) wifi:lmac stop hw txq
I (3466) wifi:Deinit lldesc rx mblock:10
ets Jun  8 2016 00:22:57

rst:0x5 (DEEPSLEEP_RESET),boot:0x13 (SPI_FAST_FLASH_BOOT)
configsip: 0, SPIWP:0xee
clk_drv:0x00,q_drv:0x00,d_drv:0x00,cs0_drv:0x00,hd_drv:0x00,wp_drv:0x00
mode:DIO, clock div:2
load:0x3fff0030,len:7280
load:0x40078000,len:15892
ho 0 tail 12 room 4
load:0x40080400,len:4
load:0x40080404,len:3880
entry 0x4008064c
[0;32mI (31) boot: ESP-IDF v5.1.1 2nd stage bootloader[0m
[0;32mI (31) boot: compile time Oct 30 2023 14:20:37[0m
[0;32mI (31) boot: Multicore bootloader[0m
[0;32mI (35) boot: chip revision: v1.0[0m
[0;32mI (39) boot.esp32: SPI Speed      : 40MHz[0m
[0;32mI (44) boot.esp32: SPI Mode       : DIO[0m
[0;32mI (48) boot.esp32: SPI Flash Size : 4MB[0m
[0;32mI (53) boot: Enabling RNG early entropy source...[0m
[0;32mI (58) esp_image: segment 0: paddr=00010020 vaddr=3f400020 size=20170h (131440) map[0m
[0;32mI (67) esp_image: segment 1: paddr=00030198 vaddr=3ff80063 size=00008h (     8) [0m
[0;32mI (75) esp_image: segment 2: paddr=000301a8 vaddr=3ffb0000 size=03760h ( 14176) load[0m
[0;32mI (85) esp_image: segment 3: paddr=00033910 vaddr=40080000 size=0c708h ( 50952) load[0m
[0;32mI (100) esp_image: segment 4: paddr=00040020 vaddr=400d0020 size=7cebch (511676) map[0m
[0;32mI (100) esp_image: segment 5: paddr=000bcee4 vaddr=4008c708 size=0a03ch ( 41020) load[0m
[0;32mI (115) esp_image: segment 6: paddr=000c6f28 vaddr=400c0000 size=00064h (   100) [0m
[0;32mI (117) boot: Fast booting app from partition at offset 0x10000[0m
[0;32mI (123) boot: Disabling RNG early entropy source...[0m
[0;32mI (140) cpu_start: Multicore app[0m
[0;32mI (140) cpu_start: Pro cpu up.[0m
[0;32mI (140) cpu_start: Starting app cpu, entry point is 0x40081504[0m
[0;32mI (0) cpu_start: App cpu up.[0m
[0;32mI (158) cpu_start: Pro cpu start user code[0m
[0;32mI (158) cpu_start: cpu freq: 160000000 Hz[0m
[0;32mI (158) cpu_start: Application information:[0m
[0;32mI (163) cpu_start: Project name:     espnow_example[0m
[0;32mI (169) cpu_start: App version:      1[0m
[0;32mI (173) cpu_start: Compile time:     Oct 30 2023 21:24:43[0m
[0;32mI (179) cpu_start: ELF file SHA256:  dcb5060aae8088f6...[0m
[0;32mI (185) cpu_start: ESP-IDF:          v5.1.1[0m
[0;32mI (190) cpu_start: Min chip rev:     v0.0[0m
[0;32mI (195) cpu_start: Max chip rev:     v3.99 [0m
[0;32mI (200) cpu_start: Chip rev:         v1.0[0m
[0;32mI (204) heap_init: Initializing. RAM available for dynamic allocation:[0m
[0;32mI (212) heap_init: At 3FFAE6E0 len 00001920 (6 KiB): DRAM[0m
[0;32mI (218) heap_init: At 3FFB7848 len 000287B8 (161 KiB): DRAM[0m
[0;32mI (224) heap_init: At 3FFE0440 len 00003AE0 (14 KiB): D/IRAM[0m
[0;32mI (230) heap_init: At 3FFE4350 len 0001BCB0 (111 KiB): D/IRAM[0m
[0;32mI (237) heap_init: At 40096744 len 000098BC (38 KiB): IRAM[0m
[0;32mI (244) spi_flash: detected chip: generic[0m
[0;32mI (247) spi_flash: flash io: dio[0m
[0;32mI (252) app_start: Starting scheduler on CPU0[0m
[0;32mI (256) app_start: Starting scheduler on CPU1[0m
[0;32mI (256) main_task: Started on CPU0[0m
[0;32mI (266) main_task: Calling app_main()[0m
I (316) wifi:wifi driver task: 3ffbf470, prio:23, stack:6656, core=0
I (336) wifi:wifi firmware version: ce9244d
I (336) wifi:wifi certification version: v7.0
I (336) wifi:config NVS flash: enabled
I (336) wifi:config nano formating: disabled
I (336) wifi:Init data frame dynamic rx buffer num: 32
I (346) wifi:Init management frame dynamic rx buffer num: 32
I (346) wifi:Init management short buffer num: 32
I (356) wifi:Init dynamic tx buffer num: 32
I (356) wifi:Init static rx buffer size: 1600
I (356) wifi:Init static rx buffer num: 10
I (366) wifi:Init dynamic rx buffer num: 32
[0;32mI (366) wifi_init: rx ba win: 6[0m
[0;32mI (376) wifi_init: tcpip mbox: 32[0m
[0;32mI (376) wifi_init: udp mbox: 6[0m
[0;32mI (376) wifi_init: tcp mbox: 6[0m
[0;32mI (386) wifi_init: tcp tx win: 5744[0m
[0;32mI (386) wifi_init: tcp rx win: 5744[0m
[0;32mI (396) wifi_init: tcp mss: 1440[0m
[0;32mI (396) wifi_init: WiFi IRAM OP enabled[0m
[0;32mI (396) wifi_init: WiFi RX IRAM OP enabled[0m
[0;32mI (406) phy_init: phy_version 4670,719f9f6,Feb 18 2021,17:07:07[0m
I (426) wifi:mode : softAP (7c:9e:bd:65:b2:3d)
I (436) wifi:Total power save buffer number: 16
I (436) wifi:Init max length of beacon: 752/752
I (436) wifi:Init max length of beacon: 752/752
I (436) ESPNOW: espnow [version: 1.0] init
I (436) wifi:Set ps type: 0, coexist: 0

[0;32mI (446) neighbor detection: Starting broadcast discovery of peers[0m
[0;33mW (456) timing: time_TX = 659494 | time_RX = 18568358 | delta = -17908864 us | count = 1 [0m
[0;32mI (466) main_task: Returned from app_main()[0m
[0;33mW (566) timing: time_TX = 759399 | time_RX = 18670585 | delta = -17911186 us | count = 2 [0m
[0;33mW (666) timing: time_TX = 859410 | time_RX = 18768101 | delta = -17908691 us | count = 3 [0m
[0;33mW (766) timing: time_TX = 959403 | time_RX = 18870839 | delta = -17911436 us | count = 4 [0m
[0;33mW (866) timing: time_TX = 1059414 | time_RX = 18971257 | delta = -17911843 us | count = 5 [0m
[0;33mW (966) timing: time_TX = 1159403 | time_RX = 19067996 | delta = -17908593 us | count = 6 [0m
[0;33mW (1466) neighbor detection: last broadcast sent[0m
[0;33mW (3466) timing: correct time offset of: -17910102 us[0m
I (3466) ESPNOW: espnow [version: 1.0] deinit
E (3466) wifi:NAN WiFi stop
I (3466) wifi:flush txq
I (3466) wifi:stop sw txq
I (3466) wifi:lmac stop hw txq
I (3476) wifi:Deinit lldesc rx mblock:10
ets Jun  8 2016 00:22:57

rst:0x5 (DEEPSLEEP_RESET),boot:0x13 (SPI_FAST_FLASH_BOOT)
configsip: 0, SPIWP:0xee
clk_drv:0x00,q_drv:0x00,d_drv:0x00,cs0_drv:0x00,hd_drv:0x00,wp_drv:0x00
mode:DIO, clock div:2
load:0x3fff0030,len:7280
load:0x40078000,len:15892
ho 0 tail 12 room 4
load:0x40080400,len:4
load:0x40080404,len:3880
entry 0x4008064c
[0;32mI (31) boot: ESP-IDF v5.1.1 2nd stage bootloader[0m
[0;32mI (31) boot: compile time Oct 30 2023 14:20:37[0m
[0;32mI (31) boot: Multicore bootloader[0m
[0;32mI (35) boot: chip revision: v1.0[0m
[0;32mI (39) boot.esp32: SPI Speed      : 40MHz[0m
[0;32mI (44) boot.esp32: SPI Mode       : DIO[0m
[0;32mI (48) boot.esp32: SPI Flash Size : 4MB[0m
[0;32mI (53) boot: Enabling RNG early entropy source...[0m
[0;32mI (58) esp_image: segment 0: paddr=00010020 vaddr=3f400020 size=20170h (131440) map[0m
[0;32mI (67) esp_image: segment 1: paddr=00030198 vaddr=3ff80063 size=00008h (     8) [0m
[0;32mI (75) esp_image: segment 2: paddr=000301a8 vaddr=3ffb0000 size=03760h ( 14176) load[0m
[0;32mI (85) esp_image: segment 3: paddr=00033910 vaddr=40080000 size=0c708h ( 50952) load[0m
[0;32mI (100) esp_image: segment 4: paddr=00040020 vaddr=400d0020 size=7cebch (511676) map[0m
[0;32mI (100) esp_image: segment 5: paddr=000bcee4 vaddr=4008c708 size=0a03ch ( 41020) load[0m
[0;32mI (115) esp_image: segment 6: paddr=000c6f28 vaddr=400c0000 size=00064h (   100) [0m
[0;32mI (117) boot: Fast booting app from partition at offset 0x10000[0m
[0;32mI (123) boot: Disabling RNG early entropy source...[0m
[0;32mI (140) cpu_start: Multicore app[0m
[0;32mI (140) cpu_start: Pro cpu up.[0m
[0;32mI (140) cpu_start: Starting app cpu, entry point is 0x40081504[0m
[0;32mI (0) cpu_start: App cpu up.[0m
[0;32mI (158) cpu_start: Pro cpu start user code[0m
[0;32mI (158) cpu_start: cpu freq: 160000000 Hz[0m
[0;32mI (158) cpu_start: Application information:[0m
[0;32mI (163) cpu_start: Project name:     espnow_example[0m
[0;32mI (169) cpu_start: App version:      1[0m
[0;32mI (173) cpu_start: Compile time:     Oct 30 2023 21:24:43[0m
[0;32mI (179) cpu_start: ELF file SHA256:  dcb5060aae8088f6...[0m
[0;32mI (185) cpu_start: ESP-IDF:          v5.1.1[0m
[0;32mI (190) cpu_start: Min chip rev:     v0.0[0m
[0;32mI (195) cpu_start: Max chip rev:     v3.99 [0m
[0;32mI (200) cpu_start: Chip rev:         v1.0[0m
[0;32mI (204) heap_init: Initializing. RAM available for dynamic allocation:[0m
[0;32mI (212) heap_init: At 3FFAE6E0 len 00001920 (6 KiB): DRAM[0m
[0;32mI (218) heap_init: At 3FFB7848 len 000287B8 (161 KiB): DRAM[0m
[0;32mI (224) heap_init: At 3FFE0440 len 00003AE0 (14 KiB): D/IRAM[0m
[0;32mI (230) heap_init: At 3FFE4350 len 0001BCB0 (111 KiB): D/IRAM[0m
[0;32mI (237) heap_init: At 40096744 len 000098BC (38 KiB): IRAM[0m
[0;32mI (244) spi_flash: detected chip: generic[0m
[0;32mI (247) spi_flash: flash io: dio[0m
[0;32mI (252) app_start: Starting scheduler on CPU0[0m
[0;32mI (256) app_start: Starting scheduler on CPU1[0m
[0;32mI (256) main_task: Started on CPU0[0m
[0;32mI (266) main_task: Calling app_main()[0m
I (316) wifi:wifi driver task: 3ffbf470, prio:23, stack:6656, core=0
I (336) wifi:wifi firmware version: ce9244d
I (336) wifi:wifi certification version: v7.0
I (336) wifi:config NVS flash: enabled
I (336) wifi:config nano formating: disabled
I (336) wifi:Init data frame dynamic rx buffer num: 32
I (346) wifi:Init management frame dynamic rx buffer num: 32
I (346) wifi:Init management short buffer num: 32
I (356) wifi:Init dynamic tx buffer num: 32
I (356) wifi:Init static rx buffer size: 1600
I (356) wifi:Init static rx buffer num: 10
I (366) wifi:Init dynamic rx buffer num: 32
[0;32mI (366) wifi_init: rx ba win: 6[0m
[0;32mI (376) wifi_init: tcpip mbox: 32[0m
[0;32mI (376) wifi_init: udp mbox: 6[0m
[0;32mI (376) wifi_init: tcp mbox: 6[0m
[0;32mI (386) wifi_init: tcp tx win: 5744[0m
[0;32mI (386) wifi_init: tcp rx win: 5744[0m
[0;32mI (396) wifi_init: tcp mss: 1440[0m
[0;32mI (396) wifi_init: WiFi IRAM OP enabled[0m
[0;32mI (396) wifi_init: WiFi RX IRAM OP enabled[0m
[0;32mI (406) phy_init: phy_version 4670,719f9f6,Feb 18 2021,17:07:07[0m
I (426) wifi:mode : softAP (7c:9e:bd:65:b2:3d)
I (436) wifi:Total power save buffer number: 16
I (436) wifi:Init max length of beacon: 752/752
I (436) wifi:Init max length of beacon: 752/752
I (436) ESPNOW: espnow [version: 1.0] init
I (436) wifi:Set ps type: 0, coexist: 0

[0;32mI (446) neighbor detection: Starting broadcast discovery of peers[0m
[0;33mW (456) timing: time_TX = 5248307 | time_RX = 23155868 | delta = -17907561 us | count = 1 [0m
[0;32mI (456) main_task: Returned from app_main()[0m
[0;33mW (556) timing: time_TX = 5348288 | time_RX = 23255325 | delta = -17907037 us | count = 2 [0m
[0;33mW (656) timing: time_TX = 5448296 | time_RX = 23355304 | delta = -17907008 us | count = 3 [0m
[0;33mW (756) timing: time_TX = 5548287 | time_RX = 23455287 | delta = -17907000 us | count = 4 [0m
[0;33mW (956) timing: time_TX = 5648288 | time_RX = 23556859 | delta = -17908571 us | count = 5 [0m
[0;33mW (956) timing: time_TX = 5748284 | time_RX = 23656586 | delta = -17908302 us | count = 6 [0m
[0;33mW (1056) timing: time_TX = 5848292 | time_RX = 23755165 | delta = -17906873 us | count = 7 [0m
[0;33mW (1156) timing: time_TX = 5948288 | time_RX = 23855283 | delta = -17906995 us | count = 8 [0m
[0;33mW (1256) timing: time_TX = 6048295 | time_RX = 23955353 | delta = -17907058 us | count = 9 [0m
[0;33mW (1456) neighbor detection: last broadcast sent[0m
[0;33mW (3456) timing: correct time offset of: -17907378 us[0m
I (3456) ESPNOW: espnow [version: 1.0] deinit
E (3456) wifi:NAN WiFi stop
I (3456) wifi:flush txq
I (3456) wifi:stop sw txq
I (3456) wifi:lmac stop hw txq
I (3466) wifi:Deinit lldesc rx mblock:10
ets Jun  8 2016 00:22:57

rst:0x5 (DEEPSLEEP_RESET),boot:0x13 (SPI_FAST_FLASH_BOOT)
configsip: 0, SPIWP:0xee
clk_drv:0x00,q_drv:0x00,d_drv:0x00,cs0_drv:0x00,hd_drv:0x00,wp_drv:0x00
mode:DIO, clock div:2
load:0x3fff0030,len:7280
load:0x40078000,len:15892
ho 0 tail 12 room 4
load:0x40080400,len:4
load:0x40080404,len:3880
entry 0x4008064c
[0;32mI (31) boot: ESP-IDF v5.1.1 2nd stage bootloader[0m
[0;32mI (31) boot: compile time Oct 30 2023 14:20:37[0m
[0;32mI (31) boot: Multicore bootloader[0m
[0;32mI (35) boot: chip revision: v1.0[0m
[0;32mI (39) boot.esp32: SPI Speed      : 40MHz[0m
[0;32mI (44) boot.esp32: SPI Mode       : DIO[0m
[0;32mI (48) boot.esp32: SPI Flash Size : 4MB[0m
[0;32mI (53) boot: Enabling RNG early entropy source...[0m
[0;32mI (58) esp_image: segment 0: paddr=00010020 vaddr=3f400020 size=20170h (131440) map[0m
[0;32mI (67) esp_image: segment 1: paddr=00030198 vaddr=3ff80063 size=00008h (     8) [0m
[0;32mI (75) esp_image: segment 2: paddr=000301a8 vaddr=3ffb0000 size=03760h ( 14176) load[0m
[0;32mI (85) esp_image: segment 3: paddr=00033910 vaddr=40080000 size=0c708h ( 50952) load[0m
[0;32mI (100) esp_image: segment 4: paddr=00040020 vaddr=400d0020 size=7cebch (511676) map[0m
[0;32mI (100) esp_image: segment 5: paddr=000bcee4 vaddr=4008c708 size=0a03ch ( 41020) load[0m
[0;32mI (115) esp_image: segment 6: paddr=000c6f28 vaddr=400c0000 size=00064h (   100) [0m
[0;32mI (117) boot: Fast booting app from partition at offset 0x10000[0m
[0;32mI (123) boot: Disabling RNG early entropy source...[0m
[0;32mI (140) cpu_start: Multicore app[0m
[0;32mI (140) cpu_start: Pro cpu up.[0m
[0;32mI (140) cpu_start: Starting app cpu, entry point is 0x40081504[0m
[0;32mI (0) cpu_start: App cpu up.[0m
[0;32mI (158) cpu_start: Pro cpu start user code[0m
[0;32mI (158) cpu_start: cpu freq: 160000000 Hz[0m
[0;32mI (158) cpu_start: Application information:[0m
[0;32mI (163) cpu_start: Project name:     espnow_example[0m
[0;32mI (169) cpu_start: App version:      1[0m
[0;32mI (173) cpu_start: Compile time:     Oct 30 2023 21:24:43[0m
[0;32mI (179) cpu_start: ELF file SHA256:  dcb5060aae8088f6...[0m
[0;32mI (185) cpu_start: ESP-IDF:          v5.1.1[0m
[0;32mI (190) cpu_start: Min chip rev:     v0.0[0m
[0;32mI (195) cpu_start: Max chip rev:     v3.99 [0m
[0;32mI (200) cpu_start: Chip rev:         v1.0[0m
[0;32mI (204) heap_init: Initializing. RAM available for dynamic allocation:[0m
[0;32mI (212) heap_init: At 3FFAE6E0 len 00001920 (6 KiB): DRAM[0m
[0;32mI (218) heap_init: At 3FFB7848 len 000287B8 (161 KiB): DRAM[0m
[0;32mI (224) heap_init: At 3FFE0440 len 00003AE0 (14 KiB): D/IRAM[0m
[0;32mI (230) heap_init: At 3FFE4350 len 0001BCB0 (111 KiB): D/IRAM[0m
[0;32mI (237) heap_init: At 40096744 len 000098BC (38 KiB): IRAM[0m
[0;32mI (244) spi_flash: detected chip: generic[0m
[0;32mI (247) spi_flash: flash io: dio[0m
[0;32mI (252) app_start: Starting scheduler on CPU0[0m
[0;32mI (256) app_start: Starting scheduler on CPU1[0m
[0;32mI (256) main_task: Started on CPU0[0m
[0;32mI (266) main_task: Calling app_main()[0m
I (316) wifi:wifi driver task: 3ffbf470, prio:23, stack:6656, core=0
I (336) wifi:wifi firmware version: ce9244d
I (336) wifi:wifi certification version: v7.0
I (336) wifi:config NVS flash: enabled
I (336) wifi:config nano formating: disabled
I (336) wifi:Init data frame dynamic rx buffer num: 32
I (346) wifi:Init management frame dynamic rx buffer num: 32
I (346) wifi:Init management short buffer num: 32
I (356) wifi:Init dynamic tx buffer num: 32
I (356) wifi:Init static rx buffer size: 1600
I (356) wifi:Init static rx buffer num: 10
I (366) wifi:Init dynamic rx buffer num: 32
[0;32mI (366) wifi_init: rx ba win: 6[0m
[0;32mI (376) wifi_init: tcpip mbox: 32[0m
[0;32mI (376) wifi_init: udp mbox: 6[0m
[0;32mI (376) wifi_init: tcp mbox: 6[0m
[0;32mI (386) wifi_init: tcp tx win: 5744[0m
[0;32mI (386) wifi_init: tcp rx win: 5744[0m
[0;32mI (396) wifi_init: tcp mss: 1440[0m
[0;32mI (396) wifi_init: WiFi IRAM OP enabled[0m
[0;32mI (396) wifi_init: WiFi RX IRAM OP enabled[0m
[0;32mI (406) phy_init: phy_version 4670,719f9f6,Feb 18 2021,17:07:07[0m
I (426) wifi:mode : softAP (7c:9e:bd:65:b2:3d)
I (436) wifi:Total power save buffer number: 16
I (436) wifi:Init max length of beacon: 752/752
I (436) wifi:Init max length of beacon: 752/752
I (436) ESPNOW: espnow [version: 1.0] init
I (436) wifi:Set ps type: 0, coexist: 0

[0;32mI (446) neighbor detection: Starting broadcast discovery of peers[0m
[0;32mI (456) main_task: Returned from app_main()[0m
[0;33mW (556) timing: time_TX = 9837346 | time_RX = 27741370 | delta = -17904024 us | count = 1 [0m
[0;33mW (656) timing: time_TX = 9937347 | time_RX = 27841277 | delta = -17903930 us | count = 2 [0m
[0;33mW (756) timing: time_TX = 10037339 | time_RX = 27941176 | delta = -17903837 us | count = 3 [0m
[0;33mW (856) timing: time_TX = 10137339 | time_RX = 28041174 | delta = -17903835 us | count = 4 [0m
[0;33mW (956) timing: time_TX = 10237339 | time_RX = 28142114 | delta = -17904775 us | count = 5 [0m
[0;33mW (1056) timing: time_TX = 10337335 | time_RX = 28241157 | delta = -17903822 us | count = 6 [0m
[0;33mW (1156) timing: time_TX = 10437339 | time_RX = 28342138 | delta = -17904799 us | count = 7 [0m
[0;33mW (1256) timing: time_TX = 10537343 | time_RX = 28441164 | delta = -17903821 us | count = 8 [0m
[0;33mW (1356) timing: time_TX = 10637339 | time_RX = 28541406 | delta = -17904067 us | count = 9 [0m
[0;33mW (1456) neighbor detection: last broadcast sent[0m
[0;33mW (3456) timing: correct time offset of: -17904101 us[0m
I (3456) ESPNOW: espnow [version: 1.0] deinit
E (3456) wifi:NAN WiFi stop
I (3456) wifi:flush txq
I (3456) wifi:stop sw txq
I (3456) wifi:lmac stop hw txq
I (3466) wifi:Deinit lldesc rx mblock:10
ets Jun  8 2016 00:22:57

rst:0x5 (DEEPSLEEP_RESET),boot:0x13 (SPI_FAST_FLASH_BOOT)
configsip: 0, SPIWP:0xee
clk_drv:0x00,q_drv:0x00,d_drv:0x00,cs0_drv:0x00,hd_drv:0x00,wp_drv:0x00
mode:DIO, clock div:2
load:0x3fff0030,len:7280
load:0x40078000,len:15892
ho 0 tail 12 room 4
load:0x40080400,len:4
load:0x40080404,len:3880
entry 0x4008064c
[0;32mI (31) boot: ESP-IDF v5.1.1 2nd stage bootloader[0m
[0;32mI (31) boot: compile time Oct 30 2023 14:20:37[0m
[0;32mI (31) boot: Multicore bootloader[0m
[0;32mI (35) boot: chip revision: v1.0[0m
[0;32mI (39) boot.esp32: SPI Speed      : 40MHz[0m
[0;32mI (44) boot.esp32: SPI Mode       : DIO[0m
[0;32mI (48) boot.esp32: SPI Flash Size : 4MB[0m
[0;32mI (53) boot: Enabling RNG early entropy source...[0m
[0;32mI (58) esp_image: segment 0: paddr=00010020 vaddr=3f400020 size=20170h (131440) map[0m
[0;32mI (67) esp_image: segment 1: paddr=00030198 vaddr=3ff80063 size=00008h (     8) [0m
[0;32mI (75) esp_image: segment 2: paddr=000301a8 vaddr=3ffb0000 size=03760h ( 14176) load[0m
[0;32mI (85) esp_image: segment 3: paddr=00033910 vaddr=40080000 size=0c708h ( 50952) load[0m
[0;32mI (100) esp_image: segment 4: paddr=00040020 vaddr=400d0020 size=7cebch (511676) map[0m
[0;32mI (100) esp_image: segment 5: paddr=000bcee4 vaddr=4008c708 size=0a03ch ( 41020) load[0m
[0;32mI (115) esp_image: segment 6: paddr=000c6f28 vaddr=400c0000 size=00064h (   100) [0m
[0;32mI (117) boot: Fast booting app from partition at offset 0x10000[0m
[0;32mI (123) boot: Disabling RNG early entropy source...[0m
[0;32mI (140) cpu_start: Multicore app[0m
[0;32mI (140) cpu_start: Pro cpu up.[0m
[0;32mI (140) cpu_start: Starting app cpu, entry point is 0x40081504[0m
[0;32mI (0) cpu_start: App cpu up.[0m
[0;32mI (158) cpu_start: Pro cpu start user code[0m
[0;32mI (158) cpu_start: cpu freq: 160000000 Hz[0m
[0;32mI (158) cpu_start: Application information:[0m
[0;32mI (163) cpu_start: Project name:     espnow_example[0m
[0;32mI (169) cpu_start: App version:      1[0m
[0;32mI (173) cpu_start: Compile time:     Oct 30 2023 21:24:43[0m
[0;32mI (179) cpu_start: ELF file SHA256:  dcb5060aae8088f6...[0m
[0;32mI (185) cpu_start: ESP-IDF:          v5.1.1[0m
[0;32mI (190) cpu_start: Min chip rev:     v0.0[0m
[0;32mI (195) cpu_start: Max chip rev:     v3.99 [0m
[0;32mI (200) cpu_start: Chip rev:         v1.0[0m
[0;32mI (204) heap_init: Initializing. RAM available for dynamic allocation:[0m
[0;32mI (212) heap_init: At 3FFAE6E0 len 00001920 (6 KiB): DRAM[0m
[0;32mI (218) heap_init: At 3FFB7848 len 000287B8 (161 KiB): DRAM[0m
[0;32mI (224) heap_init: At 3FFE0440 len 00003AE0 (14 KiB): D/IRAM[0m
[0;32mI (230) heap_init: At 3FFE4350 len 0001BCB0 (111 KiB): D/IRAM[0m
[0;32mI (237) heap_init: At 40096744 len 000098BC (38 KiB): IRAM[0m
[0;32mI (244) spi_flash: detected chip: generic[0m
[0;32mI (247) spi_flash: flash io: dio[0m
[0;32mI (252) app_start: Starting scheduler on CPU0[0m
[0;32mI (256) app_start: Starting scheduler on CPU1[0m
[0;32mI (256) main_task: Started on CPU0[0m
[0;32mI (266) main_task: Calling app_main()[0m
I (316) wifi:wifi driver task: 3ffbf470, prio:23, stack:6656, core=0
I (336) wifi:wifi firmware version: ce9244d
I (336) wifi:wifi certification version: v7.0
I (336) wifi:config NVS flash: enabled
I (336) wifi:config nano formating: disabled
I (336) wifi:Init data frame dynamic rx buffer num: 32
I (346) wifi:Init management frame dynamic rx buffer num: 32
I (346) wifi:Init management short buffer num: 32
I (356) wifi:Init dynamic tx buffer num: 32
I (356) wifi:Init static rx buffer size: 1600
I (356) wifi:Init static rx buffer num: 10
I (366) wifi:Init dynamic rx buffer num: 32
[0;32mI (366) wifi_init: rx ba win: 6[0m
[0;32mI (376) wifi_init: tcpip mbox: 32[0m
[0;32mI (376) wifi_init: udp mbox: 6[0m
[0;32mI (376) wifi_init: tcp mbox: 6[0m
[0;32mI (386) wifi_init: tcp tx win: 5744[0m
[0;32mI (386) wifi_init: tcp rx win: 5744[0m
[0;32mI (396) wifi_init: tcp mss: 1440[0m
[0;32mI (396) wifi_init: WiFi IRAM OP enabled[0m
[0;32mI (396) wifi_init: WiFi RX IRAM OP enabled[0m
[0;32mI (406) phy_init: phy_version 4670,719f9f6,Feb 18 2021,17:07:07[0m
I (426) wifi:mode : softAP (7c:9e:bd:65:b2:3d)
I (436) wifi:Total power save buffer number: 16
I (436) wifi:Init max length of beacon: 752/752
I (436) wifi:Init max length of beacon: 752/752
I (436) ESPNOW: espnow [version: 1.0] init
I (436) wifi:Set ps type: 0, coexist: 0

[0;32mI (446) neighbor detection: Starting broadcast discovery of peers[0m
[0;32mI (456) main_task: Returned from app_main()[0m
[0;33mW (556) timing: time_TX = 14416364 | time_RX = 32318100 | delta = -17901736 us | count = 1 [0m
[0;33mW (656) timing: time_TX = 14516365 | time_RX = 32418034 | delta = -17901669 us | count = 2 [0m
[0;33mW (756) timing: time_TX = 14616356 | time_RX = 32517949 | delta = -17901593 us | count = 3 [0m
[0;33mW (856) timing: time_TX = 14716356 | time_RX = 32618799 | delta = -17902443 us | count = 4 [0m
[0;33mW (956) timing: time_TX = 14816357 | time_RX = 32721233 | delta = -17904876 us | count = 5 [0m
[0;33mW (1056) timing: time_TX = 14916353 | time_RX = 32817948 | delta = -17901595 us | count = 6 [0m
[0;33mW (1156) timing: time_TX = 15016353 | time_RX = 32917932 | delta = -17901579 us | count = 7 [0m
[0;33mW (1256) timing: time_TX = 15116360 | time_RX = 33017934 | delta = -17901574 us | count = 8 [0m
[0;33mW (1356) timing: time_TX = 15216357 | time_RX = 33118164 | delta = -17901807 us | count = 9 [0m
[0;33mW (1456) neighbor detection: last broadcast sent[0m
[0;33mW (3456) timing: correct time offset of: -17902096 us[0m
I (3456) ESPNOW: espnow [version: 1.0] deinit
E (3456) wifi:NAN WiFi stop
I (3456) wifi:flush txq
I (3456) wifi:stop sw txq
I (3456) wifi:lmac stop hw txq
I (3466) wifi:Deinit lldesc rx mblock:10
ets Jun  8 2016 00:22:57

rst:0x5 (DEEPSLEEP_RESET),boot:0x13 (SPI_FAST_FLASH_BOOT)
configsip: 0, SPIWP:0xee
clk_drv:0x00,q_drv:0x00,d_drv:0x00,cs0_drv:0x00,hd_drv:0x00,wp_drv:0x00
mode:DIO, clock div:2
load:0x3fff0030,len:7280
load:0x40078000,len:15892
ho 0 tail 12 room 4
load:0x40080400,len:4
load:0x40080404,len:3880
entry 0x4008064c
[0;32mI (31) boot: ESP-IDF v5.1.1 2nd stage bootloader[0m
[0;32mI (31) boot: compile time Oct 30 2023 14:20:37[0m
[0;32mI (31) boot: Multicore bootloader[0m
[0;32mI (35) boot: chip revision: v1.0[0m
[0;32mI (39) boot.esp32: SPI Speed      : 40MHz[0m
[0;32mI (44) boot.esp32: SPI Mode       : DIO[0m
[0;32mI (48) boot.esp32: SPI Flash Size : 4MB[0m
[0;32mI (53) boot: Enabling RNG early entropy source...[0m
[0;32mI (58) esp_image: segment 0: paddr=00010020 vaddr=3f400020 size=20170h (131440) map[0m
[0;32mI (67) esp_image: segment 1: paddr=00030198 vaddr=3ff80063 size=00008h (     8) [0m
[0;32mI (75) esp_image: segment 2: paddr=000301a8 vaddr=3ffb0000 size=03760h ( 14176) load[0m
[0;32mI (85) esp_image: segment 3: paddr=00033910 vaddr=40080000 size=0c708h ( 50952) load[0m
[0;32mI (100) esp_image: segment 4: paddr=00040020 vaddr=400d0020 size=7cebch (511676) map[0m
[0;32mI (100) esp_image: segment 5: paddr=000bcee4 vaddr=4008c708 size=0a03ch ( 41020) load[0m
[0;32mI (115) esp_image: segment 6: paddr=000c6f28 vaddr=400c0000 size=00064h (   100) [0m
[0;32mI (117) boot: Fast booting app from partition at offset 0x10000[0m
[0;32mI (123) boot: Disabling RNG early entropy source...[0m
[0;32mI (140) cpu_start: Multicore app[0m
[0;32mI (140) cpu_start: Pro cpu up.[0m
[0;32mI (140) cpu_start: Starting app cpu, entry point is 0x40081504[0m
[0;32mI (0) cpu_start: App cpu up.[0m
[0;32mI (158) cpu_start: Pro cpu start user code[0m
[0;32mI (158) cpu_start: cpu freq: 160000000 Hz[0m
[0;32mI (158) cpu_start: Application information:[0m
[0;32mI (163) cpu_start: Project name:     espnow_example[0m
[0;32mI (169) cpu_start: App version:      1[0m
[0;32mI (173) cpu_start: Compile time:     Oct 30 2023 21:24:43[0m
[0;32mI (179) cpu_start: ELF file SHA256:  dcb5060aae8088f6...[0m
[0;32mI (185) cpu_start: ESP-IDF:          v5.1.1[0m
[0;32mI (190) cpu_start: Min chip rev:     v0.0[0m
[0;32mI (195) cpu_start: Max chip rev:     v3.99 [0m
[0;32mI (200) cpu_start: Chip rev:         v1.0[0m
[0;32mI (204) heap_init: Initializing. RAM available for dynamic allocation:[0m
[0;32mI (212) heap_init: At 3FFAE6E0 len 00001920 (6 KiB): DRAM[0m
[0;32mI (218) heap_init: At 3FFB7848 len 000287B8 (161 KiB): DRAM[0m
[0;32mI (224) heap_init: At 3FFE0440 len 00003AE0 (14 KiB): D/IRAM[0m
[0;32mI (230) heap_init: At 3FFE4350 len 0001BCB0 (111 KiB): D/IRAM[0m
[0;32mI (237) heap_init: At 40096744 len 000098BC (38 KiB): IRAM[0m
[0;32mI (244) spi_flash: detected chip: generic[0m
[0;32mI (247) spi_flash: flash io: dio[0m
[0;32mI (252) app_start: Starting scheduler on CPU0[0m
[0;32mI (256) app_start: Starting scheduler on CPU1[0m
[0;32mI (256) main_task: Started on CPU0[0m
[0;32mI (266) main_task: Calling app_main()[0m
I (316) wifi:wifi driver task: 3ffbf470, prio:23, stack:6656, core=0
I (336) wifi:wifi firmware version: ce9244d
I (336) wifi:wifi certification version: v7.0
I (336) wifi:config NVS flash: enabled
I (336) wifi:config nano formating: disabled
I (336) wifi:Init data frame dynamic rx buffer num: 32
I (346) wifi:Init management frame dynamic rx buffer num: 32
I (346) wifi:Init management short buffer num: 32
I (356) wifi:Init dynamic tx buffer num: 32
I (356) wifi:Init static rx buffer size: 1600
I (356) wifi:Init static rx buffer num: 10
I (366) wifi:Init dynamic rx buffer num: 32
[0;32mI (366) wifi_init: rx ba win: 6[0m
[0;32mI (376) wifi_init: tcpip mbox: 32[0m
[0;32mI (376) wifi_init: udp mbox: 6[0m
[0;32mI (376) wifi_init: tcp mbox: 6[0m
[0;32mI (386) wifi_init: tcp tx win: 5744[0m
[0;32mI (386) wifi_init: tcp rx win: 5744[0m
[0;32mI (396) wifi_init: tcp mss: 1440[0m
[0;32mI (396) wifi_init: WiFi IRAM OP enabled[0m
[0;32mI (396) wifi_init: WiFi RX IRAM OP enabled[0m
[0;32mI (406) phy_init: phy_version 4670,719f9f6,Feb 18 2021,17:07:07[0m
I (426) wifi:mode : softAP (7c:9e:bd:65:b2:3d)
I (436) wifi:Total power save buffer number: 16
I (436) wifi:Init max length of beacon: 752/752
I (436) wifi:Init max length of beacon: 752/752
I (436) ESPNOW: espnow [version: 1.0] init
I (436) wifi:Set ps type: 0, coexist: 0

[0;32mI (446) neighbor detection: Starting broadcast discovery of peers[0m
[0;32mI (456) main_task: Returned from app_main()[0m
[0;33mW (556) timing: time_TX = 18995369 | time_RX = 36895014 | delta = -17899645 us | count = 1 [0m
[0;33mW (656) timing: time_TX = 19095370 | time_RX = 36994937 | delta = -17899567 us | count = 2 [0m
[0;33mW (756) timing: time_TX = 19195362 | time_RX = 37094833 | delta = -17899471 us | count = 3 [0m
[0;33mW (856) timing: time_TX = 19295362 | time_RX = 37194850 | delta = -17899488 us | count = 4 [0m
[0;33mW (956) timing: time_TX = 19395361 | time_RX = 37295152 | delta = -17899791 us | count = 5 [0m
[0;33mW (1056) timing: time_TX = 19495354 | time_RX = 37394823 | delta = -17899469 us | count = 6 [0m
[0;33mW (1156) timing: time_TX = 19595362 | time_RX = 37494837 | delta = -17899475 us | count = 7 [0m
[0;33mW (1256) timing: time_TX = 19695362 | time_RX = 37594850 | delta = -17899488 us | count = 8 [0m
[0;33mW (1356) timing: time_TX = 19795366 | time_RX = 37695085 | delta = -17899719 us | count = 9 [0m
[0;33mW (1456) neighbor detection: last broadcast sent[0m
[0;33mW (3456) timing: correct time offset of: -17899568 us[0m
I (3456) ESPNOW: espnow [version: 1.0] deinit
E (3456) wifi:NAN WiFi stop
I (3456) wifi:flush txq
I (3456) wifi:stop sw txq
I (3456) wifi:lmac stop hw txq
I (3466) wifi:Deinit lldesc rx mblock:10
ets Jun  8 2016 00:22:57

rst:0x5 (DEEPSLEEP_RESET),boot:0x13 (SPI_FAST_FLASH_BOOT)
configsip: 0, SPIWP:0xee
clk_drv:0x00,q_drv:0x00,d_drv:0x00,cs0_drv:0x00,hd_drv:0x00,wp_drv:0x00
mode:DIO, clock div:2
load:0x3fff0030,len:7280
load:0x40078000,len:15892
ho 0 tail 12 room 4
load:0x40080400,len:4
load:0x40080404,len:3880
entry 0x4008064c
[0;32mI (31) boot: ESP-IDF v5.1.1 2nd stage bootloader[0m
[0;32mI (31) boot: compile time Oct 30 2023 14:20:37[0m
[0;32mI (31) boot: Multicore bootloader[0m
[0;32mI (35) boot: chip revision: v1.0[0m
[0;32mI (39) boot.esp32: SPI Speed      : 40MHz[0m
[0;32mI (44) boot.esp32: SPI Mode       : DIO[0m
[0;32mI (48) boot.esp32: SPI Flash Size : 4MB[0m
[0;32mI (53) boot: Enabling RNG early entropy source...[0m
[0;32mI (58) esp_image: segment 0: paddr=00010020 vaddr=3f400020 size=20170h (131440) map[0m
[0;32mI (67) esp_image: segment 1: paddr=00030198 vaddr=3ff80063 size=00008h (     8) [0m
[0;32mI (75) esp_image: segment 2: paddr=000301a8 vaddr=3ffb0000 size=03760h ( 14176) load[0m
[0;32mI (85) esp_image: segment 3: paddr=00033910 vaddr=40080000 size=0c708h ( 50952) load[0m
[0;32mI (100) esp_image: segment 4: paddr=00040020 vaddr=400d0020 size=7cebch (511676) map[0m
[0;32mI (100) esp_image: segment 5: paddr=000bcee4 vaddr=4008c708 size=0a03ch ( 41020) load[0m
[0;32mI (115) esp_image: segment 6: paddr=000c6f28 vaddr=400c0000 size=00064h (   100) [0m
[0;32mI (117) boot: Fast booting app from partition at offset 0x10000[0m
[0;32mI (123) boot: Disabling RNG early entropy source...[0m
[0;32mI (140) cpu_start: Multicore app[0m
[0;32mI (140) cpu_start: Pro cpu up.[0m
[0;32mI (140) cpu_start: Starting app cpu, entry point is 0x40081504[0m
[0;32mI (0) cpu_start: App cpu up.[0m
[0;32mI (158) cpu_start: Pro cpu start user code[0m
[0;32mI (158) cpu_start: cpu freq: 160000000 Hz[0m
[0;32mI (158) cpu_start: Application information:[0m
[0;32mI (163) cpu_start: Project name:     espnow_example[0m
[0;32mI (169) cpu_start: App version:      1[0m
[0;32mI (173) cpu_start: Compile time:     Oct 30 2023 21:24:43[0m
[0;32mI (179) cpu_start: ELF file SHA256:  dcb5060aae8088f6...[0m
[0;32mI (185) cpu_start: ESP-IDF:          v5.1.1[0m
[0;32mI (190) cpu_start: Min chip rev:     v0.0[0m
[0;32mI (195) cpu_start: Max chip rev:     v3.99 [0m
[0;32mI (200) cpu_start: Chip rev:         v1.0[0m
[0;32mI (204) heap_init: Initializing. RAM available for dynamic allocation:[0m
[0;32mI (212) heap_init: At 3FFAE6E0 len 00001920 (6 KiB): DRAM[0m
[0;32mI (218) heap_init: At 3FFB7848 len 000287B8 (161 KiB): DRAM[0m
[0;32mI (224) heap_init: At 3FFE0440 len 00003AE0 (14 KiB): D/IRAM[0m
[0;32mI (230) heap_init: At 3FFE4350 len 0001BCB0 (111 KiB): D/IRAM[0m
[0;32mI (237) heap_init: At 40096744 len 000098BC (38 KiB): IRAM[0m
[0;32mI (244) spi_flash: detected chip: generic[0m
[0;32mI (247) spi_flash: flash io: dio[0m
[0;32mI (252) app_start: Starting scheduler on CPU0[0m
[0;32mI (256) app_start: Starting scheduler on CPU1[0m
[0;32mI (256) main_task: Started on CPU0[0m
[0;32mI (266) main_task: Calling app_main()[0m
I (316) wifi:wifi driver task: 3ffbf470, prio:23, stack:6656, core=0
I (336) wifi:wifi firmware version: ce9244d
I (336) wifi:wifi certification version: v7.0
I (336) wifi:config NVS flash: enabled
I (336) wifi:config nano formating: disabled
I (336) wifi:Init data frame dynamic rx buffer num: 32
I (346) wifi:Init management frame dynamic rx buffer num: 32
I (346) wifi:Init management short buffer num: 32
I (356) wifi:Init dynamic tx buffer num: 32
I (356) wifi:Init static rx buffer size: 1600
I (356) wifi:Init static rx buffer num: 10
I (366) wifi:Init dynamic rx buffer num: 32
[0;32mI (366) wifi_init: rx ba win: 6[0m
[0;32mI (376) wifi_init: tcpip mbox: 32[0m
[0;32mI (376) wifi_init: udp mbox: 6[0m
[0;32mI (376) wifi_init: tcp mbox: 6[0m
[0;32mI (386) wifi_init: tcp tx win: 5744[0m
[0;32mI (386) wifi_init: tcp rx win: 5744[0m
[0;32mI (396) wifi_init: tcp mss: 1440[0m
[0;32mI (396) wifi_init: WiFi IRAM OP enabled[0m
[0;32mI (396) wifi_init: WiFi RX IRAM OP enabled[0m
[0;32mI (406) phy_init: phy_version 4670,719f9f6,Feb 18 2021,17:07:07[0m
I (426) wifi:mode : softAP (7c:9e:bd:65:b2:3d)
I (436) wifi:Total power save buffer number: 16
I (436) wifi:Init max length of beacon: 752/752
I (436) wifi:Init max length of beacon: 752/752
I (436) ESPNOW: espnow [version: 1.0] init
I (436) wifi:Set ps type: 0, coexist: 0

[0;32mI (446) neighbor detection: Starting broadcast discovery of peers[0m
[0;32mI (456) main_task: Returned from app_main()[0m
[0;33mW (556) timing: time_TX = 23574426 | time_RX = 41471820 | delta = -17897394 us | count = 1 [0m
[0;33mW (656) timing: time_TX = 23674415 | time_RX = 41571766 | delta = -17897351 us | count = 2 [0m
[0;33mW (756) timing: time_TX = 23774407 | time_RX = 41671644 | delta = -17897237 us | count = 3 [0m
[0;33mW (856) timing: time_TX = 23874407 | time_RX = 41771642 | delta = -17897235 us | count = 4 [0m
[0;33mW (956) timing: time_TX = 23974407 | time_RX = 41872383 | delta = -17897976 us | count = 5 [0m
[0;33mW (1056) timing: time_TX = 24074403 | time_RX = 41972438 | delta = -17898035 us | count = 6 [0m
[0;33mW (1156) timing: time_TX = 24174411 | time_RX = 42071674 | delta = -17897263 us | count = 7 [0m
[0;33mW (1256) timing: time_TX = 24274407 | time_RX = 42171647 | delta = -17897240 us | count = 8 [0m
[0;33mW (1356) timing: time_TX = 24374411 | time_RX = 42271879 | delta = -17897468 us | count = 9 [0m
[0;33mW (1456) neighbor detection: last broadcast sent[0m
[0;33mW (3456) timing: correct time offset of: -17897466 us[0m
I (3456) ESPNOW: espnow [version: 1.0] deinit
E (3456) wifi:NAN WiFi stop
I (3456) wifi:flush txq
I (3456) wifi:stop sw txq
I (3456) wifi:lmac stop hw txq
I (3466) wifi:Deinit lldesc rx mblock:10
ets Jun  8 2016 00:22:57

rst:0x5 (DEEPSLEEP_RESET),boot:0x13 (SPI_FAST_FLASH_BOOT)
configsip: 0, SPIWP:0xee
clk_drv:0x00,q_drv:0x00,d_drv:0x00,cs0_drv:0x00,hd_drv:0x00,wp_drv:0x00
mode:DIO, clock div:2
load:0x3fff0030,len:7280
load:0x40078000,len:15892
ho 0 tail 12 room 4
load:0x40080400,len:4
load:0x40080404,len:3880
entry 0x4008064c
[0;32mI (31) boot: ESP-IDF v5.1.1 2nd stage bootloader[0m
[0;32mI (31) boot: compile time Oct 30 2023 14:20:37[0m
[0;32mI (31) boot: Multicore bootloader[0m
[0;32mI (35) boot: chip revision: v1.0[0m
[0;32mI (39) boot.esp32: SPI Speed      : 40MHz[0m
[0;32mI (44) boot.esp32: SPI Mode       : DIO[0m
[0;32mI (48) boot.esp32: SPI Flash Size : 4MB[0m
[0;32mI (53) boot: Enabling RNG early entropy source...[0m
[0;32mI (58) esp_image: segment 0: paddr=00010020 vaddr=3f400020 size=20170h (131440) map[0m
[0;32mI (67) esp_image: segment 1: paddr=00030198 vaddr=3ff80063 size=00008h (     8) [0m
[0;32mI (75) esp_image: segment 2: paddr=000301a8 vaddr=3ffb0000 size=03760h ( 14176) load[0m
[0;32mI (85) esp_image: segment 3: paddr=00033910 vaddr=40080000 size=0c708h ( 50952) load[0m
[0;32mI (100) esp_image: segment 4: paddr=00040020 vaddr=400d0020 size=7cebch (511676) map[0m
[0;32mI (100) esp_image: segment 5: paddr=000bcee4 vaddr=4008c708 size=0a03ch ( 41020) load[0m
[0;32mI (115) esp_image: segment 6: paddr=000c6f28 vaddr=400c0000 size=00064h (   100) [0m
[0;32mI (117) boot: Fast booting app from partition at offset 0x10000[0m
[0;32mI (123) boot: Disabling RNG early entropy source...[0m
[0;32mI (140) cpu_start: Multicore app[0m
[0;32mI (140) cpu_start: Pro cpu up.[0m
[0;32mI (140) cpu_start: Starting app cpu, entry point is 0x40081504[0m
[0;32mI (0) cpu_start: App cpu up.[0m
[0;32mI (158) cpu_start: Pro cpu start user code[0m
[0;32mI (158) cpu_start: cpu freq: 160000000 Hz[0m
[0;32mI (158) cpu_start: Application information:[0m
[0;32mI (163) cpu_start: Project name:     espnow_example[0m
[0;32mI (169) cpu_start: App version:      1[0m
[0;32mI (173) cpu_start: Compile time:     Oct 30 2023 21:24:43[0m
[0;32mI (179) cpu_start: ELF file SHA256:  dcb5060aae8088f6...[0m
[0;32mI (185) cpu_start: ESP-IDF:          v5.1.1[0m
[0;32mI (190) cpu_start: Min chip rev:     v0.0[0m
[0;32mI (195) cpu_start: Max chip rev:     v3.99 [0m
[0;32mI (200) cpu_start: Chip rev:         v1.0[0m
[0;32mI (204) heap_init: Initializing. RAM available for dynamic allocation:[0m
[0;32mI (212) heap_init: At 3FFAE6E0 len 00001920 (6 KiB): DRAM[0m
[0;32mI (218) heap_init: At 3FFB7848 len 000287B8 (161 KiB): DRAM[0m
[0;32mI (224) heap_init: At 3FFE0440 len 00003AE0 (14 KiB): D/IRAM[0m
[0;32mI (230) heap_init: At 3FFE4350 len 0001BCB0 (111 KiB): D/IRAM[0m
[0;32mI (237) heap_init: At 40096744 len 000098BC (38 KiB): IRAM[0m
[0;32mI (244) spi_flash: detected chip: generic[0m
[0;32mI (247) spi_flash: flash io: dio[0m
[0;32mI (252) app_start: Starting scheduler on CPU0[0m
[0;32mI (256) app_start: Starting scheduler on CPU1[0m
[0;32mI (256) main_task: Started on CPU0[0m
[0;32mI (266) main_task: Calling app_main()[0m
I (316) wifi:wifi driver task: 3ffbf470, prio:23, stack:6656, core=0
I (336) wifi:wifi firmware version: ce9244d
I (336) wifi:wifi certification version: v7.0
I (336) wifi:config NVS flash: enabled
I (336) wifi:config nano formating: disabled
I (336) wifi:Init data frame dynamic rx buffer num: 32
I (346) wifi:Init management frame dynamic rx buffer num: 32
I (346) wifi:Init management short buffer num: 32
I (356) wifi:Init dynamic tx buffer num: 32
I (356) wifi:Init static rx buffer size: 1600
I (356) wifi:Init static rx buffer num: 10
I (366) wifi:Init dynamic rx buffer num: 32
[0;32mI (366) wifi_init: rx ba win: 6[0m
[0;32mI (376) wifi_init: tcpip mbox: 32[0m
[0;32mI (376) wifi_init: udp mbox: 6[0m
[0;32mI (376) wifi_init: tcp mbox: 6[0m
[0;32mI (386) wifi_init: tcp tx win: 5744[0m
[0;32mI (386) wifi_init: tcp rx win: 5744[0m
[0;32mI (396) wifi_init: tcp mss: 1440[0m
[0;32mI (396) wifi_init: WiFi IRAM OP enabled[0m
[0;32mI (396) wifi_init: WiFi RX IRAM OP enabled[0m
[0;32mI (406) phy_init: phy_version 4670,719f9f6,Feb 18 2021,17:07:07[0m
I (426) wifi:mode : softAP (7c:9e:bd:65:b2:3d)
I (436) wifi:Total power save buffer number: 16
I (436) wifi:Init max length of beacon: 752/752
I (436) wifi:Init max length of beacon: 752/752
I (436) ESPNOW: espnow [version: 1.0] init
I (436) wifi:Set ps type: 0, coexist: 0

[0;32mI (446) neighbor detection: Starting broadcast discovery of peers[0m
[0;32mI (456) main_task: Returned from app_main()[0m
[0;33mW (556) timing: time_TX = 28153455 | time_RX = 46047709 | delta = -17894254 us | count = 1 [0m
[0;33mW (656) timing: time_TX = 28253444 | time_RX = 46147633 | delta = -17894189 us | count = 2 [0m
[0;33mW (756) timing: time_TX = 28353436 | time_RX = 46247515 | delta = -17894079 us | count = 3 [0m
[0;33mW (856) timing: time_TX = 28453436 | time_RX = 46348854 | delta = -17895418 us | count = 4 [0m
[0;33mW (956) timing: time_TX = 28553436 | time_RX = 46451246 | delta = -17897810 us | count = 5 [0m
[0;33mW (1056) timing: time_TX = 28653428 | time_RX = 46547523 | delta = -17894095 us | count = 6 [0m
[0;33mW (1156) timing: time_TX = 28753440 | time_RX = 46647587 | delta = -17894147 us | count = 7 [0m
[0;33mW (1256) timing: time_TX = 28853436 | time_RX = 46747504 | delta = -17894068 us | count = 8 [0m
[0;33mW (1356) timing: time_TX = 28953440 | time_RX = 46847748 | delta = -17894308 us | count = 9 [0m
[0;33mW (1456) neighbor detection: last broadcast sent[0m
[0;33mW (3456) timing: correct time offset of: -17894707 us[0m
I (3456) ESPNOW: espnow [version: 1.0] deinit
E (3456) wifi:NAN WiFi stop
I (3456) wifi:flush txq
I (3456) wifi:stop sw txq
I (3456) wifi:lmac stop hw txq
I (3466) wifi:Deinit lldesc rx mblock:10
ets Jun  8 2016 00:22:57

rst:0x5 (DEEPSLEEP_RESET),boot:0x13 (SPI_FAST_FLASH_BOOT)
configsip: 0, SPIWP:0xee
clk_drv:0x00,q_drv:0x00,d_drv:0x00,cs0_drv:0x00,hd_drv:0x00,wp_drv:0x00
mode:DIO, clock div:2
load:0x3fff0030,len:7280
load:0x40078000,len:15892
ho 0 tail 12 room 4
load:0x40080400,len:4
load:0x40080404,len:3880
entry 0x4008064c
[0;32mI (31) boot: ESP-IDF v5.1.1 2nd stage bootloader[0m
[0;32mI (31) boot: compile time Oct 30 2023 14:20:37[0m
[0;32mI (31) boot: Multicore bootloader[0m
[0;32mI (35) boot: chip revision: v1.0[0m
[0;32mI (39) boot.esp32: SPI Speed      : 40MHz[0m
[0;32mI (44) boot.esp32: SPI Mode       : DIO[0m
[0;32mI (48) boot.esp32: SPI Flash Size : 4MB[0m
[0;32mI (53) boot: Enabling RNG early entropy source...[0m
[0;32mI (58) esp_image: segment 0: paddr=00010020 vaddr=3f400020 size=20170h (131440) map[0m
[0;32mI (67) esp_image: segment 1: paddr=00030198 vaddr=3ff80063 size=00008h (     8) [0m
[0;32mI (75) esp_image: segment 2: paddr=000301a8 vaddr=3ffb0000 size=03760h ( 14176) load[0m
[0;32mI (85) esp_image: segment 3: paddr=00033910 vaddr=40080000 size=0c708h ( 50952) load[0m
[0;32mI (100) esp_image: segment 4: paddr=00040020 vaddr=400d0020 size=7cebch (511676) map[0m
[0;32mI (100) esp_image: segment 5: paddr=000bcee4 vaddr=4008c708 size=0a03ch ( 41020) load[0m
[0;32mI (115) esp_image: segment 6: paddr=000c6f28 vaddr=400c0000 size=00064h (   100) [0m
[0;32mI (117) boot: Fast booting app from partition at offset 0x10000[0m
[0;32mI (123) boot: Disabling RNG early entropy source...[0m
[0;32mI (140) cpu_start: Multicore app[0m
[0;32mI (140) cpu_start: Pro cpu up.[0m
[0;32mI (140) cpu_start: Starting app cpu, entry point is 0x40081504[0m
[0;32mI (0) cpu_start: App cpu up.[0m
[0;32mI (158) cpu_start: Pro cpu start user code[0m
[0;32mI (158) cpu_start: cpu freq: 160000000 Hz[0m
[0;32mI (158) cpu_start: Application information:[0m
[0;32mI (163) cpu_start: Project name:     espnow_example[0m
[0;32mI (169) cpu_start: App version:      1[0m
[0;32mI (173) cpu_start: Compile time:     Oct 30 2023 21:24:43[0m
[0;32mI (179) cpu_start: ELF file SHA256:  dcb5060aae8088f6...[0m
[0;32mI (185) cpu_start: ESP-IDF:          v5.1.1[0m
[0;32mI (190) cpu_start: Min chip rev:     v0.0[0m
[0;32mI (195) cpu_start: Max chip rev:     v3.99 [0m
[0;32mI (200) cpu_start: Chip rev:         v1.0[0m
[0;32mI (204) heap_init: Initializing. RAM available for dynamic allocation:[0m
[0;32mI (212) heap_init: At 3FFAE6E0 len 00001920 (6 KiB): DRAM[0m
[0;32mI (218) heap_init: At 3FFB7848 len 000287B8 (161 KiB): DRAM[0m
[0;32mI (224) heap_init: At 3FFE0440 len 00003AE0 (14 KiB): D/IRAM[0m
[0;32mI (230) heap_init: At 3FFE4350 len 0001BCB0 (111 KiB): D/IRAM[0m
[0;32mI (237) heap_init: At 40096744 len 000098BC (38 KiB): IRAM[0m
[0;32mI (244) spi_flash: detected chip: generic[0m
[0;32mI (247) spi_flash: flash io: dio[0m
[0;32mI (252) app_start: Starting scheduler on CPU0[0m
[0;32mI (256) app_start: Starting scheduler on CPU1[0m
[0;32mI (256) main_task: Started on CPU0[0m
[0;32mI (266) main_task: Calling app_main()[0m
I (316) wifi:wifi driver task: 3ffbf470, prio:23, stack:6656, core=0
I (336) wifi:wifi firmware version: ce9244d
I (336) wifi:wifi certification version: v7.0
I (336) wifi:config NVS flash: enabled
I (336) wifi:config nano formating: disabled
I (336) wifi:Init data frame dynamic rx buffer num: 32
I (346) wifi:Init management frame dynamic rx buffer num: 32
I (346) wifi:Init management short buffer num: 32
I (356) wifi:Init dynamic tx buffer num: 32
I (356) wifi:Init static rx buffer size: 1600
I (356) wifi:Init static rx buffer num: 10
I (366) wifi:Init dynamic rx buffer num: 32
[0;32mI (366) wifi_init: rx ba win: 6[0m
[0;32mI (376) wifi_init: tcpip mbox: 32[0m
[0;32mI (376) wifi_init: udp mbox: 6[0m
[0;32mI (376) wifi_init: tcp mbox: 6[0m
[0;32mI (386) wifi_init: tcp tx win: 5744[0m
[0;32mI (386) wifi_init: tcp rx win: 5744[0m
[0;32mI (396) wifi_init: tcp mss: 1440[0m
[0;32mI (396) wifi_init: WiFi IRAM OP enabled[0m
[0;32mI (396) wifi_init: WiFi RX IRAM OP enabled[0m
[0;32mI (406) phy_init: phy_version 4670,719f9f6,Feb 18 2021,17:07:07[0m
I (426) wifi:mode : softAP (7c:9e:bd:65:b2:3d)
I (436) wifi:Total power save buffer number: 16
I (436) wifi:Init max length of beacon: 752/752
I (436) wifi:Init max length of beacon: 752/752
I (436) ESPNOW: espnow [version: 1.0] init
I (436) wifi:Set ps type: 0, coexist: 0

[0;32mI (446) neighbor detection: Starting broadcast discovery of peers[0m
[0;32mI (456) main_task: Returned from app_main()[0m
[0;33mW (556) timing: time_TX = 32732563 | time_RX = 50623707 | delta = -17891144 us | count = 1 [0m
[0;33mW (656) timing: time_TX = 32832567 | time_RX = 50723661 | delta = -17891094 us | count = 2 [0m
[0;33mW (756) timing: time_TX = 32932559 | time_RX = 50823541 | delta = -17890982 us | count = 3 [0m
[0;33mW (856) timing: time_TX = 33032559 | time_RX = 50923542 | delta = -17890983 us | count = 4 [0m
[0;33mW (956) timing: time_TX = 33132559 | time_RX = 51024053 | delta = -17891494 us | count = 5 [0m
[0;33mW (1056) timing: time_TX = 33232551 | time_RX = 51123541 | delta = -17890990 us | count = 6 [0m
[0;33mW (1156) timing: time_TX = 33332563 | time_RX = 51223565 | delta = -17891002 us | count = 7 [0m
[0;33mW (1256) timing: time_TX = 33432559 | time_RX = 51323558 | delta = -17890999 us | count = 8 [0m
[0;33mW (1356) timing: time_TX = 33532563 | time_RX = 51423778 | delta = -17891215 us | count = 9 [0m
[0;33mW (1456) neighbor detection: last broadcast sent[0m
[0;33mW (3456) timing: correct time offset of: -17891100 us[0m
I (3456) ESPNOW: espnow [version: 1.0] deinit
E (3456) wifi:NAN WiFi stop
I (3456) wifi:flush txq
I (3456) wifi:stop sw txq
I (3456) wifi:lmac stop hw txq
I (3466) wifi:Deinit lldesc rx mblock:10
ets Jun  8 2016 00:22:57

rst:0x5 (DEEPSLEEP_RESET),boot:0x13 (SPI_FAST_FLASH_BOOT)
configsip: 0, SPIWP:0xee
clk_drv:0x00,q_drv:0x00,d_drv:0x00,cs0_drv:0x00,hd_drv:0x00,wp_drv:0x00
mode:DIO, clock div:2
load:0x3fff0030,len:7280
load:0x40078000,len:15892
ho 0 tail 12 room 4
load:0x40080400,len:4
load:0x40080404,len:3880
entry 0x4008064c
[0;32mI (31) boot: ESP-IDF v5.1.1 2nd stage bootloader[0m
[0;32mI (31) boot: compile time Oct 30 2023 14:20:37[0m
[0;32mI (31) boot: Multicore bootloader[0m
[0;32mI (35) boot: chip revision: v1.0[0m
[0;32mI (39) boot.esp32: SPI Speed      : 40MHz[0m
[0;32mI (44) boot.esp32: SPI Mode       : DIO[0m
[0;32mI (48) boot.esp32: SPI Flash Size : 4MB[0m
[0;32mI (53) boot: Enabling RNG early entropy source...[0m
[0;32mI (58) esp_image: segment 0: paddr=00010020 vaddr=3f400020 size=20170h (131440) map[0m
[0;32mI (67) esp_image: segment 1: paddr=00030198 vaddr=3ff80063 size=00008h (     8) [0m
[0;32mI (75) esp_image: segment 2: paddr=000301a8 vaddr=3ffb0000 size=03760h ( 14176) load[0m
[0;32mI (85) esp_image: segment 3: paddr=00033910 vaddr=40080000 size=0c708h ( 50952) load[0m
[0;32mI (100) esp_image: segment 4: paddr=00040020 vaddr=400d0020 size=7cebch (511676) map[0m
[0;32mI (100) esp_image: segment 5: paddr=000bcee4 vaddr=4008c708 size=0a03ch ( 41020) load[0m
[0;32mI (115) esp_image: segment 6: paddr=000c6f28 vaddr=400c0000 size=00064h (   100) [0m
[0;32mI (117) boot: Fast booting app from partition at offset 0x10000[0m
[0;32mI (123) boot: Disabling RNG early entropy source...[0m
[0;32mI (140) cpu_start: Multicore app[0m
[0;32mI (140) cpu_start: Pro cpu up.[0m
[0;32mI (140) cpu_start: Starting app cpu, entry point is 0x40081504[0m
[0;32mI (0) cpu_start: App cpu up.[0m
[0;32mI (158) cpu_start: Pro cpu start user code[0m
[0;32mI (158) cpu_start: cpu freq: 160000000 Hz[0m
[0;32mI (158) cpu_start: Application information:[0m
[0;32mI (163) cpu_start: Project name:     espnow_example[0m
[0;32mI (169) cpu_start: App version:      1[0m
[0;32mI (173) cpu_start: Compile time:     Oct 30 2023 21:24:43[0m
[0;32mI (179) cpu_start: ELF file SHA256:  dcb5060aae8088f6...[0m
[0;32mI (185) cpu_start: ESP-IDF:          v5.1.1[0m
[0;32mI (190) cpu_start: Min chip rev:     v0.0[0m
[0;32mI (195) cpu_start: Max chip rev:     v3.99 [0m
[0;32mI (200) cpu_start: Chip rev:         v1.0[0m
[0;32mI (204) heap_init: Initializing. RAM available for dynamic allocation:[0m
[0;32mI (212) heap_init: At 3FFAE6E0 len 00001920 (6 KiB): DRAM[0m
[0;32mI (218) heap_init: At 3FFB7848 len 000287B8 (161 KiB): DRAM[0m
[0;32mI (224) heap_init: At 3FFE0440 len 00003AE0 (14 KiB): D/IRAM[0m
[0;32mI (230) heap_init: At 3FFE4350 len 0001BCB0 (111 KiB): D/IRAM[0m
[0;32mI (237) heap_init: At 40096744 len 000098BC (38 KiB): IRAM[0m
[0;32mI (244) spi_flash: detected chip: generic[0m
[0;32mI (247) spi_flash: flash io: dio[0m
[0;32mI (252) app_start: Starting scheduler on CPU0[0m
[0;32mI (256) app_start: Starting scheduler on CPU1[0m
[0;32mI (256) main_task: Started on CPU0[0m
[0;32mI (266) main_task: Calling app_main()[0m
I (316) wifi:wifi driver task: 3ffbf470, prio:23, stack:6656, core=0
I (336) wifi:wifi firmware version: ce9244d
I (336) wifi:wifi certification version: v7.0
I (336) wifi:config NVS flash: enabled
I (336) wifi:config nano formating: disabled
I (336) wifi:Init data frame dynamic rx buffer num: 32
I (346) wifi:Init management frame dynamic rx buffer num: 32
I (346) wifi:Init management short buffer num: 32
I (356) wifi:Init dynamic tx buffer num: 32
I (356) wifi:Init static rx buffer size: 1600
I (356) wifi:Init static rx buffer num: 10
I (366) wifi:Init dynamic rx buffer num: 32
[0;32mI (366) wifi_init: rx ba win: 6[0m
[0;32mI (376) wifi_init: tcpip mbox: 32[0m
[0;32mI (376) wifi_init: udp mbox: 6[0m
[0;32mI (376) wifi_init: tcp mbox: 6[0m
[0;32mI (386) wifi_init: tcp tx win: 5744[0m
[0;32mI (386) wifi_init: tcp rx win: 5744[0m
[0;32mI (396) wifi_init: tcp mss: 1440[0m
[0;32mI (396) wifi_init: WiFi IRAM OP enabled[0m
[0;32mI (396) wifi_init: WiFi RX IRAM OP enabled[0m
[0;32mI (406) phy_init: phy_version 4670,719f9f6,Feb 18 2021,17:07:07[0m
I (426) wifi:mode : softAP (7c:9e:bd:65:b2:3d)
I (436) wifi:Total power save buffer number: 16
I (436) wifi:Init max length of beacon: 752/752
I (436) wifi:Init max length of beacon: 752/752
I (436) ESPNOW: espnow [version: 1.0] init
I (436) wifi:Set ps type: 0, coexist: 0

[0;32mI (446) neighbor detection: Starting broadcast discovery of peers[0m
[0;32mI (456) main_task: Returned from app_main()[0m
[0;33mW (556) timing: time_TX = 37311612 | time_RX = 55199981 | delta = -17888369 us | count = 1 [0m
[0;33mW (656) timing: time_TX = 37411601 | time_RX = 55299895 | delta = -17888294 us | count = 2 [0m
[0;33mW (756) timing: time_TX = 37511593 | time_RX = 55399810 | delta = -17888217 us | count = 3 [0m
[0;33mW (856) timing: time_TX = 37611593 | time_RX = 55499804 | delta = -17888211 us | count = 4 [0m
[0;33mW (956) timing: time_TX = 37711593 | time_RX = 55600822 | delta = -17889229 us | count = 5 [0m
[0;33mW (1056) timing: time_TX = 37811589 | time_RX = 55699785 | delta = -17888196 us | count = 6 [0m
[0;33mW (1156) timing: time_TX = 37911593 | time_RX = 55799791 | delta = -17888198 us | count = 7 [0m
[0;33mW (1256) timing: time_TX = 38011597 | time_RX = 55899824 | delta = -17888227 us | count = 8 [0m
[0;33mW (1356) timing: time_TX = 38111593 | time_RX = 56000037 | delta = -17888444 us | count = 9 [0m
[0;33mW (1456) neighbor detection: last broadcast sent[0m
[0;33mW (3456) timing: correct time offset of: -17888376 us[0m
I (3456) ESPNOW: espnow [version: 1.0] deinit
E (3456) wifi:NAN WiFi stop
I (3456) wifi:flush txq
I (3456) wifi:stop sw txq
I (3456) wifi:lmac stop hw txq
I (3466) wifi:Deinit lldesc rx mblock:10
ets Jun  8 2016 00:22:57

rst:0x5 (DEEPSLEEP_RESET),boot:0x13 (SPI_FAST_FLASH_BOOT)
configsip: 0, SPIWP:0xee
clk_drv:0x00,q_drv:0x00,d_drv:0x00,cs0_drv:0x00,hd_drv:0x00,wp_drv:0x00
mode:DIO, clock div:2
load:0x3fff0030,len:7280
load:0x40078000,len:15892
ho 0 tail 12 room 4
load:0x40080400,len:4
load:0x40080404,len:3880
entry 0x4008064c
[0;32mI (31) boot: ESP-IDF v5.1.1 2nd stage bootloader[0m
[0;32mI (31) boot: compile time Oct 30 2023 14:20:37[0m
[0;32mI (31) boot: Multicore bootloader[0m
[0;32mI (35) boot: chip revision: v1.0[0m
[0;32mI (39) boot.esp32: SPI Speed      : 40MHz[0m
[0;32mI (44) boot.esp32: SPI Mode       : DIO[0m
[0;32mI (48) boot.esp32: SPI Flash Size : 4MB[0m
[0;32mI (53) boot: Enabling RNG early entropy source...[0m
[0;32mI (58) esp_image: segment 0: paddr=00010020 vaddr=3f400020 size=20170h (131440) map[0m
[0;32mI (67) esp_image: segment 1: paddr=00030198 vaddr=3ff80063 size=00008h (     8) [0m
[0;32mI (75) esp_image: segment 2: paddr=000301a8 vaddr=3ffb0000 size=03760h ( 14176) load[0m
[0;32mI (85) esp_image: segment 3: paddr=00033910 vaddr=40080000 size=0c708h ( 50952) load[0m
[0;32mI (100) esp_image: segment 4: paddr=00040020 vaddr=400d0020 size=7cebch (511676) map[0m
[0;32mI (100) esp_image: segment 5: paddr=000bcee4 vaddr=4008c708 size=0a03ch ( 41020) load[0m
[0;32mI (115) esp_image: segment 6: paddr=000c6f28 vaddr=400c0000 size=00064h (   100) [0m
[0;32mI (117) boot: Fast booting app from partition at offset 0x10000[0m
[0;32mI (123) boot: Disabling RNG early entropy source...[0m
[0;32mI (140) cpu_start: Multicore app[0m
[0;32mI (140) cpu_start: Pro cpu up.[0m
[0;32mI (140) cpu_start: Starting app cpu, entry point is 0x40081504[0m
[0;32mI (0) cpu_start: App cpu up.[0m
[0;32mI (158) cpu_start: Pro cpu start user code[0m
[0;32mI (158) cpu_start: cpu freq: 160000000 Hz[0m
[0;32mI (158) cpu_start: Application information:[0m
[0;32mI (163) cpu_start: Project name:     espnow_example[0m
[0;32mI (169) cpu_start: App version:      1[0m
[0;32mI (173) cpu_start: Compile time:     Oct 30 2023 21:24:43[0m
[0;32mI (179) cpu_start: ELF file SHA256:  dcb5060aae8088f6...[0m
[0;32mI (185) cpu_start: ESP-IDF:          v5.1.1[0m
[0;32mI (190) cpu_start: Min chip rev:     v0.0[0m
[0;32mI (195) cpu_start: Max chip rev:     v3.99 [0m
[0;32mI (200) cpu_start: Chip rev:         v1.0[0m
[0;32mI (204) heap_init: Initializing. RAM available for dynamic allocation:[0m
[0;32mI (212) heap_init: At 3FFAE6E0 len 00001920 (6 KiB): DRAM[0m
[0;32mI (218) heap_init: At 3FFB7848 len 000287B8 (161 KiB): DRAM[0m
[0;32mI (224) heap_init: At 3FFE0440 len 00003AE0 (14 KiB): D/IRAM[0m
[0;32mI (230) heap_init: At 3FFE4350 len 0001BCB0 (111 KiB): D/IRAM[0m
[0;32mI (237) heap_init: At 40096744 len 000098BC (38 KiB): IRAM[0m
[0;32mI (244) spi_flash: detected chip: generic[0m
[0;32mI (247) spi_flash: flash io: dio[0m
[0;32mI (252) app_start: Starting scheduler on CPU0[0m
[0;32mI (256) app_start: Starting scheduler on CPU1[0m
[0;32mI (256) main_task: Started on CPU0[0m
[0;32mI (266) main_task: Calling app_main()[0m
I (316) wifi:wifi driver task: 3ffbf470, prio:23, stack:6656, core=0
I (336) wifi:wifi firmware version: ce9244d
I (336) wifi:wifi certification version: v7.0
I (336) wifi:config NVS flash: enabled
I (336) wifi:config nano formating: disabled
I (336) wifi:Init data frame dynamic rx buffer num: 32
I (346) wifi:Init management frame dynamic rx buffer num: 32
I (346) wifi:Init management short buffer num: 32
I (356) wifi:Init dynamic tx buffer num: 32
I (356) wifi:Init static rx buffer size: 1600
I (356) wifi:Init static rx buffer num: 10
I (366) wifi:Init dynamic rx buffer num: 32
[0;32mI (366) wifi_init: rx ba win: 6[0m
[0;32mI (376) wifi_init: tcpip mbox: 32[0m
[0;32mI (376) wifi_init: udp mbox: 6[0m
[0;32mI (376) wifi_init: tcp mbox: 6[0m
[0;32mI (386) wifi_init: tcp tx win: 5744[0m
[0;32mI (386) wifi_init: tcp rx win: 5744[0m
[0;32mI (396) wifi_init: tcp mss: 1440[0m
[0;32mI (396) wifi_init: WiFi IRAM OP enabled[0m
[0;32mI (396) wifi_init: WiFi RX IRAM OP enabled[0m
[0;32mI (406) phy_init: phy_version 4670,719f9f6,Feb 18 2021,17:07:07[0m
I (426) wifi:mode : softAP (7c:9e:bd:65:b2:3d)
I (436) wifi:Total power save buffer number: 16
I (436) wifi:Init max length of beacon: 752/752
I (436) wifi:Init max length of beacon: 752/752
I (436) ESPNOW: espnow [version: 1.0] init
I (436) wifi:Set ps type: 0, coexist: 0

[0;32mI (446) neighbor detection: Starting broadcast discovery of peers[0m
[0;32mI (456) main_task: Returned from app_main()[0m
[0;33mW (556) timing: time_TX = 41890652 | time_RX = 59776579 | delta = -17885927 us | count = 1 [0m
[0;33mW (656) timing: time_TX = 41990641 | time_RX = 59877961 | delta = -17887320 us | count = 2 [0m
[0;33mW (756) timing: time_TX = 42090633 | time_RX = 59976377 | delta = -17885744 us | count = 3 [0m
[0;33mW (856) timing: time_TX = 42190633 | time_RX = 60076406 | delta = -17885773 us | count = 4 [0m
[0;33mW (956) timing: time_TX = 42290633 | time_RX = 60176996 | delta = -17886363 us | count = 5 [0m
[0;33mW (1056) timing: time_TX = 42390629 | time_RX = 60276400 | delta = -17885771 us | count = 6 [0m
[0;33mW (1156) timing: time_TX = 42490637 | time_RX = 60376412 | delta = -17885775 us | count = 7 [0m
[0;33mW (1256) timing: time_TX = 42590633 | time_RX = 60476413 | delta = -17885780 us | count = 8 [0m
[0;33mW (1356) timing: time_TX = 42690637 | time_RX = 60577348 | delta = -17886711 us | count = 9 [0m
[0;33mW (1456) neighbor detection: last broadcast sent[0m
ets Jun  8 2016 00:22:57

rst:0x1 (POWERON_RESET),boot:0x13 (SPI_FAST_FLASH_BOOT)
configsip: 0, SPIWP:0xee
clk_drv:0x00,q_drv:0x00,d_drv:0x00,cs0_drv:0x00,hd_drv:0x00,wp_drv:0x00
mode:DIO, clock div:2
load:0x3fff0030,len:7280
load:0x40078000,len:15892
ho 0 tail 12 room 4
load:0x40080400,len:4
load:0x40080404,len:3880
entry 0x4008064c
[0;32mI (30) boot: ESP-IDF v5.1.1 2nd stage bootloader[0m
[0;32mI (30) boot: compile time Oct 30 2023 14:20:37[0m
[0;32mI (30) boot: Multicore bootloader[0m
[0;32mI (35) boot: chip revision: v1.0[0m
[0;32mI (38) boot.esp32: SPI Speed      : 40MHz[0m
[0;32mI (43) boot.esp32: SPI Mode       : DIO[0m
[0;32mI (47) boot.esp32: SPI Flash Size : 4MB[0m
[0;32mI (52) boot: Enabling RNG early entropy source...[0m
[0;32mI (57) boot: Partition Table:[0m
[0;32mI (61) boot: ## Label            Usage          Type ST Offset   Length[0m
[0;32mI (68) boot:  0 nvs              WiFi data        01 02 00009000 00006000[0m
[0;32mI (76) boot:  1 phy_init         RF data          01 01 0000f000 00001000[0m
[0;32mI (83) boot:  2 factory          factory app      00 00 00010000 00100000[0m
[0;32mI (91) boot: End of partition table[0m
[0;32mI (95) esp_image: segment 0: paddr=00010020 vaddr=3f400020 size=20170h (131440) map[0m
[0;32mI (151) esp_image: segment 1: paddr=00030198 vaddr=3ff80063 size=00008h (     8) load[0m
[0;32mI (151) esp_image: segment 2: paddr=000301a8 vaddr=3ffb0000 size=03760h ( 14176) load[0m
[0;32mI (162) esp_image: segment 3: paddr=00033910 vaddr=40080000 size=0c708h ( 50952) load[0m
[0;32mI (186) esp_image: segment 4: paddr=00040020 vaddr=400d0020 size=7cebch (511676) map[0m
[0;32mI (371) esp_image: segment 5: paddr=000bcee4 vaddr=4008c708 size=0a03ch ( 41020) load[0m
[0;32mI (389) esp_image: segment 6: paddr=000c6f28 vaddr=400c0000 size=00064h (   100) load[0m
[0;32mI (400) boot: Loaded app from partition at offset 0x10000[0m
[0;32mI (400) boot: Disabling RNG early entropy source...[0m
[0;32mI (412) cpu_start: Multicore app[0m
[0;32mI (412) cpu_start: Pro cpu up.[0m
[0;32mI (412) cpu_start: Starting app cpu, entry point is 0x40081504[0m
[0;32mI (0) cpu_start: App cpu up.[0m
[0;32mI (430) cpu_start: Pro cpu start user code[0m
[0;32mI (430) cpu_start: cpu freq: 160000000 Hz[0m
[0;32mI (430) cpu_start: Application information:[0m
[0;32mI (435) cpu_start: Project name:     espnow_example[0m
[0;32mI (440) cpu_start: App version:      1[0m
[0;32mI (445) cpu_start: Compile time:     Oct 30 2023 21:24:43[0m
[0;32mI (451) cpu_start: ELF file SHA256:  dcb5060aae8088f6...[0m
[0;32mI (457) cpu_start: ESP-IDF:          v5.1.1[0m
[0;32mI (462) cpu_start: Min chip rev:     v0.0[0m
[0;32mI (466) cpu_start: Max chip rev:     v3.99 [0m
[0;32mI (471) cpu_start: Chip rev:         v1.0[0m
[0;32mI (476) heap_init: Initializing. RAM available for dynamic allocation:[0m
[0;32mI (483) heap_init: At 3FFAE6E0 len 00001920 (6 KiB): DRAM[0m
[0;32mI (489) heap_init: At 3FFB7848 len 000287B8 (161 KiB): DRAM[0m
[0;32mI (496) heap_init: At 3FFE0440 len 00003AE0 (14 KiB): D/IRAM[0m
[0;32mI (502) heap_init: At 3FFE4350 len 0001BCB0 (111 KiB): D/IRAM[0m
[0;32mI (508) heap_init: At 40096744 len 000098BC (38 KiB): IRAM[0m
[0;32mI (516) spi_flash: detected chip: generic[0m
[0;32mI (519) spi_flash: flash io: dio[0m
[0;32mI (524) app_start: Starting scheduler on CPU0[0m
[0;32mI (528) app_start: Starting scheduler on CPU1[0m
[0;32mI (528) main_task: Started on CPU0[0m
[0;32mI (538) main_task: Calling app_main()[0m
[0;31mE (538) neighbor detection: Reset not triggert by deepsleep wakeup!!![0m
I (588) wifi:wifi driver task: 3ffbf520, prio:23, stack:6656, core=0
I (608) wifi:wifi firmware version: ce9244d
I (608) wifi:wifi certification version: v7.0
I (608) wifi:config NVS flash: enabled
I (608) wifi:config nano formating: disabled
I (608) wifi:Init data frame dynamic rx buffer num: 32
I (618) wifi:Init management frame dynamic rx buffer num: 32
I (618) wifi:Init management short buffer num: 32
I (628) wifi:Init dynamic tx buffer num: 32
I (628) wifi:Init static rx buffer size: 1600
I (628) wifi:Init static rx buffer num: 10
I (638) wifi:Init dynamic rx buffer num: 32
[0;32mI (638) wifi_init: rx ba win: 6[0m
[0;32mI (648) wifi_init: tcpip mbox: 32[0m
[0;32mI (648) wifi_init: udp mbox: 6[0m
[0;32mI (648) wifi_init: tcp mbox: 6[0m
[0;32mI (658) wifi_init: tcp tx win: 5744[0m
[0;32mI (658) wifi_init: tcp rx win: 5744[0m
[0;32mI (668) wifi_init: tcp mss: 1440[0m
[0;32mI (668) wifi_init: WiFi IRAM OP enabled[0m
[0;32mI (668) wifi_init: WiFi RX IRAM OP enabled[0m
[0;32mI (678) phy_init: phy_version 4670,719f9f6,Feb 18 2021,17:07:07[0m
I (788) wifi:mode : softAP (7c:9e:bd:65:b2:3d)
I (798) wifi:Total power save buffer number: 16
I (798) wifi:Init max length of beacon: 752/752
I (798) wifi:Init max length of beacon: 752/752
I (798) ESPNOW: espnow [version: 1.0] init
I (798) wifi:Set ps type: 0, coexist: 0

[0;32mI (808) neighbor detection: Starting broadcast discovery of peers[0m
[0;32mI (808) main_task: Returned from app_main()[0m
[0;33mW (918) timing: time_TX = 257403 | time_RX = 364515 | delta = -107112 us | count = 1 [0m
[0;33mW (1018) timing: time_TX = 369422 | time_RX = 463487 | delta = -94065 us | count = 2 [0m
[0;33mW (1118) timing: time_TX = 469411 | time_RX = 563522 | delta = -94111 us | count = 3 [0m
[0;33mW (1218) timing: time_TX = 569402 | time_RX = 663396 | delta = -93994 us | count = 4 [0m
[0;33mW (1318) timing: time_TX = 669403 | time_RX = 763434 | delta = -94031 us | count = 5 [0m
[0;33mW (1418) timing: time_TX = 769402 | time_RX = 863436 | delta = -94034 us | count = 6 [0m
[0;33mW (1518) timing: time_TX = 869403 | time_RX = 963453 | delta = -94050 us | count = 7 [0m
[0;33mW (1618) timing: time_TX = 969449 | time_RX = 1063535 | delta = -94086 us | count = 8 [0m
[0;33mW (1718) timing: time_TX = 1069894 | time_RX = 1165619 | delta = -95725 us | count = 9 [0m
[0;33mW (1818) neighbor detection: last broadcast sent[0m
[0;33mW (1818) timing: time_TX = 1169399 | time_RX = 1263431 | delta = -94032 us | count = 10 [0m
[0;33mW (3818) timing: correct time offset of: -95524 us[0m
I (3818) ESPNOW: espnow [version: 1.0] deinit
E (3818) wifi:NAN WiFi stop
I (3818) wifi:flush txq
I (3818) wifi:stop sw txq
I (3818) wifi:lmac stop hw txq
I (3828) wifi:Deinit lldesc rx mblock:10
ets Jun  8 2016 00:22:57

rst:0x5 (DEEPSLEEP_RESET),boot:0x13 (SPI_FAST_FLASH_BOOT)
configsip: 0, SPIWP:0xee
clk_drv:0x00,q_drv:0x00,d_drv:0x00,cs0_drv:0x00,hd_drv:0x00,wp_drv:0x00
mode:DIO, clock div:2
load:0x3fff0030,len:7280
load:0x40078000,len:15892
ho 0 tail 12 room 4
load:0x40080400,len:4
load:0x40080404,len:3880
entry 0x4008064c
[0;32mI (31) boot: ESP-IDF v5.1.1 2nd stage bootloader[0m
[0;32mI (31) boot: compile time Oct 30 2023 14:20:37[0m
[0;32mI (31) boot: Multicore bootloader[0m
[0;32mI (35) boot: chip revision: v1.0[0m
[0;32mI (39) boot.esp32: SPI Speed      : 40MHz[0m
[0;32mI (44) boot.esp32: SPI Mode       : DIO[0m
[0;32mI (48) boot.esp32: SPI Flash Size : 4MB[0m
[0;32mI (53) boot: Enabling RNG early entropy source...[0m
[0;32mI (58) esp_image: segment 0: paddr=00010020 vaddr=3f400020 size=20170h (131440) map[0m
[0;32mI (67) esp_image: segment 1: paddr=00030198 vaddr=3ff80063 size=00008h (     8) [0m
[0;32mI (75) esp_image: segment 2: paddr=000301a8 vaddr=3ffb0000 size=03760h ( 14176) load[0m
[0;32mI (85) esp_image: segment 3: paddr=00033910 vaddr=40080000 size=0c708h ( 50952) load[0m
[0;32mI (100) esp_image: segment 4: paddr=00040020 vaddr=400d0020 size=7cebch (511676) map[0m
[0;32mI (100) esp_image: segment 5: paddr=000bcee4 vaddr=4008c708 size=0a03ch ( 41020) load[0m
[0;32mI (115) esp_image: segment 6: paddr=000c6f28 vaddr=400c0000 size=00064h (   100) [0m
[0;32mI (117) boot: Fast booting app from partition at offset 0x10000[0m
[0;32mI (123) boot: Disabling RNG early entropy source...[0m
[0;32mI (140) cpu_start: Multicore app[0m
[0;32mI (140) cpu_start: Pro cpu up.[0m
[0;32mI (140) cpu_start: Starting app cpu, entry point is 0x40081504[0m
[0;32mI (0) cpu_start: App cpu up.[0m
[0;32mI (158) cpu_start: Pro cpu start user code[0m
[0;32mI (158) cpu_start: cpu freq: 160000000 Hz[0m
[0;32mI (158) cpu_start: Application information:[0m
[0;32mI (163) cpu_start: Project name:     espnow_example[0m
[0;32mI (169) cpu_start: App version:      1[0m
[0;32mI (173) cpu_start: Compile time:     Oct 30 2023 21:24:43[0m
[0;32mI (179) cpu_start: ELF file SHA256:  dcb5060aae8088f6...[0m
[0;32mI (185) cpu_start: ESP-IDF:          v5.1.1[0m
[0;32mI (190) cpu_start: Min chip rev:     v0.0[0m
[0;32mI (195) cpu_start: Max chip rev:     v3.99 [0m
[0;32mI (200) cpu_start: Chip rev:         v1.0[0m
[0;32mI (204) heap_init: Initializing. RAM available for dynamic allocation:[0m
[0;32mI (212) heap_init: At 3FFAE6E0 len 00001920 (6 KiB): DRAM[0m
[0;32mI (218) heap_init: At 3FFB7848 len 000287B8 (161 KiB): DRAM[0m
[0;32mI (224) heap_init: At 3FFE0440 len 00003AE0 (14 KiB): D/IRAM[0m
[0;32mI (230) heap_init: At 3FFE4350 len 0001BCB0 (111 KiB): D/IRAM[0m
[0;32mI (237) heap_init: At 40096744 len 000098BC (38 KiB): IRAM[0m
[0;32mI (244) spi_flash: detected chip: generic[0m
[0;32mI (247) spi_flash: flash io: dio[0m
[0;32mI (252) app_start: Starting scheduler on CPU0[0m
[0;32mI (256) app_start: Starting scheduler on CPU1[0m
[0;32mI (256) main_task: Started on CPU0[0m
[0;32mI (266) main_task: Calling app_main()[0m
I (316) wifi:wifi driver task: 3ffbf470, prio:23, stack:6656, core=0
I (336) wifi:wifi firmware version: ce9244d
I (336) wifi:wifi certification version: v7.0
I (336) wifi:config NVS flash: enabled
I (336) wifi:config nano formating: disabled
I (336) wifi:Init data frame dynamic rx buffer num: 32
I (346) wifi:Init management frame dynamic rx buffer num: 32
I (346) wifi:Init management short buffer num: 32
I (356) wifi:Init dynamic tx buffer num: 32
I (356) wifi:Init static rx buffer size: 1600
I (356) wifi:Init static rx buffer num: 10
I (366) wifi:Init dynamic rx buffer num: 32
[0;32mI (366) wifi_init: rx ba win: 6[0m
[0;32mI (376) wifi_init: tcpip mbox: 32[0m
[0;32mI (376) wifi_init: udp mbox: 6[0m
[0;32mI (376) wifi_init: tcp mbox: 6[0m
[0;32mI (386) wifi_init: tcp tx win: 5744[0m
[0;32mI (386) wifi_init: tcp rx win: 5744[0m
[0;32mI (396) wifi_init: tcp mss: 1440[0m
[0;32mI (396) wifi_init: WiFi IRAM OP enabled[0m
[0;32mI (396) wifi_init: WiFi RX IRAM OP enabled[0m
[0;32mI (406) phy_init: phy_version 4670,719f9f6,Feb 18 2021,17:07:07[0m
I (426) wifi:mode : softAP (7c:9e:bd:65:b2:3d)
I (436) wifi:Total power save buffer number: 16
I (436) wifi:Init max length of beacon: 752/752
I (436) wifi:Init max length of beacon: 752/752
I (436) ESPNOW: espnow [version: 1.0] init
I (436) wifi:Set ps type: 0, coexist: 0

[0;32mI (446) neighbor detection: Starting broadcast discovery of peers[0m
[0;32mI (456) main_task: Returned from app_main()[0m
[0;33mW (556) timing: time_TX = 4842138 | time_RX = 4944988 | delta = -102850 us | count = 1 [0m
[0;33mW (656) timing: time_TX = 4948380 | time_RX = 5040755 | delta = -92375 us | count = 2 [0m
[0;33mW (856) timing: time_TX = 5148360 | time_RX = 5239832 | delta = -91472 us | count = 3 [0m
[0;33mW (956) timing: time_TX = 5248361 | time_RX = 5339879 | delta = -91518 us | count = 4 [0m
[0;33mW (1056) timing: time_TX = 5348361 | time_RX = 5441043 | delta = -92682 us | count = 5 [0m
[0;33mW (1156) timing: time_TX = 5448353 | time_RX = 5539904 | delta = -91551 us | count = 6 [0m
[0;33mW (1256) timing: time_TX = 5548361 | time_RX = 5639878 | delta = -91517 us | count = 7 [0m
[0;33mW (1356) timing: time_TX = 5648365 | time_RX = 5739936 | delta = -91571 us | count = 8 [0m
[0;33mW (1456) neighbor detection: last broadcast sent[0m
[0;33mW (1456) timing: time_TX = 5748368 | time_RX = 5840151 | delta = -91783 us | count = 9 [0m
[0;33mW (3456) timing: correct time offset of: -93035 us[0m
I (3456) ESPNOW: espnow [version: 1.0] deinit
E (3456) wifi:NAN WiFi stop
I (3456) wifi:flush txq
I (3456) wifi:stop sw txq
I (3456) wifi:lmac stop hw txq
I (3466) wifi:Deinit lldesc rx mblock:10
ets Jun  8 2016 00:22:57

rst:0x5 (DEEPSLEEP_RESET),boot:0x13 (SPI_FAST_FLASH_BOOT)
configsip: 0, SPIWP:0xee
clk_drv:0x00,q_drv:0x00,d_drv:0x00,cs0_drv:0x00,hd_drv:0x00,wp_drv:0x00
mode:DIO, clock div:2
load:0x3fff0030,len:7280
load:0x40078000,len:15892
ho 0 tail 12 room 4
load:0x40080400,len:4
load:0x40080404,len:3880
entry 0x4008064c
[0;32mI (31) boot: ESP-IDF v5.1.1 2nd stage bootloader[0m
[0;32mI (31) boot: compile time Oct 30 2023 14:20:37[0m
[0;32mI (31) boot: Multicore bootloader[0m
[0;32mI (35) boot: chip revision: v1.0[0m
[0;32mI (39) boot.esp32: SPI Speed      : 40MHz[0m
[0;32mI (44) boot.esp32: SPI Mode       : DIO[0m
[0;32mI (48) boot.esp32: SPI Flash Size : 4MB[0m
[0;32mI (53) boot: Enabling RNG early entropy source...[0m
[0;32mI (58) esp_image: segment 0: paddr=00010020 vaddr=3f400020 size=20170h (131440) map[0m
[0;32mI (67) esp_image: segment 1: paddr=00030198 vaddr=3ff80063 size=00008h (     8) [0m
[0;32mI (75) esp_image: segment 2: paddr=000301a8 vaddr=3ffb0000 size=03760h ( 14176) load[0m
[0;32mI (85) esp_image: segment 3: paddr=00033910 vaddr=40080000 size=0c708h ( 50952) load[0m
[0;32mI (100) esp_image: segment 4: paddr=00040020 vaddr=400d0020 size=7cebch (511676) map[0m
[0;32mI (100) esp_image: segment 5: paddr=000bcee4 vaddr=4008c708 size=0a03ch ( 41020) load[0m
[0;32mI (115) esp_image: segment 6: paddr=000c6f28 vaddr=400c0000 size=00064h (   100) [0m
[0;32mI (117) boot: Fast booting app from partition at offset 0x10000[0m
[0;32mI (123) boot: Disabling RNG early entropy source...[0m
[0;32mI (140) cpu_start: Multicore app[0m
[0;32mI (140) cpu_start: Pro cpu up.[0m
[0;32mI (140) cpu_start: Starting app cpu, entry point is 0x40081504[0m
[0;32mI (0) cpu_start: App cpu up.[0m
[0;32mI (158) cpu_start: Pro cpu start user code[0m
[0;32mI (158) cpu_start: cpu freq: 160000000 Hz[0m
[0;32mI (158) cpu_start: Application information:[0m
[0;32mI (163) cpu_start: Project name:     espnow_example[0m
[0;32mI (169) cpu_start: App version:      1[0m
[0;32mI (173) cpu_start: Compile time:     Oct 30 2023 21:24:43[0m
[0;32mI (179) cpu_start: ELF file SHA256:  dcb5060aae8088f6...[0m
[0;32mI (185) cpu_start: ESP-IDF:          v5.1.1[0m
[0;32mI (190) cpu_start: Min chip rev:     v0.0[0m
[0;32mI (195) cpu_start: Max chip rev:     v3.99 [0m
[0;32mI (200) cpu_start: Chip rev:         v1.0[0m
[0;32mI (204) heap_init: Initializing. RAM available for dynamic allocation:[0m
[0;32mI (212) heap_init: At 3FFAE6E0 len 00001920 (6 KiB): DRAM[0m
[0;32mI (218) heap_init: At 3FFB7848 len 000287B8 (161 KiB): DRAM[0m
[0;32mI (224) heap_init: At 3FFE0440 len 00003AE0 (14 KiB): D/IRAM[0m
[0;32mI (230) heap_init: At 3FFE4350 len 0001BCB0 (111 KiB): D/IRAM[0m
[0;32mI (237) heap_init: At 40096744 len 000098BC (38 KiB): IRAM[0m
[0;32mI (244) spi_flash: detected chip: generic[0m
[0;32mI (247) spi_flash: flash io: dio[0m
[0;32mI (252) app_start: Starting scheduler on CPU0[0m
[0;32mI (256) app_start: Starting scheduler on CPU1[0m
[0;32mI (256) main_task: Started on CPU0[0m
[0;32mI (266) main_task: Calling app_main()[0m
I (316) wifi:wifi driver task: 3ffbf470, prio:23, stack:6656, core=0
I (336) wifi:wifi firmware version: ce9244d
I (336) wifi:wifi certification version: v7.0
I (336) wifi:config NVS flash: enabled
I (336) wifi:config nano formating: disabled
I (336) wifi:Init data frame dynamic rx buffer num: 32
I (346) wifi:Init management frame dynamic rx buffer num: 32
I (346) wifi:Init management short buffer num: 32
I (356) wifi:Init dynamic tx buffer num: 32
I (356) wifi:Init static rx buffer size: 1600
I (356) wifi:Init static rx buffer num: 10
I (366) wifi:Init dynamic rx buffer num: 32
[0;32mI (366) wifi_init: rx ba win: 6[0m
[0;32mI (376) wifi_init: tcpip mbox: 32[0m
[0;32mI (376) wifi_init: udp mbox: 6[0m
[0;32mI (376) wifi_init: tcp mbox: 6[0m
[0;32mI (386) wifi_init: tcp tx win: 5744[0m
[0;32mI (386) wifi_init: tcp rx win: 5744[0m
[0;32mI (396) wifi_init: tcp mss: 1440[0m
[0;32mI (396) wifi_init: WiFi IRAM OP enabled[0m
[0;32mI (396) wifi_init: WiFi RX IRAM OP enabled[0m
[0;32mI (406) phy_init: phy_version 4670,719f9f6,Feb 18 2021,17:07:07[0m
I (426) wifi:mode : softAP (7c:9e:bd:65:b2:3d)
I (436) wifi:Total power save buffer number: 16
I (436) wifi:Init max length of beacon: 752/752
I (436) wifi:Init max length of beacon: 752/752
I (436) ESPNOW: espnow [version: 1.0] init
I (436) wifi:Set ps type: 0, coexist: 0

[0;32mI (446) neighbor detection: Starting broadcast discovery of peers[0m
[0;32mI (456) main_task: Returned from app_main()[0m
[0;33mW (556) timing: time_TX = 9421264 | time_RX = 9521003 | delta = -99739 us | count = 1 [0m
[0;33mW (656) timing: time_TX = 9527506 | time_RX = 9615918 | delta = -88412 us | count = 2 [0m
[0;33mW (756) timing: time_TX = 9627495 | time_RX = 9716708 | delta = -89213 us | count = 3 [0m
[0;33mW (856) timing: time_TX = 9727487 | time_RX = 9815937 | delta = -88450 us | count = 4 [0m
[0;33mW (956) timing: time_TX = 9827487 | time_RX = 9915957 | delta = -88470 us | count = 5 [0m
